
> interior-design-project@0.0.0 build
> next build

node.exe : Warning: Custom Cache-Control headers detected for the following routes:
At C:\Program Files\nodejs\npm.ps1:29 char:3
+   & $NODE_EXE $NPM_CLI_JS $args
+   ~~~~~~~~~~~~~~~~~~~~~~~~~~~~~
    + CategoryInfo          : NotSpecified: (Warning: Custom...llowing routes:    :String) [], RemoteException
    + FullyQualifiedErrorId : NativeCommandError
 
  - /_next/static/:path*

Setting a custom Cache-Control header can break Next.js development behavior.
Γû▓ Next.js 16.2.7 (Turbopack)
- Environments: .env.local
- Experiments (use with caution):
  ┬╖ optimizePackageImports
  ┬╖ serverActions

  Creating an optimized production build ...
Turbopack build encountered 1 warnings:
./next.config.ts
Encountered unexpected file in NFT list
A file was traced that indicates that the whole project was traced unintentionally. Somewhere in the import trace below, there are:
- filesystem operations (like path.join, path.resolve or fs.readFile), or
- very dynamic requires (like require('./' + foo)).
To resolve this, you can
- remove them if possible, or
- only use them in development, or
- make sure they are statically scoped to some subfolder: path.join(process.cwd(), 'data', bar), or
- add ignore comments: path.join(/*turbopackIgnore: true*/ process.cwd(), bar)

Import trace:
  App Route:
    ./next.config.ts
    ./src/lib/blog-data.ts
    ./src/app/api/blog/locale-target/route.ts


Γ£ô Compiled successfully in 12.9s
  Running TypeScript ...
  Finished TypeScript in 14.3s ...
  Collecting page data using 11 workers ...
  Generating static pages using 11 workers (0/61) ...
Error: MISSING_MESSAGE: Contact.methodFormValue (fr)
    at m (C:\Users\pc\Desktop\claudeproject\studio-manager\.next\server\chunks\ssr\[root-of-the-server]__11ny1qk._.js:1:8226) {
  code: 'MISSING_MESSAGE',
  originalMessage: 'Contact.methodFormValue (fr)'
}
Error: MISSING_MESSAGE: ProductMockup (fr)
    at <unknown> (C:\Users\pc\Desktop\claudeproject\studio-manager\.next\server\chunks\ssr\_0tgc1f4._.js:1:4479)
    at <unknown> (C:\Users\pc\Desktop\claudeproject\studio-manager\.next\server\chunks\ssr\_1ebbxzc._.js:1:36037) {
  code: 'MISSING_MESSAGE',
  originalMessage: 'ProductMockup (fr)'
}
Error: MISSING_MESSAGE: ProductMockup (fr)
    at <unknown> (C:\Users\pc\Desktop\claudeproject\studio-manager\.next\server\chunks\ssr\_0tgc1f4._.js:1:4479)
    at <unknown> (C:\Users\pc\Desktop\claudeproject\studio-manager\.next\server\chunks\ssr\_1ebbxzc._.js:1:36037) {
  code: 'MISSING_MESSAGE',
  originalMessage: 'ProductMockup (fr)'
}
Error: MISSING_MESSAGE: ProductMockup (fr)
    at <unknown> (C:\Users\pc\Desktop\claudeproject\studio-manager\.next\server\chunks\ssr\_0tgc1f4._.js:1:4479)
    at <unknown> (C:\Users\pc\Desktop\claudeproject\studio-manager\.next\server\chunks\ssr\_1ebbxzc._.js:1:36037) {
  code: 'MISSING_MESSAGE',
  originalMessage: 'ProductMockup (fr)'
}
Error: MISSING_MESSAGE: ProductMockup (fr)
    at <unknown> (C:\Users\pc\Desktop\claudeproject\studio-manager\.next\server\chunks\ssr\_0tgc1f4._.js:1:4479)
    at <unknown> (C:\Users\pc\Desktop\claudeproject\studio-manager\.next\server\chunks\ssr\_1ebbxzc._.js:1:36037) {
  code: 'MISSING_MESSAGE',
  originalMessage: 'ProductMockup (fr)'
}
Error: MISSING_MESSAGE: ProductMockup (fr)
    at <unknown> (C:\Users\pc\Desktop\claudeproject\studio-manager\.next\server\chunks\ssr\_0tgc1f4._.js:1:4479)
    at <unknown> (C:\Users\pc\Desktop\claudeproject\studio-manager\.next\server\chunks\ssr\_1ebbxzc._.js:1:36037) {
  code: 'MISSING_MESSAGE',
  originalMessage: 'ProductMockup (fr)'
}
Error: MISSING_MESSAGE: ProductMockup (fr)
    at <unknown> (C:\Users\pc\Desktop\claudeproject\studio-manager\.next\server\chunks\ssr\_0tgc1f4._.js:1:4479)
    at <unknown> (C:\Users\pc\Desktop\claudeproject\studio-manager\.next\server\chunks\ssr\_1ebbxzc._.js:1:36037) {
  code: 'MISSING_MESSAGE',
  originalMessage: 'ProductMockup (fr)'
}
Error: MISSING_MESSAGE: ProductMockup (fr)
    at <unknown> (C:\Users\pc\Desktop\claudeproject\studio-manager\.next\server\chunks\ssr\_0tgc1f4._.js:1:4479)
    at <unknown> (C:\Users\pc\Desktop\claudeproject\studio-manager\.next\server\chunks\ssr\_1ebbxzc._.js:1:36037) {
  code: 'MISSING_MESSAGE',
  originalMessage: 'ProductMockup (fr)'
}
Error: MISSING_MESSAGE: ProductMockup (fr)
    at <unknown> (C:\Users\pc\Desktop\claudeproject\studio-manager\.next\server\chunks\ssr\_0tgc1f4._.js:1:4479)
    at <unknown> (C:\Users\pc\Desktop\claudeproject\studio-manager\.next\server\chunks\ssr\_1ebbxzc._.js:1:36037) {
  code: 'MISSING_MESSAGE',
  originalMessage: 'ProductMockup (fr)'
}
Error: MISSING_MESSAGE: ProductMockup (fr)
    at <unknown> (C:\Users\pc\Desktop\claudeproject\studio-manager\.next\server\chunks\ssr\_0tgc1f4._.js:1:4479)
    at <unknown> (C:\Users\pc\Desktop\claudeproject\studio-manager\.next\server\chunks\ssr\_1ebbxzc._.js:1:36037) {
  code: 'MISSING_MESSAGE',
  originalMessage: 'ProductMockup (fr)'
}
Error: MISSING_MESSAGE: ProductMockup (fr)
    at <unknown> (C:\Users\pc\Desktop\claudeproject\studio-manager\.next\server\chunks\ssr\_0tgc1f4._.js:1:4479)
    at <unknown> (C:\Users\pc\Desktop\claudeproject\studio-manager\.next\server\chunks\ssr\_1ebbxzc._.js:1:36037) {
  code: 'MISSING_MESSAGE',
  originalMessage: 'ProductMockup (fr)'
}
Error: MISSING_MESSAGE: ProductMockup (fr)
    at <unknown> (C:\Users\pc\Desktop\claudeproject\studio-manager\.next\server\chunks\ssr\_0tgc1f4._.js:1:4479)
    at <unknown> (C:\Users\pc\Desktop\claudeproject\studio-manager\.next\server\chunks\ssr\_1ebbxzc._.js:1:36037) {
  code: 'MISSING_MESSAGE',
  originalMessage: 'ProductMockup (fr)'
}
Error: MISSING_MESSAGE: ProductMockup (fr)
    at <unknown> (C:\Users\pc\Desktop\claudeproject\studio-manager\.next\server\chunks\ssr\_0tgc1f4._.js:1:4479)
    at <unknown> (C:\Users\pc\Desktop\claudeproject\studio-manager\.next\server\chunks\ssr\_1ebbxzc._.js:1:36037) {
  code: 'MISSING_MESSAGE',
  originalMessage: 'ProductMockup (fr)'
}
Error: MISSING_MESSAGE: ProductMockup (fr)
    at <unknown> (C:\Users\pc\Desktop\claudeproject\studio-manager\.next\server\chunks\ssr\_0tgc1f4._.js:1:4479)
    at <unknown> (C:\Users\pc\Desktop\claudeproject\studio-manager\.next\server\chunks\ssr\_1ebbxzc._.js:1:36037) {
  code: 'MISSING_MESSAGE',
  originalMessage: 'ProductMockup (fr)'
}
Error: MISSING_MESSAGE: ProductMockup (fr)
    at <unknown> (C:\Users\pc\Desktop\claudeproject\studio-manager\.next\server\chunks\ssr\_0tgc1f4._.js:1:4479)
    at <unknown> (C:\Users\pc\Desktop\claudeproject\studio-manager\.next\server\chunks\ssr\_1ebbxzc._.js:1:36037) {
  code: 'MISSING_MESSAGE',
  originalMessage: 'ProductMockup (fr)'
}
Error: MISSING_MESSAGE: ProductMockup (fr)
    at <unknown> (C:\Users\pc\Desktop\claudeproject\studio-manager\.next\server\chunks\ssr\_0tgc1f4._.js:1:4479)
    at <unknown> (C:\Users\pc\Desktop\claudeproject\studio-manager\.next\server\chunks\ssr\_1ebbxzc._.js:1:36037) {
  code: 'MISSING_MESSAGE',
  originalMessage: 'ProductMockup (fr)'
}
Error: MISSING_MESSAGE: ProductMockup (fr)
    at <unknown> (C:\Users\pc\Desktop\claudeproject\studio-manager\.next\server\chunks\ssr\_0tgc1f4._.js:1:4479)
    at <unknown> (C:\Users\pc\Desktop\claudeproject\studio-manager\.next\server\chunks\ssr\_1ebbxzc._.js:1:36037) {
  code: 'MISSING_MESSAGE',
  originalMessage: 'ProductMockup (fr)'
}
Error: MISSING_MESSAGE: ProductMockup (fr)
    at <unknown> (C:\Users\pc\Desktop\claudeproject\studio-manager\.next\server\chunks\ssr\_0tgc1f4._.js:1:4479)
    at <unknown> (C:\Users\pc\Desktop\claudeproject\studio-manager\.next\server\chunks\ssr\_1ebbxzc._.js:1:36037) {
  code: 'MISSING_MESSAGE',
  originalMessage: 'ProductMockup (fr)'
}
Error: MISSING_MESSAGE: ProductMockup (fr)
    at <unknown> (C:\Users\pc\Desktop\claudeproject\studio-manager\.next\server\chunks\ssr\_0tgc1f4._.js:1:4479)
    at <unknown> (C:\Users\pc\Desktop\claudeproject\studio-manager\.next\server\chunks\ssr\_1ebbxzc._.js:1:36037) {
  code: 'MISSING_MESSAGE',
  originalMessage: 'ProductMockup (fr)'
}
Error: MISSING_MESSAGE: ProductMockup (fr)
    at <unknown> (C:\Users\pc\Desktop\claudeproject\studio-manager\.next\server\chunks\ssr\_0tgc1f4._.js:1:4479)
    at <unknown> (C:\Users\pc\Desktop\claudeproject\studio-manager\.next\server\chunks\ssr\_1ebbxzc._.js:1:36037) {
  code: 'MISSING_MESSAGE',
  originalMessage: 'ProductMockup (fr)'
}
Error: MISSING_MESSAGE: ProductMockup (fr)
    at <unknown> (C:\Users\pc\Desktop\claudeproject\studio-manager\.next\server\chunks\ssr\_0tgc1f4._.js:1:4479)
    at <unknown> (C:\Users\pc\Desktop\claudeproject\studio-manager\.next\server\chunks\ssr\_1ebbxzc._.js:1:36037) {
  code: 'MISSING_MESSAGE',
  originalMessage: 'ProductMockup (fr)'
}
Error: MISSING_MESSAGE: ProductMockup (fr)
    at <unknown> (C:\Users\pc\Desktop\claudeproject\studio-manager\.next\server\chunks\ssr\_0tgc1f4._.js:1:4479)
    at <unknown> (C:\Users\pc\Desktop\claudeproject\studio-manager\.next\server\chunks\ssr\_1ebbxzc._.js:1:36037) {
  code: 'MISSING_MESSAGE',
  originalMessage: 'ProductMockup (fr)'
}
Error: MISSING_MESSAGE: ProductMockup (fr)
    at <unknown> (C:\Users\pc\Desktop\claudeproject\studio-manager\.next\server\chunks\ssr\_0tgc1f4._.js:1:4479)
    at <unknown> (C:\Users\pc\Desktop\claudeproject\studio-manager\.next\server\chunks\ssr\_1ebbxzc._.js:1:36037) {
  code: 'MISSING_MESSAGE',
  originalMessage: 'ProductMockup (fr)'
}
Error: MISSING_MESSAGE: ProductMockup (fr)
    at <unknown> (C:\Users\pc\Desktop\claudeproject\studio-manager\.next\server\chunks\ssr\_0tgc1f4._.js:1:4479)
    at <unknown> (C:\Users\pc\Desktop\claudeproject\studio-manager\.next\server\chunks\ssr\_1ebbxzc._.js:1:36037) {
  code: 'MISSING_MESSAGE',
  originalMessage: 'ProductMockup (fr)'
}
Error: MISSING_MESSAGE: ProductMockup (fr)
    at <unknown> (C:\Users\pc\Desktop\claudeproject\studio-manager\.next\server\chunks\ssr\_0tgc1f4._.js:1:4479)
    at <unknown> (C:\Users\pc\Desktop\claudeproject\studio-manager\.next\server\chunks\ssr\_1ebbxzc._.js:1:36037) {
  code: 'MISSING_MESSAGE',
  originalMessage: 'ProductMockup (fr)'
}
Error: MISSING_MESSAGE: ProductMockup (fr)
    at <unknown> (C:\Users\pc\Desktop\claudeproject\studio-manager\.next\server\chunks\ssr\_0tgc1f4._.js:1:4479)
    at <unknown> (C:\Users\pc\Desktop\claudeproject\studio-manager\.next\server\chunks\ssr\_1ebbxzc._.js:1:36037) {
  code: 'MISSING_MESSAGE',
  originalMessage: 'ProductMockup (fr)'
}
Error: MISSING_MESSAGE: ProductMockup (fr)
    at <unknown> (C:\Users\pc\Desktop\claudeproject\studio-manager\.next\server\chunks\ssr\_0tgc1f4._.js:1:4479)
    at <unknown> (C:\Users\pc\Desktop\claudeproject\studio-manager\.next\server\chunks\ssr\_1ebbxzc._.js:1:36037) {
  code: 'MISSING_MESSAGE',
  originalMessage: 'ProductMockup (fr)'
}
Error: MISSING_MESSAGE: ProductMockup (fr)
    at <unknown> (C:\Users\pc\Desktop\claudeproject\studio-manager\.next\server\chunks\ssr\_0tgc1f4._.js:1:4479)
    at <unknown> (C:\Users\pc\Desktop\claudeproject\studio-manager\.next\server\chunks\ssr\_1ebbxzc._.js:1:36037) {
  code: 'MISSING_MESSAGE',
  originalMessage: 'ProductMockup (fr)'
}
Error: MISSING_MESSAGE: ProductMockup (fr)
    at <unknown> (C:\Users\pc\Desktop\claudeproject\studio-manager\.next\server\chunks\ssr\_0tgc1f4._.js:1:4479)
    at <unknown> (C:\Users\pc\Desktop\claudeproject\studio-manager\.next\server\chunks\ssr\_1ebbxzc._.js:1:36037) {
  code: 'MISSING_MESSAGE',
  originalMessage: 'ProductMockup (fr)'
}
Error: MISSING_MESSAGE: ProductMockup (fr)
    at <unknown> (C:\Users\pc\Desktop\claudeproject\studio-manager\.next\server\chunks\ssr\_0tgc1f4._.js:1:4479)
    at <unknown> (C:\Users\pc\Desktop\claudeproject\studio-manager\.next\server\chunks\ssr\_1ebbxzc._.js:1:36037) {
  code: 'MISSING_MESSAGE',
  originalMessage: 'ProductMockup (fr)'
}
Error: MISSING_MESSAGE: ProductMockup (fr)
    at <unknown> (C:\Users\pc\Desktop\claudeproject\studio-manager\.next\server\chunks\ssr\_0tgc1f4._.js:1:4479)
    at <unknown> (C:\Users\pc\Desktop\claudeproject\studio-manager\.next\server\chunks\ssr\_1ebbxzc._.js:1:36037) {
  code: 'MISSING_MESSAGE',
  originalMessage: 'ProductMockup (fr)'
}
Error: MISSING_MESSAGE: ProductMockup (fr)
    at <unknown> (C:\Users\pc\Desktop\claudeproject\studio-manager\.next\server\chunks\ssr\_0tgc1f4._.js:1:4479)
    at <unknown> (C:\Users\pc\Desktop\claudeproject\studio-manager\.next\server\chunks\ssr\_1ebbxzc._.js:1:36037) {
  code: 'MISSING_MESSAGE',
  originalMessage: 'ProductMockup (fr)'
}
Error: MISSING_MESSAGE: ProductMockup (fr)
    at <unknown> (C:\Users\pc\Desktop\claudeproject\studio-manager\.next\server\chunks\ssr\_0tgc1f4._.js:1:4479)
    at <unknown> (C:\Users\pc\Desktop\claudeproject\studio-manager\.next\server\chunks\ssr\_1ebbxzc._.js:1:36037) {
  code: 'MISSING_MESSAGE',
  originalMessage: 'ProductMockup (fr)'
}
Error: MISSING_MESSAGE: ProductMockup (fr)
    at <unknown> (C:\Users\pc\Desktop\claudeproject\studio-manager\.next\server\chunks\ssr\_0tgc1f4._.js:1:4479)
    at <unknown> (C:\Users\pc\Desktop\claudeproject\studio-manager\.next\server\chunks\ssr\_1ebbxzc._.js:1:36037) {
  code: 'MISSING_MESSAGE',
  originalMessage: 'ProductMockup (fr)'
}
Error: MISSING_MESSAGE: ProductMockup (fr)
    at <unknown> (C:\Users\pc\Desktop\claudeproject\studio-manager\.next\server\chunks\ssr\_0tgc1f4._.js:1:4479)
    at <unknown> (C:\Users\pc\Desktop\claudeproject\studio-manager\.next\server\chunks\ssr\_1ebbxzc._.js:1:36037) {
  code: 'MISSING_MESSAGE',
  originalMessage: 'ProductMockup (fr)'
}
Error: MISSING_MESSAGE: Demo (fr)
    at <unknown> (C:\Users\pc\Desktop\claudeproject\studio-manager\.next\server\chunks\ssr\_0zfb4r2._.js:1:9937)
    at <unknown> (C:\Users\pc\Desktop\claudeproject\studio-manager\.next\server\chunks\ssr\_0zfb4r2._.js:1:9969)
    at <unknown> (C:\Users\pc\Desktop\claudeproject\studio-manager\.next\server\chunks\ssr\_0zfb4r2._.js:1:10072)
    at <unknown> (C:\Users\pc\Desktop\claudeproject\studio-manager\.next\server\chunks\ssr\_0zfb4r2._.js:1:10194)
    at async i (C:\Users\pc\Desktop\claudeproject\studio-manager\.next\server\chunks\ssr\[root-of-the-server]__0fpgyva._.js:1:5244) {
  code: 'MISSING_MESSAGE',
  originalMessage: 'Demo (fr)'
}
Error: MISSING_MESSAGE: Demo (fr)
    at <unknown> (C:\Users\pc\Desktop\claudeproject\studio-manager\.next\server\chunks\ssr\_0zfb4r2._.js:1:9937)
    at <unknown> (C:\Users\pc\Desktop\claudeproject\studio-manager\.next\server\chunks\ssr\_0zfb4r2._.js:1:9969)
    at <unknown> (C:\Users\pc\Desktop\claudeproject\studio-manager\.next\server\chunks\ssr\_0zfb4r2._.js:1:10072)
    at <unknown> (C:\Users\pc\Desktop\claudeproject\studio-manager\.next\server\chunks\ssr\_0zfb4r2._.js:1:10194)
    at async i (C:\Users\pc\Desktop\claudeproject\studio-manager\.next\server\chunks\ssr\[root-of-the-server]__0fpgyva._.js:1:5244) {
  code: 'MISSING_MESSAGE',
  originalMessage: 'Demo (fr)'
}
Error: MISSING_MESSAGE: Demo (fr)
    at <unknown> (C:\Users\pc\Desktop\claudeproject\studio-manager\.next\server\chunks\ssr\_0zfb4r2._.js:1:9937)
    at <unknown> (C:\Users\pc\Desktop\claudeproject\studio-manager\.next\server\chunks\ssr\_0zfb4r2._.js:1:9969)
    at <unknown> (C:\Users\pc\Desktop\claudeproject\studio-manager\.next\server\chunks\ssr\_0zfb4r2._.js:1:10072)
    at <unknown> (C:\Users\pc\Desktop\claudeproject\studio-manager\.next\server\chunks\ssr\_0zfb4r2._.js:1:10194)
    at async i (C:\Users\pc\Desktop\claudeproject\studio-manager\.next\server\chunks\ssr\[root-of-the-server]__0fpgyva._.js:1:5244) {
  code: 'MISSING_MESSAGE',
  originalMessage: 'Demo (fr)'
}
Error: MISSING_MESSAGE: Demo (fr)
    at <unknown> (C:\Users\pc\Desktop\claudeproject\studio-manager\.next\server\chunks\ssr\_0zfb4r2._.js:1:9937)
    at <unknown> (C:\Users\pc\Desktop\claudeproject\studio-manager\.next\server\chunks\ssr\_0zfb4r2._.js:1:9969)
    at <unknown> (C:\Users\pc\Desktop\claudeproject\studio-manager\.next\server\chunks\ssr\_0zfb4r2._.js:1:10072)
    at <unknown> (C:\Users\pc\Desktop\claudeproject\studio-manager\.next\server\chunks\ssr\_0zfb4r2._.js:1:10194)
    at async i (C:\Users\pc\Desktop\claudeproject\studio-manager\.next\server\chunks\ssr\[root-of-the-server]__0fpgyva._.js:1:5244) {
  code: 'MISSING_MESSAGE',
  originalMessage: 'Demo (fr)'
}
Error: MISSING_MESSAGE: Demo (fr)
    at <unknown> (C:\Users\pc\Desktop\claudeproject\studio-manager\.next\server\chunks\ssr\_0zfb4r2._.js:1:9937)
    at <unknown> (C:\Users\pc\Desktop\claudeproject\studio-manager\.next\server\chunks\ssr\_0zfb4r2._.js:1:9969)
    at <unknown> (C:\Users\pc\Desktop\claudeproject\studio-manager\.next\server\chunks\ssr\_0zfb4r2._.js:1:10072)
    at <unknown> (C:\Users\pc\Desktop\claudeproject\studio-manager\.next\server\chunks\ssr\_0zfb4r2._.js:1:10194)
    at async i (C:\Users\pc\Desktop\claudeproject\studio-manager\.next\server\chunks\ssr\[root-of-the-server]__0fpgyva._.js:1:5244) {
  code: 'MISSING_MESSAGE',
  originalMessage: 'Demo (fr)'
}
Error: MISSING_MESSAGE: Demo (fr)
    at <unknown> (C:\Users\pc\Desktop\claudeproject\studio-manager\.next\server\chunks\ssr\_0zfb4r2._.js:1:9937)
    at <unknown> (C:\Users\pc\Desktop\claudeproject\studio-manager\.next\server\chunks\ssr\_0zfb4r2._.js:1:9969)
    at <unknown> (C:\Users\pc\Desktop\claudeproject\studio-manager\.next\server\chunks\ssr\_0zfb4r2._.js:1:10072)
    at <unknown> (C:\Users\pc\Desktop\claudeproject\studio-manager\.next\server\chunks\ssr\_0zfb4r2._.js:1:10194)
    at async i (C:\Users\pc\Desktop\claudeproject\studio-manager\.next\server\chunks\ssr\[root-of-the-server]__0fpgyva._.js:1:5244) {
  code: 'MISSING_MESSAGE',
  originalMessage: 'Demo (fr)'
}
Error: MISSING_MESSAGE: Demo (fr)
    at <unknown> (C:\Users\pc\Desktop\claudeproject\studio-manager\.next\server\chunks\ssr\_0zfb4r2._.js:1:9937)
    at <unknown> (C:\Users\pc\Desktop\claudeproject\studio-manager\.next\server\chunks\ssr\_0zfb4r2._.js:1:9969)
    at <unknown> (C:\Users\pc\Desktop\claudeproject\studio-manager\.next\server\chunks\ssr\_0zfb4r2._.js:1:10072)
    at <unknown> (C:\Users\pc\Desktop\claudeproject\studio-manager\.next\server\chunks\ssr\_0zfb4r2._.js:1:10194)
    at async i (C:\Users\pc\Desktop\claudeproject\studio-manager\.next\server\chunks\ssr\[root-of-the-server]__0fpgyva._.js:1:5244) {
  code: 'MISSING_MESSAGE',
  originalMessage: 'Demo (fr)'
}
Error: MISSING_MESSAGE: Demo (fr)
    at <unknown> (C:\Users\pc\Desktop\claudeproject\studio-manager\.next\server\chunks\ssr\_0zfb4r2._.js:1:9937)
    at <unknown> (C:\Users\pc\Desktop\claudeproject\studio-manager\.next\server\chunks\ssr\_0zfb4r2._.js:1:9969)
    at <unknown> (C:\Users\pc\Desktop\claudeproject\studio-manager\.next\server\chunks\ssr\_0zfb4r2._.js:1:10072)
    at <unknown> (C:\Users\pc\Desktop\claudeproject\studio-manager\.next\server\chunks\ssr\_0zfb4r2._.js:1:10194)
    at async i (C:\Users\pc\Desktop\claudeproject\studio-manager\.next\server\chunks\ssr\[root-of-the-server]__0fpgyva._.js:1:5244) {
  code: 'MISSING_MESSAGE',
  originalMessage: 'Demo (fr)'
}
Error: MISSING_MESSAGE: Demo (fr)
    at <unknown> (C:\Users\pc\Desktop\claudeproject\studio-manager\.next\server\chunks\ssr\_0zfb4r2._.js:1:9937)
    at <unknown> (C:\Users\pc\Desktop\claudeproject\studio-manager\.next\server\chunks\ssr\_0zfb4r2._.js:1:9969)
    at <unknown> (C:\Users\pc\Desktop\claudeproject\studio-manager\.next\server\chunks\ssr\_0zfb4r2._.js:1:10072)
    at <unknown> (C:\Users\pc\Desktop\claudeproject\studio-manager\.next\server\chunks\ssr\_0zfb4r2._.js:1:10194)
    at async i (C:\Users\pc\Desktop\claudeproject\studio-manager\.next\server\chunks\ssr\[root-of-the-server]__0fpgyva._.js:1:5244) {
  code: 'MISSING_MESSAGE',
  originalMessage: 'Demo (fr)'
}
Error: MISSING_MESSAGE: Demo (fr)
    at <unknown> (C:\Users\pc\Desktop\claudeproject\studio-manager\.next\server\chunks\ssr\_0zfb4r2._.js:1:9937)
    at <unknown> (C:\Users\pc\Desktop\claudeproject\studio-manager\.next\server\chunks\ssr\_0zfb4r2._.js:1:9969)
    at <unknown> (C:\Users\pc\Desktop\claudeproject\studio-manager\.next\server\chunks\ssr\_0zfb4r2._.js:1:10072)
    at <unknown> (C:\Users\pc\Desktop\claudeproject\studio-manager\.next\server\chunks\ssr\_0zfb4r2._.js:1:10194)
    at async i (C:\Users\pc\Desktop\claudeproject\studio-manager\.next\server\chunks\ssr\[root-of-the-server]__0fpgyva._.js:1:5244) {
  code: 'MISSING_MESSAGE',
  originalMessage: 'Demo (fr)'
}
Error: MISSING_MESSAGE: Demo (fr)
    at <unknown> (C:\Users\pc\Desktop\claudeproject\studio-manager\.next\server\chunks\ssr\_0zfb4r2._.js:1:9937)
    at <unknown> (C:\Users\pc\Desktop\claudeproject\studio-manager\.next\server\chunks\ssr\_0zfb4r2._.js:1:9969)
    at <unknown> (C:\Users\pc\Desktop\claudeproject\studio-manager\.next\server\chunks\ssr\_0zfb4r2._.js:1:10072)
    at <unknown> (C:\Users\pc\Desktop\claudeproject\studio-manager\.next\server\chunks\ssr\_0zfb4r2._.js:1:10194)
    at async i (C:\Users\pc\Desktop\claudeproject\studio-manager\.next\server\chunks\ssr\[root-of-the-server]__0fpgyva._.js:1:5244) {
  code: 'MISSING_MESSAGE',
  originalMessage: 'Demo (fr)'
}
Error: MISSING_MESSAGE: Demo (fr)
    at <unknown> (C:\Users\pc\Desktop\claudeproject\studio-manager\.next\server\chunks\ssr\_0zfb4r2._.js:1:9937)
    at <unknown> (C:\Users\pc\Desktop\claudeproject\studio-manager\.next\server\chunks\ssr\_0zfb4r2._.js:1:9969)
    at <unknown> (C:\Users\pc\Desktop\claudeproject\studio-manager\.next\server\chunks\ssr\_0zfb4r2._.js:1:10072)
    at <unknown> (C:\Users\pc\Desktop\claudeproject\studio-manager\.next\server\chunks\ssr\_0zfb4r2._.js:1:10194)
    at async i (C:\Users\pc\Desktop\claudeproject\studio-manager\.next\server\chunks\ssr\[root-of-the-server]__0fpgyva._.js:1:5244) {
  code: 'MISSING_MESSAGE',
  originalMessage: 'Demo (fr)'
}
Error: MISSING_MESSAGE: Demo (fr)
    at <unknown> (C:\Users\pc\Desktop\claudeproject\studio-manager\.next\server\chunks\ssr\_0zfb4r2._.js:1:9937)
    at <unknown> (C:\Users\pc\Desktop\claudeproject\studio-manager\.next\server\chunks\ssr\_0zfb4r2._.js:1:9969)
    at <unknown> (C:\Users\pc\Desktop\claudeproject\studio-manager\.next\server\chunks\ssr\_0zfb4r2._.js:1:10072)
    at <unknown> (C:\Users\pc\Desktop\claudeproject\studio-manager\.next\server\chunks\ssr\_0zfb4r2._.js:1:10194)
    at async i (C:\Users\pc\Desktop\claudeproject\studio-manager\.next\server\chunks\ssr\[root-of-the-server]__0fpgyva._.js:1:5244) {
  code: 'MISSING_MESSAGE',
  originalMessage: 'Demo (fr)'
}
Error: MISSING_MESSAGE: Demo (fr)
    at <unknown> (C:\Users\pc\Desktop\claudeproject\studio-manager\.next\server\chunks\ssr\_0zfb4r2._.js:1:9937)
    at <unknown> (C:\Users\pc\Desktop\claudeproject\studio-manager\.next\server\chunks\ssr\_0zfb4r2._.js:1:9969)
    at <unknown> (C:\Users\pc\Desktop\claudeproject\studio-manager\.next\server\chunks\ssr\_0zfb4r2._.js:1:10072)
    at <unknown> (C:\Users\pc\Desktop\claudeproject\studio-manager\.next\server\chunks\ssr\_0zfb4r2._.js:1:10194)
    at async i (C:\Users\pc\Desktop\claudeproject\studio-manager\.next\server\chunks\ssr\[root-of-the-server]__0fpgyva._.js:1:5244) {
  code: 'MISSING_MESSAGE',
  originalMessage: 'Demo (fr)'
}
Error: MISSING_MESSAGE: Demo (fr)
    at <unknown> (C:\Users\pc\Desktop\claudeproject\studio-manager\.next\server\chunks\ssr\_0zfb4r2._.js:1:9937)
    at <unknown> (C:\Users\pc\Desktop\claudeproject\studio-manager\.next\server\chunks\ssr\_0zfb4r2._.js:1:9969)
    at <unknown> (C:\Users\pc\Desktop\claudeproject\studio-manager\.next\server\chunks\ssr\_0zfb4r2._.js:1:10072)
    at <unknown> (C:\Users\pc\Desktop\claudeproject\studio-manager\.next\server\chunks\ssr\_0zfb4r2._.js:1:10194)
    at async i (C:\Users\pc\Desktop\claudeproject\studio-manager\.next\server\chunks\ssr\[root-of-the-server]__0fpgyva._.js:1:5244) {
  code: 'MISSING_MESSAGE',
  originalMessage: 'Demo (fr)'
}
Error: MISSING_MESSAGE: Demo (fr)
    at <unknown> (C:\Users\pc\Desktop\claudeproject\studio-manager\.next\server\chunks\ssr\_0zfb4r2._.js:1:9937)
    at <unknown> (C:\Users\pc\Desktop\claudeproject\studio-manager\.next\server\chunks\ssr\_0zfb4r2._.js:1:9969)
    at <unknown> (C:\Users\pc\Desktop\claudeproject\studio-manager\.next\server\chunks\ssr\_0zfb4r2._.js:1:10072)
    at <unknown> (C:\Users\pc\Desktop\claudeproject\studio-manager\.next\server\chunks\ssr\_0zfb4r2._.js:1:10194)
    at async i (C:\Users\pc\Desktop\claudeproject\studio-manager\.next\server\chunks\ssr\[root-of-the-server]__0fpgyva._.js:1:5244) {
  code: 'MISSING_MESSAGE',
  originalMessage: 'Demo (fr)'
}
Error: MISSING_MESSAGE: Demo (fr)
    at <unknown> (C:\Users\pc\Desktop\claudeproject\studio-manager\.next\server\chunks\ssr\_0zfb4r2._.js:1:9937)
    at <unknown> (C:\Users\pc\Desktop\claudeproject\studio-manager\.next\server\chunks\ssr\_0zfb4r2._.js:1:9969)
    at <unknown> (C:\Users\pc\Desktop\claudeproject\studio-manager\.next\server\chunks\ssr\_0zfb4r2._.js:1:10072)
    at <unknown> (C:\Users\pc\Desktop\claudeproject\studio-manager\.next\server\chunks\ssr\_0zfb4r2._.js:1:10194)
    at async i (C:\Users\pc\Desktop\claudeproject\studio-manager\.next\server\chunks\ssr\[root-of-the-server]__0fpgyva._.js:1:5244) {
  code: 'MISSING_MESSAGE',
  originalMessage: 'Demo (fr)'
}
Error: MISSING_MESSAGE: Demo (fr)
    at <unknown> (C:\Users\pc\Desktop\claudeproject\studio-manager\.next\server\chunks\ssr\_0zfb4r2._.js:1:9937)
    at <unknown> (C:\Users\pc\Desktop\claudeproject\studio-manager\.next\server\chunks\ssr\_0zfb4r2._.js:1:9969)
    at <unknown> (C:\Users\pc\Desktop\claudeproject\studio-manager\.next\server\chunks\ssr\_0zfb4r2._.js:1:10072)
    at <unknown> (C:\Users\pc\Desktop\claudeproject\studio-manager\.next\server\chunks\ssr\_0zfb4r2._.js:1:10194)
    at async i (C:\Users\pc\Desktop\claudeproject\studio-manager\.next\server\chunks\ssr\[root-of-the-server]__0fpgyva._.js:1:5244) {
  code: 'MISSING_MESSAGE',
  originalMessage: 'Demo (fr)'
}
Error: MISSING_MESSAGE: Demo (fr)
    at <unknown> (C:\Users\pc\Desktop\claudeproject\studio-manager\.next\server\chunks\ssr\_0zfb4r2._.js:1:9937)
    at <unknown> (C:\Users\pc\Desktop\claudeproject\studio-manager\.next\server\chunks\ssr\_0zfb4r2._.js:1:9969)
    at <unknown> (C:\Users\pc\Desktop\claudeproject\studio-manager\.next\server\chunks\ssr\_0zfb4r2._.js:1:10072)
    at <unknown> (C:\Users\pc\Desktop\claudeproject\studio-manager\.next\server\chunks\ssr\_0zfb4r2._.js:1:10194)
    at async i (C:\Users\pc\Desktop\claudeproject\studio-manager\.next\server\chunks\ssr\[root-of-the-server]__0fpgyva._.js:1:5244) {
  code: 'MISSING_MESSAGE',
  originalMessage: 'Demo (fr)'
}
Error: MISSING_MESSAGE: Demo (fr)
    at <unknown> (C:\Users\pc\Desktop\claudeproject\studio-manager\.next\server\chunks\ssr\_0zfb4r2._.js:1:9937)
    at <unknown> (C:\Users\pc\Desktop\claudeproject\studio-manager\.next\server\chunks\ssr\_0zfb4r2._.js:1:9969)
    at <unknown> (C:\Users\pc\Desktop\claudeproject\studio-manager\.next\server\chunks\ssr\_0zfb4r2._.js:1:10072)
    at <unknown> (C:\Users\pc\Desktop\claudeproject\studio-manager\.next\server\chunks\ssr\_0zfb4r2._.js:1:10194)
    at async i (C:\Users\pc\Desktop\claudeproject\studio-manager\.next\server\chunks\ssr\[root-of-the-server]__0fpgyva._.js:1:5244) {
  code: 'MISSING_MESSAGE',
  originalMessage: 'Demo (fr)'
}
Error: MISSING_MESSAGE: Demo (fr)
    at <unknown> (C:\Users\pc\Desktop\claudeproject\studio-manager\.next\server\chunks\ssr\_0zfb4r2._.js:1:9937)
    at <unknown> (C:\Users\pc\Desktop\claudeproject\studio-manager\.next\server\chunks\ssr\_0zfb4r2._.js:1:9969)
    at <unknown> (C:\Users\pc\Desktop\claudeproject\studio-manager\.next\server\chunks\ssr\_0zfb4r2._.js:1:10072)
    at <unknown> (C:\Users\pc\Desktop\claudeproject\studio-manager\.next\server\chunks\ssr\_0zfb4r2._.js:1:10194)
    at async i (C:\Users\pc\Desktop\claudeproject\studio-manager\.next\server\chunks\ssr\[root-of-the-server]__0fpgyva._.js:1:5244) {
  code: 'MISSING_MESSAGE',
  originalMessage: 'Demo (fr)'
}
Error: MISSING_MESSAGE: Demo (fr)
    at <unknown> (C:\Users\pc\Desktop\claudeproject\studio-manager\.next\server\chunks\ssr\_0zfb4r2._.js:1:9937)
    at <unknown> (C:\Users\pc\Desktop\claudeproject\studio-manager\.next\server\chunks\ssr\_0zfb4r2._.js:1:9969)
    at <unknown> (C:\Users\pc\Desktop\claudeproject\studio-manager\.next\server\chunks\ssr\_0zfb4r2._.js:1:10072)
    at <unknown> (C:\Users\pc\Desktop\claudeproject\studio-manager\.next\server\chunks\ssr\_0zfb4r2._.js:1:10194)
    at async Module.h [as generateMetadata] (C:\Users\pc\Desktop\claudeproject\studio-manager\.next\server\chunks\ssr\[root-of-the-server]__0fpgyva._.js:1:4862) {
  code: 'MISSING_MESSAGE',
  originalMessage: 'Demo (fr)'
}
Error: MISSING_MESSAGE: Demo (fr)
    at <unknown> (C:\Users\pc\Desktop\claudeproject\studio-manager\.next\server\chunks\ssr\_0zfb4r2._.js:1:9937)
    at <unknown> (C:\Users\pc\Desktop\claudeproject\studio-manager\.next\server\chunks\ssr\_0zfb4r2._.js:1:9969)
    at <unknown> (C:\Users\pc\Desktop\claudeproject\studio-manager\.next\server\chunks\ssr\_0zfb4r2._.js:1:10072)
    at <unknown> (C:\Users\pc\Desktop\claudeproject\studio-manager\.next\server\chunks\ssr\_0zfb4r2._.js:1:10194)
    at async Module.h [as generateMetadata] (C:\Users\pc\Desktop\claudeproject\studio-manager\.next\server\chunks\ssr\[root-of-the-server]__0fpgyva._.js:1:4862) {
  code: 'MISSING_MESSAGE',
  originalMessage: 'Demo (fr)'
}
Error: MISSING_MESSAGE: Demo (fr)
    at <unknown> (C:\Users\pc\Desktop\claudeproject\studio-manager\.next\server\chunks\ssr\_0zfb4r2._.js:1:9937)
    at <unknown> (C:\Users\pc\Desktop\claudeproject\studio-manager\.next\server\chunks\ssr\_0zfb4r2._.js:1:9969)
    at <unknown> (C:\Users\pc\Desktop\claudeproject\studio-manager\.next\server\chunks\ssr\_0zfb4r2._.js:1:10072)
    at <unknown> (C:\Users\pc\Desktop\claudeproject\studio-manager\.next\server\chunks\ssr\_0zfb4r2._.js:1:10194)
    at async Module.h [as generateMetadata] (C:\Users\pc\Desktop\claudeproject\studio-manager\.next\server\chunks\ssr\[root-of-the-server]__0fpgyva._.js:1:4862) {
  code: 'MISSING_MESSAGE',
  originalMessage: 'Demo (fr)'
}
Error: MISSING_MESSAGE: Demo (fr)
    at <unknown> (C:\Users\pc\Desktop\claudeproject\studio-manager\.next\server\chunks\ssr\_0zfb4r2._.js:1:9937)
    at <unknown> (C:\Users\pc\Desktop\claudeproject\studio-manager\.next\server\chunks\ssr\_0zfb4r2._.js:1:9969)
    at <unknown> (C:\Users\pc\Desktop\claudeproject\studio-manager\.next\server\chunks\ssr\_0zfb4r2._.js:1:10072)
    at <unknown> (C:\Users\pc\Desktop\claudeproject\studio-manager\.next\server\chunks\ssr\_0zfb4r2._.js:1:10194)
    at async Module.h [as generateMetadata] (C:\Users\pc\Desktop\claudeproject\studio-manager\.next\server\chunks\ssr\[root-of-the-server]__0fpgyva._.js:1:4862) {
  code: 'MISSING_MESSAGE',
  originalMessage: 'Demo (fr)'
}
Error: MISSING_MESSAGE: DemoRequestForm (fr)
    at <unknown> (C:\Users\pc\Desktop\claudeproject\studio-manager\.next\server\chunks\ssr\_0tgc1f4._.js:1:4479)
    at <unknown> (C:\Users\pc\Desktop\claudeproject\studio-manager\.next\server\chunks\ssr\_0t5-uno._.js:1:7131) {
  code: 'MISSING_MESSAGE',
  originalMessage: 'DemoRequestForm (fr)'
}
Error: MISSING_MESSAGE: DemoRequestForm (fr)
    at <unknown> (C:\Users\pc\Desktop\claudeproject\studio-manager\.next\server\chunks\ssr\_0tgc1f4._.js:1:4479)
    at <unknown> (C:\Users\pc\Desktop\claudeproject\studio-manager\.next\server\chunks\ssr\_0t5-uno._.js:1:7131) {
  code: 'MISSING_MESSAGE',
  originalMessage: 'DemoRequestForm (fr)'
}
Error: MISSING_MESSAGE: DemoRequestForm (fr)
    at <unknown> (C:\Users\pc\Desktop\claudeproject\studio-manager\.next\server\chunks\ssr\_0tgc1f4._.js:1:4479)
    at <unknown> (C:\Users\pc\Desktop\claudeproject\studio-manager\.next\server\chunks\ssr\_0t5-uno._.js:1:7131) {
  code: 'MISSING_MESSAGE',
  originalMessage: 'DemoRequestForm (fr)'
}
Error: MISSING_MESSAGE: DemoRequestForm (fr)
    at <unknown> (C:\Users\pc\Desktop\claudeproject\studio-manager\.next\server\chunks\ssr\_0tgc1f4._.js:1:4479)
    at <unknown> (C:\Users\pc\Desktop\claudeproject\studio-manager\.next\server\chunks\ssr\_0t5-uno._.js:1:7131) {
  code: 'MISSING_MESSAGE',
  originalMessage: 'DemoRequestForm (fr)'
}
Error: MISSING_MESSAGE: DemoRequestForm (fr)
    at <unknown> (C:\Users\pc\Desktop\claudeproject\studio-manager\.next\server\chunks\ssr\_0tgc1f4._.js:1:4479)
    at <unknown> (C:\Users\pc\Desktop\claudeproject\studio-manager\.next\server\chunks\ssr\_0t5-uno._.js:1:7131) {
  code: 'MISSING_MESSAGE',
  originalMessage: 'DemoRequestForm (fr)'
}
Error: MISSING_MESSAGE: DemoRequestForm (fr)
    at <unknown> (C:\Users\pc\Desktop\claudeproject\studio-manager\.next\server\chunks\ssr\_0tgc1f4._.js:1:4479)
    at <unknown> (C:\Users\pc\Desktop\claudeproject\studio-manager\.next\server\chunks\ssr\_0t5-uno._.js:1:7131) {
  code: 'MISSING_MESSAGE',
  originalMessage: 'DemoRequestForm (fr)'
}
Error: MISSING_MESSAGE: DemoRequestForm (fr)
    at <unknown> (C:\Users\pc\Desktop\claudeproject\studio-manager\.next\server\chunks\ssr\_0tgc1f4._.js:1:4479)
    at <unknown> (C:\Users\pc\Desktop\claudeproject\studio-manager\.next\server\chunks\ssr\_0t5-uno._.js:1:7131) {
  code: 'MISSING_MESSAGE',
  originalMessage: 'DemoRequestForm (fr)'
}
Error: MISSING_MESSAGE: Legal (fr)
    at <unknown> (C:\Users\pc\Desktop\claudeproject\studio-manager\.next\server\chunks\ssr\_0zfb4r2._.js:1:9937)
    at <unknown> (C:\Users\pc\Desktop\claudeproject\studio-manager\.next\server\chunks\ssr\_0zfb4r2._.js:1:9969)
    at <unknown> (C:\Users\pc\Desktop\claudeproject\studio-manager\.next\server\chunks\ssr\_0zfb4r2._.js:1:10072)
    at <unknown> (C:\Users\pc\Desktop\claudeproject\studio-manager\.next\server\chunks\ssr\_0zfb4r2._.js:1:10194)
    at async n (C:\Users\pc\Desktop\claudeproject\studio-manager\.next\server\chunks\ssr\[root-of-the-server]__1c_j_e2._.js:1:4829) {
  code: 'MISSING_MESSAGE',
  originalMessage: 'Legal (fr)'
}
Error: MISSING_MESSAGE: Legal (fr)
    at <unknown> (C:\Users\pc\Desktop\claudeproject\studio-manager\.next\server\chunks\ssr\_0zfb4r2._.js:1:9937)
    at <unknown> (C:\Users\pc\Desktop\claudeproject\studio-manager\.next\server\chunks\ssr\_0zfb4r2._.js:1:9969)
    at <unknown> (C:\Users\pc\Desktop\claudeproject\studio-manager\.next\server\chunks\ssr\_0zfb4r2._.js:1:10072)
    at <unknown> (C:\Users\pc\Desktop\claudeproject\studio-manager\.next\server\chunks\ssr\_0zfb4r2._.js:1:10194)
    at async n (C:\Users\pc\Desktop\claudeproject\studio-manager\.next\server\chunks\ssr\[root-of-the-server]__1c_j_e2._.js:1:4829) {
  code: 'MISSING_MESSAGE',
  originalMessage: 'Legal (fr)'
}
Error: MISSING_MESSAGE: Legal (fr)
    at <unknown> (C:\Users\pc\Desktop\claudeproject\studio-manager\.next\server\chunks\ssr\_0zfb4r2._.js:1:9937)
    at <unknown> (C:\Users\pc\Desktop\claudeproject\studio-manager\.next\server\chunks\ssr\_0zfb4r2._.js:1:9969)
    at <unknown> (C:\Users\pc\Desktop\claudeproject\studio-manager\.next\server\chunks\ssr\_0zfb4r2._.js:1:10072)
    at <unknown> (C:\Users\pc\Desktop\claudeproject\studio-manager\.next\server\chunks\ssr\_0zfb4r2._.js:1:10194)
    at async n (C:\Users\pc\Desktop\claudeproject\studio-manager\.next\server\chunks\ssr\[root-of-the-server]__1c_j_e2._.js:1:4829) {
  code: 'MISSING_MESSAGE',
  originalMessage: 'Legal (fr)'
}
Error: MISSING_MESSAGE: Legal (fr)
    at <unknown> (C:\Users\pc\Desktop\claudeproject\studio-manager\.next\server\chunks\ssr\_0zfb4r2._.js:1:9937)
    at <unknown> (C:\Users\pc\Desktop\claudeproject\studio-manager\.next\server\chunks\ssr\_0zfb4r2._.js:1:9969)
    at <unknown> (C:\Users\pc\Desktop\claudeproject\studio-manager\.next\server\chunks\ssr\_0zfb4r2._.js:1:10072)
    at <unknown> (C:\Users\pc\Desktop\claudeproject\studio-manager\.next\server\chunks\ssr\_0zfb4r2._.js:1:10194)
    at async n (C:\Users\pc\Desktop\claudeproject\studio-manager\.next\server\chunks\ssr\[root-of-the-server]__1c_j_e2._.js:1:4829) {
  code: 'MISSING_MESSAGE',
  originalMessage: 'Legal (fr)'
}
Error: MISSING_MESSAGE: Legal (fr)
    at <unknown> (C:\Users\pc\Desktop\claudeproject\studio-manager\.next\server\chunks\ssr\_0zfb4r2._.js:1:9937)
    at <unknown> (C:\Users\pc\Desktop\claudeproject\studio-manager\.next\server\chunks\ssr\_0zfb4r2._.js:1:9969)
    at <unknown> (C:\Users\pc\Desktop\claudeproject\studio-manager\.next\server\chunks\ssr\_0zfb4r2._.js:1:10072)
    at <unknown> (C:\Users\pc\Desktop\claudeproject\studio-manager\.next\server\chunks\ssr\_0zfb4r2._.js:1:10194)
    at async n (C:\Users\pc\Desktop\claudeproject\studio-manager\.next\server\chunks\ssr\[root-of-the-server]__1c_j_e2._.js:1:4829) {
  code: 'MISSING_MESSAGE',
  originalMessage: 'Legal (fr)'
}
Error: MISSING_MESSAGE: Legal (fr)
    at <unknown> (C:\Users\pc\Desktop\claudeproject\studio-manager\.next\server\chunks\ssr\_0zfb4r2._.js:1:9937)
    at <unknown> (C:\Users\pc\Desktop\claudeproject\studio-manager\.next\server\chunks\ssr\_0zfb4r2._.js:1:9969)
    at <unknown> (C:\Users\pc\Desktop\claudeproject\studio-manager\.next\server\chunks\ssr\_0zfb4r2._.js:1:10072)
    at <unknown> (C:\Users\pc\Desktop\claudeproject\studio-manager\.next\server\chunks\ssr\_0zfb4r2._.js:1:10194)
    at async n (C:\Users\pc\Desktop\claudeproject\studio-manager\.next\server\chunks\ssr\[root-of-the-server]__1c_j_e2._.js:1:4829) {
  code: 'MISSING_MESSAGE',
  originalMessage: 'Legal (fr)'
}
Error: MISSING_MESSAGE: Legal (fr)
    at <unknown> (C:\Users\pc\Desktop\claudeproject\studio-manager\.next\server\chunks\ssr\_0zfb4r2._.js:1:9937)
    at <unknown> (C:\Users\pc\Desktop\claudeproject\studio-manager\.next\server\chunks\ssr\_0zfb4r2._.js:1:9969)
    at <unknown> (C:\Users\pc\Desktop\claudeproject\studio-manager\.next\server\chunks\ssr\_0zfb4r2._.js:1:10072)
    at <unknown> (C:\Users\pc\Desktop\claudeproject\studio-manager\.next\server\chunks\ssr\_0zfb4r2._.js:1:10194)
    at async n (C:\Users\pc\Desktop\claudeproject\studio-manager\.next\server\chunks\ssr\[root-of-the-server]__1c_j_e2._.js:1:4829) {
  code: 'MISSING_MESSAGE',
  originalMessage: 'Legal (fr)'
}
Error: MISSING_MESSAGE: Legal (fr)
    at <unknown> (C:\Users\pc\Desktop\claudeproject\studio-manager\.next\server\chunks\ssr\_0zfb4r2._.js:1:9937)
    at <unknown> (C:\Users\pc\Desktop\claudeproject\studio-manager\.next\server\chunks\ssr\_0zfb4r2._.js:1:9969)
    at <unknown> (C:\Users\pc\Desktop\claudeproject\studio-manager\.next\server\chunks\ssr\_0zfb4r2._.js:1:10072)
    at <unknown> (C:\Users\pc\Desktop\claudeproject\studio-manager\.next\server\chunks\ssr\_0zfb4r2._.js:1:10194)
    at async n (C:\Users\pc\Desktop\claudeproject\studio-manager\.next\server\chunks\ssr\[root-of-the-server]__1c_j_e2._.js:1:4829) {
  code: 'MISSING_MESSAGE',
  originalMessage: 'Legal (fr)'
}
Error: MISSING_MESSAGE: Legal (fr)
    at <unknown> (C:\Users\pc\Desktop\claudeproject\studio-manager\.next\server\chunks\ssr\_0zfb4r2._.js:1:9937)
    at <unknown> (C:\Users\pc\Desktop\claudeproject\studio-manager\.next\server\chunks\ssr\_0zfb4r2._.js:1:9969)
    at <unknown> (C:\Users\pc\Desktop\claudeproject\studio-manager\.next\server\chunks\ssr\_0zfb4r2._.js:1:10072)
    at <unknown> (C:\Users\pc\Desktop\claudeproject\studio-manager\.next\server\chunks\ssr\_0zfb4r2._.js:1:10194)
    at async n (C:\Users\pc\Desktop\claudeproject\studio-manager\.next\server\chunks\ssr\[root-of-the-server]__1c_j_e2._.js:1:4829) {
  code: 'MISSING_MESSAGE',
  originalMessage: 'Legal (fr)'
}
Error: MISSING_MESSAGE: Legal (fr)
    at <unknown> (C:\Users\pc\Desktop\claudeproject\studio-manager\.next\server\chunks\ssr\_0zfb4r2._.js:1:9937)
    at <unknown> (C:\Users\pc\Desktop\claudeproject\studio-manager\.next\server\chunks\ssr\_0zfb4r2._.js:1:9969)
    at <unknown> (C:\Users\pc\Desktop\claudeproject\studio-manager\.next\server\chunks\ssr\_0zfb4r2._.js:1:10072)
    at <unknown> (C:\Users\pc\Desktop\claudeproject\studio-manager\.next\server\chunks\ssr\_0zfb4r2._.js:1:10194)
    at async n (C:\Users\pc\Desktop\claudeproject\studio-manager\.next\server\chunks\ssr\[root-of-the-server]__1c_j_e2._.js:1:4829) {
  code: 'MISSING_MESSAGE',
  originalMessage: 'Legal (fr)'
}
Error: MISSING_MESSAGE: Legal (fr)
    at <unknown> (C:\Users\pc\Desktop\claudeproject\studio-manager\.next\server\chunks\ssr\_0zfb4r2._.js:1:9937)
    at <unknown> (C:\Users\pc\Desktop\claudeproject\studio-manager\.next\server\chunks\ssr\_0zfb4r2._.js:1:9969)
    at <unknown> (C:\Users\pc\Desktop\claudeproject\studio-manager\.next\server\chunks\ssr\_0zfb4r2._.js:1:10072)
    at <unknown> (C:\Users\pc\Desktop\claudeproject\studio-manager\.next\server\chunks\ssr\_0zfb4r2._.js:1:10194)
    at async n (C:\Users\pc\Desktop\claudeproject\studio-manager\.next\server\chunks\ssr\[root-of-the-server]__1c_j_e2._.js:1:4829) {
  code: 'MISSING_MESSAGE',
  originalMessage: 'Legal (fr)'
}
Error: MISSING_MESSAGE: Legal (fr)
    at <unknown> (C:\Users\pc\Desktop\claudeproject\studio-manager\.next\server\chunks\ssr\_0zfb4r2._.js:1:9937)
    at <unknown> (C:\Users\pc\Desktop\claudeproject\studio-manager\.next\server\chunks\ssr\_0zfb4r2._.js:1:9969)
    at <unknown> (C:\Users\pc\Desktop\claudeproject\studio-manager\.next\server\chunks\ssr\_0zfb4r2._.js:1:10072)
    at <unknown> (C:\Users\pc\Desktop\claudeproject\studio-manager\.next\server\chunks\ssr\_0zfb4r2._.js:1:10194)
    at async n (C:\Users\pc\Desktop\claudeproject\studio-manager\.next\server\chunks\ssr\[root-of-the-server]__1c_j_e2._.js:1:4829) {
  code: 'MISSING_MESSAGE',
  originalMessage: 'Legal (fr)'
}
Error: MISSING_MESSAGE: Legal (fr)
    at <unknown> (C:\Users\pc\Desktop\claudeproject\studio-manager\.next\server\chunks\ssr\_0zfb4r2._.js:1:9937)
    at <unknown> (C:\Users\pc\Desktop\claudeproject\studio-manager\.next\server\chunks\ssr\_0zfb4r2._.js:1:9969)
    at <unknown> (C:\Users\pc\Desktop\claudeproject\studio-manager\.next\server\chunks\ssr\_0zfb4r2._.js:1:10072)
    at <unknown> (C:\Users\pc\Desktop\claudeproject\studio-manager\.next\server\chunks\ssr\_0zfb4r2._.js:1:10194)
    at async n (C:\Users\pc\Desktop\claudeproject\studio-manager\.next\server\chunks\ssr\[root-of-the-server]__1c_j_e2._.js:1:4829) {
  code: 'MISSING_MESSAGE',
  originalMessage: 'Legal (fr)'
}
Error: MISSING_MESSAGE: Legal (fr)
    at <unknown> (C:\Users\pc\Desktop\claudeproject\studio-manager\.next\server\chunks\ssr\_0zfb4r2._.js:1:9937)
    at <unknown> (C:\Users\pc\Desktop\claudeproject\studio-manager\.next\server\chunks\ssr\_0zfb4r2._.js:1:9969)
    at <unknown> (C:\Users\pc\Desktop\claudeproject\studio-manager\.next\server\chunks\ssr\_0zfb4r2._.js:1:10072)
    at <unknown> (C:\Users\pc\Desktop\claudeproject\studio-manager\.next\server\chunks\ssr\_0zfb4r2._.js:1:10194)
    at async n (C:\Users\pc\Desktop\claudeproject\studio-manager\.next\server\chunks\ssr\[root-of-the-server]__1c_j_e2._.js:1:4829) {
  code: 'MISSING_MESSAGE',
  originalMessage: 'Legal (fr)'
}
Error: MISSING_MESSAGE: Legal (fr)
    at <unknown> (C:\Users\pc\Desktop\claudeproject\studio-manager\.next\server\chunks\ssr\_0zfb4r2._.js:1:9937)
    at <unknown> (C:\Users\pc\Desktop\claudeproject\studio-manager\.next\server\chunks\ssr\_0zfb4r2._.js:1:9969)
    at <unknown> (C:\Users\pc\Desktop\claudeproject\studio-manager\.next\server\chunks\ssr\_0zfb4r2._.js:1:10072)
    at <unknown> (C:\Users\pc\Desktop\claudeproject\studio-manager\.next\server\chunks\ssr\_0zfb4r2._.js:1:10194)
    at async n (C:\Users\pc\Desktop\claudeproject\studio-manager\.next\server\chunks\ssr\[root-of-the-server]__1c_j_e2._.js:1:4829) {
  code: 'MISSING_MESSAGE',
  originalMessage: 'Legal (fr)'
}
Error: MISSING_MESSAGE: Legal (fr)
    at <unknown> (C:\Users\pc\Desktop\claudeproject\studio-manager\.next\server\chunks\ssr\_0zfb4r2._.js:1:9937)
    at <unknown> (C:\Users\pc\Desktop\claudeproject\studio-manager\.next\server\chunks\ssr\_0zfb4r2._.js:1:9969)
    at <unknown> (C:\Users\pc\Desktop\claudeproject\studio-manager\.next\server\chunks\ssr\_0zfb4r2._.js:1:10072)
    at <unknown> (C:\Users\pc\Desktop\claudeproject\studio-manager\.next\server\chunks\ssr\_0zfb4r2._.js:1:10194)
    at async n (C:\Users\pc\Desktop\claudeproject\studio-manager\.next\server\chunks\ssr\[root-of-the-server]__1c_j_e2._.js:1:4829) {
  code: 'MISSING_MESSAGE',
  originalMessage: 'Legal (fr)'
}
Error: MISSING_MESSAGE: Legal (fr)
    at <unknown> (C:\Users\pc\Desktop\claudeproject\studio-manager\.next\server\chunks\ssr\_0zfb4r2._.js:1:9937)
    at <unknown> (C:\Users\pc\Desktop\claudeproject\studio-manager\.next\server\chunks\ssr\_0zfb4r2._.js:1:9969)
    at <unknown> (C:\Users\pc\Desktop\claudeproject\studio-manager\.next\server\chunks\ssr\_0zfb4r2._.js:1:10072)
    at <unknown> (C:\Users\pc\Desktop\claudeproject\studio-manager\.next\server\chunks\ssr\_0zfb4r2._.js:1:10194)
    at async n (C:\Users\pc\Desktop\claudeproject\studio-manager\.next\server\chunks\ssr\[root-of-the-server]__1c_j_e2._.js:1:4829) {
  code: 'MISSING_MESSAGE',
  originalMessage: 'Legal (fr)'
}
Error: MISSING_MESSAGE: Legal (fr)
    at <unknown> (C:\Users\pc\Desktop\claudeproject\studio-manager\.next\server\chunks\ssr\_0zfb4r2._.js:1:9937)
    at <unknown> (C:\Users\pc\Desktop\claudeproject\studio-manager\.next\server\chunks\ssr\_0zfb4r2._.js:1:9969)
    at <unknown> (C:\Users\pc\Desktop\claudeproject\studio-manager\.next\server\chunks\ssr\_0zfb4r2._.js:1:10072)
    at <unknown> (C:\Users\pc\Desktop\claudeproject\studio-manager\.next\server\chunks\ssr\_0zfb4r2._.js:1:10194)
    at async n (C:\Users\pc\Desktop\claudeproject\studio-manager\.next\server\chunks\ssr\[root-of-the-server]__1c_j_e2._.js:1:4829) {
  code: 'MISSING_MESSAGE',
  originalMessage: 'Legal (fr)'
}
Error: MISSING_MESSAGE: Legal (fr)
    at <unknown> (C:\Users\pc\Desktop\claudeproject\studio-manager\.next\server\chunks\ssr\_0zfb4r2._.js:1:9937)
    at <unknown> (C:\Users\pc\Desktop\claudeproject\studio-manager\.next\server\chunks\ssr\_0zfb4r2._.js:1:9969)
    at <unknown> (C:\Users\pc\Desktop\claudeproject\studio-manager\.next\server\chunks\ssr\_0zfb4r2._.js:1:10072)
    at <unknown> (C:\Users\pc\Desktop\claudeproject\studio-manager\.next\server\chunks\ssr\_0zfb4r2._.js:1:10194)
    at async n (C:\Users\pc\Desktop\claudeproject\studio-manager\.next\server\chunks\ssr\[root-of-the-server]__1c_j_e2._.js:1:4829) {
  code: 'MISSING_MESSAGE',
  originalMessage: 'Legal (fr)'
}
Error: MISSING_MESSAGE: Legal (fr)
    at <unknown> (C:\Users\pc\Desktop\claudeproject\studio-manager\.next\server\chunks\ssr\_0zfb4r2._.js:1:9937)
    at <unknown> (C:\Users\pc\Desktop\claudeproject\studio-manager\.next\server\chunks\ssr\_0zfb4r2._.js:1:9969)
    at <unknown> (C:\Users\pc\Desktop\claudeproject\studio-manager\.next\server\chunks\ssr\_0zfb4r2._.js:1:10072)
    at <unknown> (C:\Users\pc\Desktop\claudeproject\studio-manager\.next\server\chunks\ssr\_0zfb4r2._.js:1:10194)
    at async n (C:\Users\pc\Desktop\claudeproject\studio-manager\.next\server\chunks\ssr\[root-of-the-server]__1c_j_e2._.js:1:4829) {
  code: 'MISSING_MESSAGE',
  originalMessage: 'Legal (fr)'
}
Error: MISSING_MESSAGE: Legal (fr)
    at <unknown> (C:\Users\pc\Desktop\claudeproject\studio-manager\.next\server\chunks\ssr\_0zfb4r2._.js:1:9937)
    at <unknown> (C:\Users\pc\Desktop\claudeproject\studio-manager\.next\server\chunks\ssr\_0zfb4r2._.js:1:9969)
    at <unknown> (C:\Users\pc\Desktop\claudeproject\studio-manager\.next\server\chunks\ssr\_0zfb4r2._.js:1:10072)
    at <unknown> (C:\Users\pc\Desktop\claudeproject\studio-manager\.next\server\chunks\ssr\_0zfb4r2._.js:1:10194)
    at async n (C:\Users\pc\Desktop\claudeproject\studio-manager\.next\server\chunks\ssr\[root-of-the-server]__1c_j_e2._.js:1:4829) {
  code: 'MISSING_MESSAGE',
  originalMessage: 'Legal (fr)'
}
Error: MISSING_MESSAGE: Legal (fr)
    at <unknown> (C:\Users\pc\Desktop\claudeproject\studio-manager\.next\server\chunks\ssr\_0zfb4r2._.js:1:9937)
    at <unknown> (C:\Users\pc\Desktop\claudeproject\studio-manager\.next\server\chunks\ssr\_0zfb4r2._.js:1:9969)
    at <unknown> (C:\Users\pc\Desktop\claudeproject\studio-manager\.next\server\chunks\ssr\_0zfb4r2._.js:1:10072)
    at <unknown> (C:\Users\pc\Desktop\claudeproject\studio-manager\.next\server\chunks\ssr\_0zfb4r2._.js:1:10194)
    at async n (C:\Users\pc\Desktop\claudeproject\studio-manager\.next\server\chunks\ssr\[root-of-the-server]__1c_j_e2._.js:1:4829) {
  code: 'MISSING_MESSAGE',
  originalMessage: 'Legal (fr)'
}
Error: MISSING_MESSAGE: Legal (fr)
    at <unknown> (C:\Users\pc\Desktop\claudeproject\studio-manager\.next\server\chunks\ssr\_0zfb4r2._.js:1:9937)
    at <unknown> (C:\Users\pc\Desktop\claudeproject\studio-manager\.next\server\chunks\ssr\_0zfb4r2._.js:1:9969)
    at <unknown> (C:\Users\pc\Desktop\claudeproject\studio-manager\.next\server\chunks\ssr\_0zfb4r2._.js:1:10072)
    at <unknown> (C:\Users\pc\Desktop\claudeproject\studio-manager\.next\server\chunks\ssr\_0zfb4r2._.js:1:10194)
    at async n (C:\Users\pc\Desktop\claudeproject\studio-manager\.next\server\chunks\ssr\[root-of-the-server]__1c_j_e2._.js:1:4829) {
  code: 'MISSING_MESSAGE',
  originalMessage: 'Legal (fr)'
}
Error: MISSING_MESSAGE: Legal (fr)
    at <unknown> (C:\Users\pc\Desktop\claudeproject\studio-manager\.next\server\chunks\ssr\_0zfb4r2._.js:1:9937)
    at <unknown> (C:\Users\pc\Desktop\claudeproject\studio-manager\.next\server\chunks\ssr\_0zfb4r2._.js:1:9969)
    at <unknown> (C:\Users\pc\Desktop\claudeproject\studio-manager\.next\server\chunks\ssr\_0zfb4r2._.js:1:10072)
    at <unknown> (C:\Users\pc\Desktop\claudeproject\studio-manager\.next\server\chunks\ssr\_0zfb4r2._.js:1:10194)
    at async n (C:\Users\pc\Desktop\claudeproject\studio-manager\.next\server\chunks\ssr\[root-of-the-server]__1c_j_e2._.js:1:4829) {
  code: 'MISSING_MESSAGE',
  originalMessage: 'Legal (fr)'
}
Error: MISSING_MESSAGE: Legal (fr)
    at <unknown> (C:\Users\pc\Desktop\claudeproject\studio-manager\.next\server\chunks\ssr\_0zfb4r2._.js:1:9937)
    at <unknown> (C:\Users\pc\Desktop\claudeproject\studio-manager\.next\server\chunks\ssr\_0zfb4r2._.js:1:9969)
    at <unknown> (C:\Users\pc\Desktop\claudeproject\studio-manager\.next\server\chunks\ssr\_0zfb4r2._.js:1:10072)
    at <unknown> (C:\Users\pc\Desktop\claudeproject\studio-manager\.next\server\chunks\ssr\_0zfb4r2._.js:1:10194)
    at async n (C:\Users\pc\Desktop\claudeproject\studio-manager\.next\server\chunks\ssr\[root-of-the-server]__1c_j_e2._.js:1:4829) {
  code: 'MISSING_MESSAGE',
  originalMessage: 'Legal (fr)'
}
Error: MISSING_MESSAGE: Legal (fr)
    at <unknown> (C:\Users\pc\Desktop\claudeproject\studio-manager\.next\server\chunks\ssr\_0zfb4r2._.js:1:9937)
    at <unknown> (C:\Users\pc\Desktop\claudeproject\studio-manager\.next\server\chunks\ssr\_0zfb4r2._.js:1:9969)
    at <unknown> (C:\Users\pc\Desktop\claudeproject\studio-manager\.next\server\chunks\ssr\_0zfb4r2._.js:1:10072)
    at <unknown> (C:\Users\pc\Desktop\claudeproject\studio-manager\.next\server\chunks\ssr\_0zfb4r2._.js:1:10194)
    at async n (C:\Users\pc\Desktop\claudeproject\studio-manager\.next\server\chunks\ssr\[root-of-the-server]__1c_j_e2._.js:1:4829) {
  code: 'MISSING_MESSAGE',
  originalMessage: 'Legal (fr)'
}
Error: MISSING_MESSAGE: Legal (fr)
    at <unknown> (C:\Users\pc\Desktop\claudeproject\studio-manager\.next\server\chunks\ssr\_0zfb4r2._.js:1:9937)
    at <unknown> (C:\Users\pc\Desktop\claudeproject\studio-manager\.next\server\chunks\ssr\_0zfb4r2._.js:1:9969)
    at <unknown> (C:\Users\pc\Desktop\claudeproject\studio-manager\.next\server\chunks\ssr\_0zfb4r2._.js:1:10072)
    at <unknown> (C:\Users\pc\Desktop\claudeproject\studio-manager\.next\server\chunks\ssr\_0zfb4r2._.js:1:10194)
    at async n (C:\Users\pc\Desktop\claudeproject\studio-manager\.next\server\chunks\ssr\[root-of-the-server]__1c_j_e2._.js:1:4829) {
  code: 'MISSING_MESSAGE',
  originalMessage: 'Legal (fr)'
}
Error: MISSING_MESSAGE: Legal (fr)
    at <unknown> (C:\Users\pc\Desktop\claudeproject\studio-manager\.next\server\chunks\ssr\_0zfb4r2._.js:1:9937)
    at <unknown> (C:\Users\pc\Desktop\claudeproject\studio-manager\.next\server\chunks\ssr\_0zfb4r2._.js:1:9969)
    at <unknown> (C:\Users\pc\Desktop\claudeproject\studio-manager\.next\server\chunks\ssr\_0zfb4r2._.js:1:10072)
    at <unknown> (C:\Users\pc\Desktop\claudeproject\studio-manager\.next\server\chunks\ssr\_0zfb4r2._.js:1:10194)
    at async n (C:\Users\pc\Desktop\claudeproject\studio-manager\.next\server\chunks\ssr\[root-of-the-server]__1c_j_e2._.js:1:4829) {
  code: 'MISSING_MESSAGE',
  originalMessage: 'Legal (fr)'
}
Error: MISSING_MESSAGE: Legal (fr)
    at <unknown> (C:\Users\pc\Desktop\claudeproject\studio-manager\.next\server\chunks\ssr\_0zfb4r2._.js:1:9937)
    at <unknown> (C:\Users\pc\Desktop\claudeproject\studio-manager\.next\server\chunks\ssr\_0zfb4r2._.js:1:9969)
    at <unknown> (C:\Users\pc\Desktop\claudeproject\studio-manager\.next\server\chunks\ssr\_0zfb4r2._.js:1:10072)
    at <unknown> (C:\Users\pc\Desktop\claudeproject\studio-manager\.next\server\chunks\ssr\_0zfb4r2._.js:1:10194)
    at async n (C:\Users\pc\Desktop\claudeproject\studio-manager\.next\server\chunks\ssr\[root-of-the-server]__1c_j_e2._.js:1:4829) {
  code: 'MISSING_MESSAGE',
  originalMessage: 'Legal (fr)'
}
Error: MISSING_MESSAGE: Legal (fr)
    at <unknown> (C:\Users\pc\Desktop\claudeproject\studio-manager\.next\server\chunks\ssr\_0zfb4r2._.js:1:9937)
    at <unknown> (C:\Users\pc\Desktop\claudeproject\studio-manager\.next\server\chunks\ssr\_0zfb4r2._.js:1:9969)
    at <unknown> (C:\Users\pc\Desktop\claudeproject\studio-manager\.next\server\chunks\ssr\_0zfb4r2._.js:1:10072)
    at <unknown> (C:\Users\pc\Desktop\claudeproject\studio-manager\.next\server\chunks\ssr\_0zfb4r2._.js:1:10194)
    at async n (C:\Users\pc\Desktop\claudeproject\studio-manager\.next\server\chunks\ssr\[root-of-the-server]__1c_j_e2._.js:1:4829) {
  code: 'MISSING_MESSAGE',
  originalMessage: 'Legal (fr)'
}
Error: MISSING_MESSAGE: Legal (fr)
    at <unknown> (C:\Users\pc\Desktop\claudeproject\studio-manager\.next\server\chunks\ssr\_0zfb4r2._.js:1:9937)
    at <unknown> (C:\Users\pc\Desktop\claudeproject\studio-manager\.next\server\chunks\ssr\_0zfb4r2._.js:1:9969)
    at <unknown> (C:\Users\pc\Desktop\claudeproject\studio-manager\.next\server\chunks\ssr\_0zfb4r2._.js:1:10072)
    at <unknown> (C:\Users\pc\Desktop\claudeproject\studio-manager\.next\server\chunks\ssr\_0zfb4r2._.js:1:10194)
    at async n (C:\Users\pc\Desktop\claudeproject\studio-manager\.next\server\chunks\ssr\[root-of-the-server]__1c_j_e2._.js:1:4829) {
  code: 'MISSING_MESSAGE',
  originalMessage: 'Legal (fr)'
}
Error: MISSING_MESSAGE: Legal (fr)
    at <unknown> (C:\Users\pc\Desktop\claudeproject\studio-manager\.next\server\chunks\ssr\_0zfb4r2._.js:1:9937)
    at <unknown> (C:\Users\pc\Desktop\claudeproject\studio-manager\.next\server\chunks\ssr\_0zfb4r2._.js:1:9969)
    at <unknown> (C:\Users\pc\Desktop\claudeproject\studio-manager\.next\server\chunks\ssr\_0zfb4r2._.js:1:10072)
    at <unknown> (C:\Users\pc\Desktop\claudeproject\studio-manager\.next\server\chunks\ssr\_0zfb4r2._.js:1:10194)
    at async n (C:\Users\pc\Desktop\claudeproject\studio-manager\.next\server\chunks\ssr\[root-of-the-server]__1c_j_e2._.js:1:4829) {
  code: 'MISSING_MESSAGE',
  originalMessage: 'Legal (fr)'
}
Error: MISSING_MESSAGE: Legal (fr)
    at <unknown> (C:\Users\pc\Desktop\claudeproject\studio-manager\.next\server\chunks\ssr\_0zfb4r2._.js:1:9937)
    at <unknown> (C:\Users\pc\Desktop\claudeproject\studio-manager\.next\server\chunks\ssr\_0zfb4r2._.js:1:9969)
    at <unknown> (C:\Users\pc\Desktop\claudeproject\studio-manager\.next\server\chunks\ssr\_0zfb4r2._.js:1:10072)
    at <unknown> (C:\Users\pc\Desktop\claudeproject\studio-manager\.next\server\chunks\ssr\_0zfb4r2._.js:1:10194)
    at async n (C:\Users\pc\Desktop\claudeproject\studio-manager\.next\server\chunks\ssr\[root-of-the-server]__1c_j_e2._.js:1:4829) {
  code: 'MISSING_MESSAGE',
  originalMessage: 'Legal (fr)'
}
Error: MISSING_MESSAGE: Legal (fr)
    at <unknown> (C:\Users\pc\Desktop\claudeproject\studio-manager\.next\server\chunks\ssr\_0zfb4r2._.js:1:9937)
    at <unknown> (C:\Users\pc\Desktop\claudeproject\studio-manager\.next\server\chunks\ssr\_0zfb4r2._.js:1:9969)
    at <unknown> (C:\Users\pc\Desktop\claudeproject\studio-manager\.next\server\chunks\ssr\_0zfb4r2._.js:1:10072)
    at <unknown> (C:\Users\pc\Desktop\claudeproject\studio-manager\.next\server\chunks\ssr\_0zfb4r2._.js:1:10194)
    at async n (C:\Users\pc\Desktop\claudeproject\studio-manager\.next\server\chunks\ssr\[root-of-the-server]__1c_j_e2._.js:1:4829) {
  code: 'MISSING_MESSAGE',
  originalMessage: 'Legal (fr)'
}
Error: MISSING_MESSAGE: Legal (fr)
    at <unknown> (C:\Users\pc\Desktop\claudeproject\studio-manager\.next\server\chunks\ssr\_0zfb4r2._.js:1:9937)
    at <unknown> (C:\Users\pc\Desktop\claudeproject\studio-manager\.next\server\chunks\ssr\_0zfb4r2._.js:1:9969)
    at <unknown> (C:\Users\pc\Desktop\claudeproject\studio-manager\.next\server\chunks\ssr\_0zfb4r2._.js:1:10072)
    at <unknown> (C:\Users\pc\Desktop\claudeproject\studio-manager\.next\server\chunks\ssr\_0zfb4r2._.js:1:10194)
    at async n (C:\Users\pc\Desktop\claudeproject\studio-manager\.next\server\chunks\ssr\[root-of-the-server]__1c_j_e2._.js:1:4829) {
  code: 'MISSING_MESSAGE',
  originalMessage: 'Legal (fr)'
}
Error: MISSING_MESSAGE: Legal (fr)
    at <unknown> (C:\Users\pc\Desktop\claudeproject\studio-manager\.next\server\chunks\ssr\_0zfb4r2._.js:1:9937)
    at <unknown> (C:\Users\pc\Desktop\claudeproject\studio-manager\.next\server\chunks\ssr\_0zfb4r2._.js:1:9969)
    at <unknown> (C:\Users\pc\Desktop\claudeproject\studio-manager\.next\server\chunks\ssr\_0zfb4r2._.js:1:10072)
    at <unknown> (C:\Users\pc\Desktop\claudeproject\studio-manager\.next\server\chunks\ssr\_0zfb4r2._.js:1:10194)
    at async n (C:\Users\pc\Desktop\claudeproject\studio-manager\.next\server\chunks\ssr\[root-of-the-server]__1c_j_e2._.js:1:4829) {
  code: 'MISSING_MESSAGE',
  originalMessage: 'Legal (fr)'
}
Error: MISSING_MESSAGE: Legal (fr)
    at <unknown> (C:\Users\pc\Desktop\claudeproject\studio-manager\.next\server\chunks\ssr\_0zfb4r2._.js:1:9937)
    at <unknown> (C:\Users\pc\Desktop\claudeproject\studio-manager\.next\server\chunks\ssr\_0zfb4r2._.js:1:9969)
    at <unknown> (C:\Users\pc\Desktop\claudeproject\studio-manager\.next\server\chunks\ssr\_0zfb4r2._.js:1:10072)
    at <unknown> (C:\Users\pc\Desktop\claudeproject\studio-manager\.next\server\chunks\ssr\_0zfb4r2._.js:1:10194)
    at async n (C:\Users\pc\Desktop\claudeproject\studio-manager\.next\server\chunks\ssr\[root-of-the-server]__1c_j_e2._.js:1:4829) {
  code: 'MISSING_MESSAGE',
  originalMessage: 'Legal (fr)'
}
Error: MISSING_MESSAGE: Legal (fr)
    at <unknown> (C:\Users\pc\Desktop\claudeproject\studio-manager\.next\server\chunks\ssr\_0zfb4r2._.js:1:9937)
    at <unknown> (C:\Users\pc\Desktop\claudeproject\studio-manager\.next\server\chunks\ssr\_0zfb4r2._.js:1:9969)
    at <unknown> (C:\Users\pc\Desktop\claudeproject\studio-manager\.next\server\chunks\ssr\_0zfb4r2._.js:1:10072)
    at <unknown> (C:\Users\pc\Desktop\claudeproject\studio-manager\.next\server\chunks\ssr\_0zfb4r2._.js:1:10194)
    at async n (C:\Users\pc\Desktop\claudeproject\studio-manager\.next\server\chunks\ssr\[root-of-the-server]__1c_j_e2._.js:1:4829) {
  code: 'MISSING_MESSAGE',
  originalMessage: 'Legal (fr)'
}
Error: MISSING_MESSAGE: Legal (fr)
    at <unknown> (C:\Users\pc\Desktop\claudeproject\studio-manager\.next\server\chunks\ssr\_0zfb4r2._.js:1:9937)
    at <unknown> (C:\Users\pc\Desktop\claudeproject\studio-manager\.next\server\chunks\ssr\_0zfb4r2._.js:1:9969)
    at <unknown> (C:\Users\pc\Desktop\claudeproject\studio-manager\.next\server\chunks\ssr\_0zfb4r2._.js:1:10072)
    at <unknown> (C:\Users\pc\Desktop\claudeproject\studio-manager\.next\server\chunks\ssr\_0zfb4r2._.js:1:10194)
    at async n (C:\Users\pc\Desktop\claudeproject\studio-manager\.next\server\chunks\ssr\[root-of-the-server]__1c_j_e2._.js:1:4829) {
  code: 'MISSING_MESSAGE',
  originalMessage: 'Legal (fr)'
}
Error: MISSING_MESSAGE: Legal (fr)
    at <unknown> (C:\Users\pc\Desktop\claudeproject\studio-manager\.next\server\chunks\ssr\_0zfb4r2._.js:1:9937)
    at <unknown> (C:\Users\pc\Desktop\claudeproject\studio-manager\.next\server\chunks\ssr\_0zfb4r2._.js:1:9969)
    at <unknown> (C:\Users\pc\Desktop\claudeproject\studio-manager\.next\server\chunks\ssr\_0zfb4r2._.js:1:10072)
    at <unknown> (C:\Users\pc\Desktop\claudeproject\studio-manager\.next\server\chunks\ssr\_0zfb4r2._.js:1:10194)
    at async n (C:\Users\pc\Desktop\claudeproject\studio-manager\.next\server\chunks\ssr\[root-of-the-server]__1c_j_e2._.js:1:4829) {
  code: 'MISSING_MESSAGE',
  originalMessage: 'Legal (fr)'
}
Error: MISSING_MESSAGE: Legal (fr)
    at <unknown> (C:\Users\pc\Desktop\claudeproject\studio-manager\.next\server\chunks\ssr\_0zfb4r2._.js:1:9937)
    at <unknown> (C:\Users\pc\Desktop\claudeproject\studio-manager\.next\server\chunks\ssr\_0zfb4r2._.js:1:9969)
    at <unknown> (C:\Users\pc\Desktop\claudeproject\studio-manager\.next\server\chunks\ssr\_0zfb4r2._.js:1:10072)
    at <unknown> (C:\Users\pc\Desktop\claudeproject\studio-manager\.next\server\chunks\ssr\_0zfb4r2._.js:1:10194)
    at async n (C:\Users\pc\Desktop\claudeproject\studio-manager\.next\server\chunks\ssr\[root-of-the-server]__1c_j_e2._.js:1:4829) {
  code: 'MISSING_MESSAGE',
  originalMessage: 'Legal (fr)'
}
Error: MISSING_MESSAGE: Legal (fr)
    at <unknown> (C:\Users\pc\Desktop\claudeproject\studio-manager\.next\server\chunks\ssr\_0zfb4r2._.js:1:9937)
    at <unknown> (C:\Users\pc\Desktop\claudeproject\studio-manager\.next\server\chunks\ssr\_0zfb4r2._.js:1:9969)
    at <unknown> (C:\Users\pc\Desktop\claudeproject\studio-manager\.next\server\chunks\ssr\_0zfb4r2._.js:1:10072)
    at <unknown> (C:\Users\pc\Desktop\claudeproject\studio-manager\.next\server\chunks\ssr\_0zfb4r2._.js:1:10194)
    at async n (C:\Users\pc\Desktop\claudeproject\studio-manager\.next\server\chunks\ssr\[root-of-the-server]__1c_j_e2._.js:1:4829) {
  code: 'MISSING_MESSAGE',
  originalMessage: 'Legal (fr)'
}
Error: MISSING_MESSAGE: Legal (fr)
    at <unknown> (C:\Users\pc\Desktop\claudeproject\studio-manager\.next\server\chunks\ssr\_0zfb4r2._.js:1:9937)
    at <unknown> (C:\Users\pc\Desktop\claudeproject\studio-manager\.next\server\chunks\ssr\_0zfb4r2._.js:1:9969)
    at <unknown> (C:\Users\pc\Desktop\claudeproject\studio-manager\.next\server\chunks\ssr\_0zfb4r2._.js:1:10072)
    at <unknown> (C:\Users\pc\Desktop\claudeproject\studio-manager\.next\server\chunks\ssr\_0zfb4r2._.js:1:10194)
    at async n (C:\Users\pc\Desktop\claudeproject\studio-manager\.next\server\chunks\ssr\[root-of-the-server]__1c_j_e2._.js:1:4829) {
  code: 'MISSING_MESSAGE',
  originalMessage: 'Legal (fr)'
}
Error: MISSING_MESSAGE: Legal (fr)
    at <unknown> (C:\Users\pc\Desktop\claudeproject\studio-manager\.next\server\chunks\ssr\_0zfb4r2._.js:1:9937)
    at <unknown> (C:\Users\pc\Desktop\claudeproject\studio-manager\.next\server\chunks\ssr\_0zfb4r2._.js:1:9969)
    at <unknown> (C:\Users\pc\Desktop\claudeproject\studio-manager\.next\server\chunks\ssr\_0zfb4r2._.js:1:10072)
    at <unknown> (C:\Users\pc\Desktop\claudeproject\studio-manager\.next\server\chunks\ssr\_0zfb4r2._.js:1:10194)
    at async n (C:\Users\pc\Desktop\claudeproject\studio-manager\.next\server\chunks\ssr\[root-of-the-server]__1c_j_e2._.js:1:4829) {
  code: 'MISSING_MESSAGE',
  originalMessage: 'Legal (fr)'
}
Error: MISSING_MESSAGE: Legal (fr)
    at <unknown> (C:\Users\pc\Desktop\claudeproject\studio-manager\.next\server\chunks\ssr\_0zfb4r2._.js:1:9937)
    at <unknown> (C:\Users\pc\Desktop\claudeproject\studio-manager\.next\server\chunks\ssr\_0zfb4r2._.js:1:9969)
    at <unknown> (C:\Users\pc\Desktop\claudeproject\studio-manager\.next\server\chunks\ssr\_0zfb4r2._.js:1:10072)
    at <unknown> (C:\Users\pc\Desktop\claudeproject\studio-manager\.next\server\chunks\ssr\_0zfb4r2._.js:1:10194)
    at async n (C:\Users\pc\Desktop\claudeproject\studio-manager\.next\server\chunks\ssr\[root-of-the-server]__1c_j_e2._.js:1:4829) {
  code: 'MISSING_MESSAGE',
  originalMessage: 'Legal (fr)'
}
Error: MISSING_MESSAGE: Legal (fr)
    at <unknown> (C:\Users\pc\Desktop\claudeproject\studio-manager\.next\server\chunks\ssr\_0zfb4r2._.js:1:9937)
    at <unknown> (C:\Users\pc\Desktop\claudeproject\studio-manager\.next\server\chunks\ssr\_0zfb4r2._.js:1:9969)
    at <unknown> (C:\Users\pc\Desktop\claudeproject\studio-manager\.next\server\chunks\ssr\_0zfb4r2._.js:1:10072)
    at <unknown> (C:\Users\pc\Desktop\claudeproject\studio-manager\.next\server\chunks\ssr\_0zfb4r2._.js:1:10194)
    at async n (C:\Users\pc\Desktop\claudeproject\studio-manager\.next\server\chunks\ssr\[root-of-the-server]__1c_j_e2._.js:1:4829) {
  code: 'MISSING_MESSAGE',
  originalMessage: 'Legal (fr)'
}
Error: MISSING_MESSAGE: Legal (fr)
    at <unknown> (C:\Users\pc\Desktop\claudeproject\studio-manager\.next\server\chunks\ssr\_0zfb4r2._.js:1:9937)
    at <unknown> (C:\Users\pc\Desktop\claudeproject\studio-manager\.next\server\chunks\ssr\_0zfb4r2._.js:1:9969)
    at <unknown> (C:\Users\pc\Desktop\claudeproject\studio-manager\.next\server\chunks\ssr\_0zfb4r2._.js:1:10072)
    at <unknown> (C:\Users\pc\Desktop\claudeproject\studio-manager\.next\server\chunks\ssr\_0zfb4r2._.js:1:10194)
    at async n (C:\Users\pc\Desktop\claudeproject\studio-manager\.next\server\chunks\ssr\[root-of-the-server]__1c_j_e2._.js:1:4829) {
  code: 'MISSING_MESSAGE',
  originalMessage: 'Legal (fr)'
}
Error: MISSING_MESSAGE: Legal (fr)
    at <unknown> (C:\Users\pc\Desktop\claudeproject\studio-manager\.next\server\chunks\ssr\_0zfb4r2._.js:1:9937)
    at <unknown> (C:\Users\pc\Desktop\claudeproject\studio-manager\.next\server\chunks\ssr\_0zfb4r2._.js:1:9969)
    at <unknown> (C:\Users\pc\Desktop\claudeproject\studio-manager\.next\server\chunks\ssr\_0zfb4r2._.js:1:10072)
    at <unknown> (C:\Users\pc\Desktop\claudeproject\studio-manager\.next\server\chunks\ssr\_0zfb4r2._.js:1:10194)
    at async n (C:\Users\pc\Desktop\claudeproject\studio-manager\.next\server\chunks\ssr\[root-of-the-server]__1c_j_e2._.js:1:4829) {
  code: 'MISSING_MESSAGE',
  originalMessage: 'Legal (fr)'
}
Error: MISSING_MESSAGE: Legal (fr)
    at <unknown> (C:\Users\pc\Desktop\claudeproject\studio-manager\.next\server\chunks\ssr\_0zfb4r2._.js:1:9937)
    at <unknown> (C:\Users\pc\Desktop\claudeproject\studio-manager\.next\server\chunks\ssr\_0zfb4r2._.js:1:9969)
    at <unknown> (C:\Users\pc\Desktop\claudeproject\studio-manager\.next\server\chunks\ssr\_0zfb4r2._.js:1:10072)
    at <unknown> (C:\Users\pc\Desktop\claudeproject\studio-manager\.next\server\chunks\ssr\_0zfb4r2._.js:1:10194)
    at async n (C:\Users\pc\Desktop\claudeproject\studio-manager\.next\server\chunks\ssr\[root-of-the-server]__1c_j_e2._.js:1:4829) {
  code: 'MISSING_MESSAGE',
  originalMessage: 'Legal (fr)'
}
Error: MISSING_MESSAGE: Legal (fr)
    at <unknown> (C:\Users\pc\Desktop\claudeproject\studio-manager\.next\server\chunks\ssr\_0zfb4r2._.js:1:9937)
    at <unknown> (C:\Users\pc\Desktop\claudeproject\studio-manager\.next\server\chunks\ssr\_0zfb4r2._.js:1:9969)
    at <unknown> (C:\Users\pc\Desktop\claudeproject\studio-manager\.next\server\chunks\ssr\_0zfb4r2._.js:1:10072)
    at <unknown> (C:\Users\pc\Desktop\claudeproject\studio-manager\.next\server\chunks\ssr\_0zfb4r2._.js:1:10194)
    at async n (C:\Users\pc\Desktop\claudeproject\studio-manager\.next\server\chunks\ssr\[root-of-the-server]__1c_j_e2._.js:1:4829) {
  code: 'MISSING_MESSAGE',
  originalMessage: 'Legal (fr)'
}
Error: MISSING_MESSAGE: Legal (fr)
    at <unknown> (C:\Users\pc\Desktop\claudeproject\studio-manager\.next\server\chunks\ssr\_0zfb4r2._.js:1:9937)
    at <unknown> (C:\Users\pc\Desktop\claudeproject\studio-manager\.next\server\chunks\ssr\_0zfb4r2._.js:1:9969)
    at <unknown> (C:\Users\pc\Desktop\claudeproject\studio-manager\.next\server\chunks\ssr\_0zfb4r2._.js:1:10072)
    at <unknown> (C:\Users\pc\Desktop\claudeproject\studio-manager\.next\server\chunks\ssr\_0zfb4r2._.js:1:10194)
    at async n (C:\Users\pc\Desktop\claudeproject\studio-manager\.next\server\chunks\ssr\[root-of-the-server]__1c_j_e2._.js:1:4829) {
  code: 'MISSING_MESSAGE',
  originalMessage: 'Legal (fr)'
}
Error: MISSING_MESSAGE: Legal (fr)
    at <unknown> (C:\Users\pc\Desktop\claudeproject\studio-manager\.next\server\chunks\ssr\_0zfb4r2._.js:1:9937)
    at <unknown> (C:\Users\pc\Desktop\claudeproject\studio-manager\.next\server\chunks\ssr\_0zfb4r2._.js:1:9969)
    at <unknown> (C:\Users\pc\Desktop\claudeproject\studio-manager\.next\server\chunks\ssr\_0zfb4r2._.js:1:10072)
    at <unknown> (C:\Users\pc\Desktop\claudeproject\studio-manager\.next\server\chunks\ssr\_0zfb4r2._.js:1:10194)
    at async n (C:\Users\pc\Desktop\claudeproject\studio-manager\.next\server\chunks\ssr\[root-of-the-server]__1c_j_e2._.js:1:4829) {
  code: 'MISSING_MESSAGE',
  originalMessage: 'Legal (fr)'
}
Error: MISSING_MESSAGE: Legal (fr)
    at <unknown> (C:\Users\pc\Desktop\claudeproject\studio-manager\.next\server\chunks\ssr\_0zfb4r2._.js:1:9937)
    at <unknown> (C:\Users\pc\Desktop\claudeproject\studio-manager\.next\server\chunks\ssr\_0zfb4r2._.js:1:9969)
    at <unknown> (C:\Users\pc\Desktop\claudeproject\studio-manager\.next\server\chunks\ssr\_0zfb4r2._.js:1:10072)
    at <unknown> (C:\Users\pc\Desktop\claudeproject\studio-manager\.next\server\chunks\ssr\_0zfb4r2._.js:1:10194)
    at async n (C:\Users\pc\Desktop\claudeproject\studio-manager\.next\server\chunks\ssr\[root-of-the-server]__1c_j_e2._.js:1:4829) {
  code: 'MISSING_MESSAGE',
  originalMessage: 'Legal (fr)'
}
Error: MISSING_MESSAGE: Legal (fr)
    at <unknown> (C:\Users\pc\Desktop\claudeproject\studio-manager\.next\server\chunks\ssr\_0zfb4r2._.js:1:9937)
    at <unknown> (C:\Users\pc\Desktop\claudeproject\studio-manager\.next\server\chunks\ssr\_0zfb4r2._.js:1:9969)
    at <unknown> (C:\Users\pc\Desktop\claudeproject\studio-manager\.next\server\chunks\ssr\_0zfb4r2._.js:1:10072)
    at <unknown> (C:\Users\pc\Desktop\claudeproject\studio-manager\.next\server\chunks\ssr\_0zfb4r2._.js:1:10194)
    at async n (C:\Users\pc\Desktop\claudeproject\studio-manager\.next\server\chunks\ssr\[root-of-the-server]__1c_j_e2._.js:1:4829) {
  code: 'MISSING_MESSAGE',
  originalMessage: 'Legal (fr)'
}
Error: MISSING_MESSAGE: Legal (fr)
    at <unknown> (C:\Users\pc\Desktop\claudeproject\studio-manager\.next\server\chunks\ssr\_0zfb4r2._.js:1:9937)
    at <unknown> (C:\Users\pc\Desktop\claudeproject\studio-manager\.next\server\chunks\ssr\_0zfb4r2._.js:1:9969)
    at <unknown> (C:\Users\pc\Desktop\claudeproject\studio-manager\.next\server\chunks\ssr\_0zfb4r2._.js:1:10072)
    at <unknown> (C:\Users\pc\Desktop\claudeproject\studio-manager\.next\server\chunks\ssr\_0zfb4r2._.js:1:10194)
    at async n (C:\Users\pc\Desktop\claudeproject\studio-manager\.next\server\chunks\ssr\[root-of-the-server]__1c_j_e2._.js:1:4829) {
  code: 'MISSING_MESSAGE',
  originalMessage: 'Legal (fr)'
}
Error: MISSING_MESSAGE: Legal (fr)
    at <unknown> (C:\Users\pc\Desktop\claudeproject\studio-manager\.next\server\chunks\ssr\_0zfb4r2._.js:1:9937)
    at <unknown> (C:\Users\pc\Desktop\claudeproject\studio-manager\.next\server\chunks\ssr\_0zfb4r2._.js:1:9969)
    at <unknown> (C:\Users\pc\Desktop\claudeproject\studio-manager\.next\server\chunks\ssr\_0zfb4r2._.js:1:10072)
    at <unknown> (C:\Users\pc\Desktop\claudeproject\studio-manager\.next\server\chunks\ssr\_0zfb4r2._.js:1:10194)
    at async n (C:\Users\pc\Desktop\claudeproject\studio-manager\.next\server\chunks\ssr\[root-of-the-server]__1c_j_e2._.js:1:4829) {
  code: 'MISSING_MESSAGE',
  originalMessage: 'Legal (fr)'
}
Error: MISSING_MESSAGE: Legal (fr)
    at <unknown> (C:\Users\pc\Desktop\claudeproject\studio-manager\.next\server\chunks\ssr\_0zfb4r2._.js:1:9937)
    at <unknown> (C:\Users\pc\Desktop\claudeproject\studio-manager\.next\server\chunks\ssr\_0zfb4r2._.js:1:9969)
    at <unknown> (C:\Users\pc\Desktop\claudeproject\studio-manager\.next\server\chunks\ssr\_0zfb4r2._.js:1:10072)
    at <unknown> (C:\Users\pc\Desktop\claudeproject\studio-manager\.next\server\chunks\ssr\_0zfb4r2._.js:1:10194)
    at async n (C:\Users\pc\Desktop\claudeproject\studio-manager\.next\server\chunks\ssr\[root-of-the-server]__1c_j_e2._.js:1:4829) {
  code: 'MISSING_MESSAGE',
  originalMessage: 'Legal (fr)'
}
Error: MISSING_MESSAGE: Legal (fr)
    at <unknown> (C:\Users\pc\Desktop\claudeproject\studio-manager\.next\server\chunks\ssr\_0zfb4r2._.js:1:9937)
    at <unknown> (C:\Users\pc\Desktop\claudeproject\studio-manager\.next\server\chunks\ssr\_0zfb4r2._.js:1:9969)
    at <unknown> (C:\Users\pc\Desktop\claudeproject\studio-manager\.next\server\chunks\ssr\_0zfb4r2._.js:1:10072)
    at <unknown> (C:\Users\pc\Desktop\claudeproject\studio-manager\.next\server\chunks\ssr\_0zfb4r2._.js:1:10194)
    at async n (C:\Users\pc\Desktop\claudeproject\studio-manager\.next\server\chunks\ssr\[root-of-the-server]__1c_j_e2._.js:1:4829) {
  code: 'MISSING_MESSAGE',
  originalMessage: 'Legal (fr)'
}
Error: MISSING_MESSAGE: Legal (fr)
    at <unknown> (C:\Users\pc\Desktop\claudeproject\studio-manager\.next\server\chunks\ssr\_0zfb4r2._.js:1:9937)
    at <unknown> (C:\Users\pc\Desktop\claudeproject\studio-manager\.next\server\chunks\ssr\_0zfb4r2._.js:1:9969)
    at <unknown> (C:\Users\pc\Desktop\claudeproject\studio-manager\.next\server\chunks\ssr\_0zfb4r2._.js:1:10072)
    at <unknown> (C:\Users\pc\Desktop\claudeproject\studio-manager\.next\server\chunks\ssr\_0zfb4r2._.js:1:10194)
    at async n (C:\Users\pc\Desktop\claudeproject\studio-manager\.next\server\chunks\ssr\[root-of-the-server]__1c_j_e2._.js:1:4829) {
  code: 'MISSING_MESSAGE',
  originalMessage: 'Legal (fr)'
}
Error: MISSING_MESSAGE: Legal (fr)
    at <unknown> (C:\Users\pc\Desktop\claudeproject\studio-manager\.next\server\chunks\ssr\_0zfb4r2._.js:1:9937)
    at <unknown> (C:\Users\pc\Desktop\claudeproject\studio-manager\.next\server\chunks\ssr\_0zfb4r2._.js:1:9969)
    at <unknown> (C:\Users\pc\Desktop\claudeproject\studio-manager\.next\server\chunks\ssr\_0zfb4r2._.js:1:10072)
    at <unknown> (C:\Users\pc\Desktop\claudeproject\studio-manager\.next\server\chunks\ssr\_0zfb4r2._.js:1:10194)
    at async n (C:\Users\pc\Desktop\claudeproject\studio-manager\.next\server\chunks\ssr\[root-of-the-server]__1c_j_e2._.js:1:4829) {
  code: 'MISSING_MESSAGE',
  originalMessage: 'Legal (fr)'
}
Error: MISSING_MESSAGE: Legal (fr)
    at <unknown> (C:\Users\pc\Desktop\claudeproject\studio-manager\.next\server\chunks\ssr\_0zfb4r2._.js:1:9937)
    at <unknown> (C:\Users\pc\Desktop\claudeproject\studio-manager\.next\server\chunks\ssr\_0zfb4r2._.js:1:9969)
    at <unknown> (C:\Users\pc\Desktop\claudeproject\studio-manager\.next\server\chunks\ssr\_0zfb4r2._.js:1:10072)
    at <unknown> (C:\Users\pc\Desktop\claudeproject\studio-manager\.next\server\chunks\ssr\_0zfb4r2._.js:1:10194)
    at async n (C:\Users\pc\Desktop\claudeproject\studio-manager\.next\server\chunks\ssr\[root-of-the-server]__1c_j_e2._.js:1:4829) {
  code: 'MISSING_MESSAGE',
  originalMessage: 'Legal (fr)'
}
Error: MISSING_MESSAGE: Legal (fr)
    at <unknown> (C:\Users\pc\Desktop\claudeproject\studio-manager\.next\server\chunks\ssr\_0zfb4r2._.js:1:9937)
    at <unknown> (C:\Users\pc\Desktop\claudeproject\studio-manager\.next\server\chunks\ssr\_0zfb4r2._.js:1:9969)
    at <unknown> (C:\Users\pc\Desktop\claudeproject\studio-manager\.next\server\chunks\ssr\_0zfb4r2._.js:1:10072)
    at <unknown> (C:\Users\pc\Desktop\claudeproject\studio-manager\.next\server\chunks\ssr\_0zfb4r2._.js:1:10194)
    at async n (C:\Users\pc\Desktop\claudeproject\studio-manager\.next\server\chunks\ssr\[root-of-the-server]__1c_j_e2._.js:1:4829) {
  code: 'MISSING_MESSAGE',
  originalMessage: 'Legal (fr)'
}
Error: MISSING_MESSAGE: Legal (fr)
    at <unknown> (C:\Users\pc\Desktop\claudeproject\studio-manager\.next\server\chunks\ssr\_0zfb4r2._.js:1:9937)
    at <unknown> (C:\Users\pc\Desktop\claudeproject\studio-manager\.next\server\chunks\ssr\_0zfb4r2._.js:1:9969)
    at <unknown> (C:\Users\pc\Desktop\claudeproject\studio-manager\.next\server\chunks\ssr\_0zfb4r2._.js:1:10072)
    at <unknown> (C:\Users\pc\Desktop\claudeproject\studio-manager\.next\server\chunks\ssr\_0zfb4r2._.js:1:10194)
    at async Module.l [as generateMetadata] (C:\Users\pc\Desktop\claudeproject\studio-manager\.next\server\chunks\ssr\[root-of-the-server]__1c_j_e2._.js:1:4006) {
  code: 'MISSING_MESSAGE',
  originalMessage: 'Legal (fr)'
}
Error: MISSING_MESSAGE: Legal (fr)
    at <unknown> (C:\Users\pc\Desktop\claudeproject\studio-manager\.next\server\chunks\ssr\_0zfb4r2._.js:1:9937)
    at <unknown> (C:\Users\pc\Desktop\claudeproject\studio-manager\.next\server\chunks\ssr\_0zfb4r2._.js:1:9969)
    at <unknown> (C:\Users\pc\Desktop\claudeproject\studio-manager\.next\server\chunks\ssr\_0zfb4r2._.js:1:10072)
    at <unknown> (C:\Users\pc\Desktop\claudeproject\studio-manager\.next\server\chunks\ssr\_0zfb4r2._.js:1:10194)
    at async Module.l [as generateMetadata] (C:\Users\pc\Desktop\claudeproject\studio-manager\.next\server\chunks\ssr\[root-of-the-server]__1c_j_e2._.js:1:4006) {
  code: 'MISSING_MESSAGE',
  originalMessage: 'Legal (fr)'
}
Error: MISSING_MESSAGE: Legal (fr)
    at <unknown> (C:\Users\pc\Desktop\claudeproject\studio-manager\.next\server\chunks\ssr\_0zfb4r2._.js:1:9937)
    at <unknown> (C:\Users\pc\Desktop\claudeproject\studio-manager\.next\server\chunks\ssr\_0zfb4r2._.js:1:9969)
    at <unknown> (C:\Users\pc\Desktop\claudeproject\studio-manager\.next\server\chunks\ssr\_0zfb4r2._.js:1:10072)
    at <unknown> (C:\Users\pc\Desktop\claudeproject\studio-manager\.next\server\chunks\ssr\_0zfb4r2._.js:1:10194)
    at async Module.l [as generateMetadata] (C:\Users\pc\Desktop\claudeproject\studio-manager\.next\server\chunks\ssr\[root-of-the-server]__1c_j_e2._.js:1:4006) {
  code: 'MISSING_MESSAGE',
  originalMessage: 'Legal (fr)'
}
Error: MISSING_MESSAGE: Legal (fr)
    at <unknown> (C:\Users\pc\Desktop\claudeproject\studio-manager\.next\server\chunks\ssr\_0zfb4r2._.js:1:9937)
    at <unknown> (C:\Users\pc\Desktop\claudeproject\studio-manager\.next\server\chunks\ssr\_0zfb4r2._.js:1:9969)
    at <unknown> (C:\Users\pc\Desktop\claudeproject\studio-manager\.next\server\chunks\ssr\_0zfb4r2._.js:1:10072)
    at <unknown> (C:\Users\pc\Desktop\claudeproject\studio-manager\.next\server\chunks\ssr\_0zfb4r2._.js:1:10194)
    at async Module.l [as generateMetadata] (C:\Users\pc\Desktop\claudeproject\studio-manager\.next\server\chunks\ssr\[root-of-the-server]__1c_j_e2._.js:1:4006) {
  code: 'MISSING_MESSAGE',
  originalMessage: 'Legal (fr)'
}
Error: MISSING_MESSAGE: Legal (fr)
    at <unknown> (C:\Users\pc\Desktop\claudeproject\studio-manager\.next\server\chunks\ssr\_0zfb4r2._.js:1:9937)
    at <unknown> (C:\Users\pc\Desktop\claudeproject\studio-manager\.next\server\chunks\ssr\_0zfb4r2._.js:1:9969)
    at <unknown> (C:\Users\pc\Desktop\claudeproject\studio-manager\.next\server\chunks\ssr\_0zfb4r2._.js:1:10072)
    at <unknown> (C:\Users\pc\Desktop\claudeproject\studio-manager\.next\server\chunks\ssr\_0zfb4r2._.js:1:10194)
    at async Module.l [as generateMetadata] (C:\Users\pc\Desktop\claudeproject\studio-manager\.next\server\chunks\ssr\[root-of-the-server]__1c_j_e2._.js:1:4006) {
  code: 'MISSING_MESSAGE',
  originalMessage: 'Legal (fr)'
}
Error: MISSING_MESSAGE: Legal (fr)
    at <unknown> (C:\Users\pc\Desktop\claudeproject\studio-manager\.next\server\chunks\ssr\_0zfb4r2._.js:1:9937)
    at <unknown> (C:\Users\pc\Desktop\claudeproject\studio-manager\.next\server\chunks\ssr\_0zfb4r2._.js:1:9969)
    at <unknown> (C:\Users\pc\Desktop\claudeproject\studio-manager\.next\server\chunks\ssr\_0zfb4r2._.js:1:10072)
    at <unknown> (C:\Users\pc\Desktop\claudeproject\studio-manager\.next\server\chunks\ssr\_0zfb4r2._.js:1:10194)
    at async Module.l [as generateMetadata] (C:\Users\pc\Desktop\claudeproject\studio-manager\.next\server\chunks\ssr\[root-of-the-server]__1c_j_e2._.js:1:4006) {
  code: 'MISSING_MESSAGE',
  originalMessage: 'Legal (fr)'
}
  Generating static pages using 11 workers (15/61) 
Error: MISSING_MESSAGE: ProductMockup (fr)
    at <unknown> (C:\Users\pc\Desktop\claudeproject\studio-manager\.next\server\chunks\ssr\_0tgc1f4._.js:1:4479)
    at <unknown> (C:\Users\pc\Desktop\claudeproject\studio-manager\.next\server\chunks\ssr\_09xat3f._.js:1:10360) {
  code: 'MISSING_MESSAGE',
  originalMessage: 'ProductMockup (fr)'
}
Error: MISSING_MESSAGE: ProductMockup (fr)
    at <unknown> (C:\Users\pc\Desktop\claudeproject\studio-manager\.next\server\chunks\ssr\_0tgc1f4._.js:1:4479)
    at <unknown> (C:\Users\pc\Desktop\claudeproject\studio-manager\.next\server\chunks\ssr\_09xat3f._.js:1:10360) {
  code: 'MISSING_MESSAGE',
  originalMessage: 'ProductMockup (fr)'
}
Error: MISSING_MESSAGE: ProductMockup (fr)
    at <unknown> (C:\Users\pc\Desktop\claudeproject\studio-manager\.next\server\chunks\ssr\_0tgc1f4._.js:1:4479)
    at <unknown> (C:\Users\pc\Desktop\claudeproject\studio-manager\.next\server\chunks\ssr\_09xat3f._.js:1:10360) {
  code: 'MISSING_MESSAGE',
  originalMessage: 'ProductMockup (fr)'
}
Error: MISSING_MESSAGE: ProductMockup (fr)
    at <unknown> (C:\Users\pc\Desktop\claudeproject\studio-manager\.next\server\chunks\ssr\_0tgc1f4._.js:1:4479)
    at <unknown> (C:\Users\pc\Desktop\claudeproject\studio-manager\.next\server\chunks\ssr\_09xat3f._.js:1:10360) {
  code: 'MISSING_MESSAGE',
  originalMessage: 'ProductMockup (fr)'
}
Error: MISSING_MESSAGE: ProductMockup (fr)
    at <unknown> (C:\Users\pc\Desktop\claudeproject\studio-manager\.next\server\chunks\ssr\_0tgc1f4._.js:1:4479)
    at <unknown> (C:\Users\pc\Desktop\claudeproject\studio-manager\.next\server\chunks\ssr\_09xat3f._.js:1:10360) {
  code: 'MISSING_MESSAGE',
  originalMessage: 'ProductMockup (fr)'
}
Error: MISSING_MESSAGE: ProductMockup (fr)
    at <unknown> (C:\Users\pc\Desktop\claudeproject\studio-manager\.next\server\chunks\ssr\_0tgc1f4._.js:1:4479)
    at <unknown> (C:\Users\pc\Desktop\claudeproject\studio-manager\.next\server\chunks\ssr\_09xat3f._.js:1:10360) {
  code: 'MISSING_MESSAGE',
  originalMessage: 'ProductMockup (fr)'
}
Error: MISSING_MESSAGE: ProductMockup (fr)
    at <unknown> (C:\Users\pc\Desktop\claudeproject\studio-manager\.next\server\chunks\ssr\_0tgc1f4._.js:1:4479)
    at <unknown> (C:\Users\pc\Desktop\claudeproject\studio-manager\.next\server\chunks\ssr\_09xat3f._.js:1:10360) {
  code: 'MISSING_MESSAGE',
  originalMessage: 'ProductMockup (fr)'
}
Error: MISSING_MESSAGE: ProductMockup (fr)
    at <unknown> (C:\Users\pc\Desktop\claudeproject\studio-manager\.next\server\chunks\ssr\_0tgc1f4._.js:1:4479)
    at <unknown> (C:\Users\pc\Desktop\claudeproject\studio-manager\.next\server\chunks\ssr\_09xat3f._.js:1:10360) {
  code: 'MISSING_MESSAGE',
  originalMessage: 'ProductMockup (fr)'
}
Error: MISSING_MESSAGE: ProductMockup (fr)
    at <unknown> (C:\Users\pc\Desktop\claudeproject\studio-manager\.next\server\chunks\ssr\_0tgc1f4._.js:1:4479)
    at <unknown> (C:\Users\pc\Desktop\claudeproject\studio-manager\.next\server\chunks\ssr\_09xat3f._.js:1:10360) {
  code: 'MISSING_MESSAGE',
  originalMessage: 'ProductMockup (fr)'
}
Error: MISSING_MESSAGE: ProductMockup (fr)
    at <unknown> (C:\Users\pc\Desktop\claudeproject\studio-manager\.next\server\chunks\ssr\_0tgc1f4._.js:1:4479)
    at <unknown> (C:\Users\pc\Desktop\claudeproject\studio-manager\.next\server\chunks\ssr\_09xat3f._.js:1:10360) {
  code: 'MISSING_MESSAGE',
  originalMessage: 'ProductMockup (fr)'
}
Error: MISSING_MESSAGE: ProductMockup (fr)
    at <unknown> (C:\Users\pc\Desktop\claudeproject\studio-manager\.next\server\chunks\ssr\_0tgc1f4._.js:1:4479)
    at <unknown> (C:\Users\pc\Desktop\claudeproject\studio-manager\.next\server\chunks\ssr\_09xat3f._.js:1:10360) {
  code: 'MISSING_MESSAGE',
  originalMessage: 'ProductMockup (fr)'
}
Error: MISSING_MESSAGE: ProductMockup (fr)
    at <unknown> (C:\Users\pc\Desktop\claudeproject\studio-manager\.next\server\chunks\ssr\_0tgc1f4._.js:1:4479)
    at <unknown> (C:\Users\pc\Desktop\claudeproject\studio-manager\.next\server\chunks\ssr\_09xat3f._.js:1:10360) {
  code: 'MISSING_MESSAGE',
  originalMessage: 'ProductMockup (fr)'
}
Error: MISSING_MESSAGE: ProductMockup (fr)
    at <unknown> (C:\Users\pc\Desktop\claudeproject\studio-manager\.next\server\chunks\ssr\_0tgc1f4._.js:1:4479)
    at <unknown> (C:\Users\pc\Desktop\claudeproject\studio-manager\.next\server\chunks\ssr\_09xat3f._.js:1:10360) {
  code: 'MISSING_MESSAGE',
  originalMessage: 'ProductMockup (fr)'
}
Error: MISSING_MESSAGE: ProductMockup (fr)
    at <unknown> (C:\Users\pc\Desktop\claudeproject\studio-manager\.next\server\chunks\ssr\_0tgc1f4._.js:1:4479)
    at <unknown> (C:\Users\pc\Desktop\claudeproject\studio-manager\.next\server\chunks\ssr\_09xat3f._.js:1:10360) {
  code: 'MISSING_MESSAGE',
  originalMessage: 'ProductMockup (fr)'
}
Error: MISSING_MESSAGE: ProductMockup (fr)
    at <unknown> (C:\Users\pc\Desktop\claudeproject\studio-manager\.next\server\chunks\ssr\_0tgc1f4._.js:1:4479)
    at <unknown> (C:\Users\pc\Desktop\claudeproject\studio-manager\.next\server\chunks\ssr\_09xat3f._.js:1:10360) {
  code: 'MISSING_MESSAGE',
  originalMessage: 'ProductMockup (fr)'
}
Error: MISSING_MESSAGE: ProductMockup (fr)
    at <unknown> (C:\Users\pc\Desktop\claudeproject\studio-manager\.next\server\chunks\ssr\_0tgc1f4._.js:1:4479)
    at <unknown> (C:\Users\pc\Desktop\claudeproject\studio-manager\.next\server\chunks\ssr\_09xat3f._.js:1:10360) {
  code: 'MISSING_MESSAGE',
  originalMessage: 'ProductMockup (fr)'
}
Error: MISSING_MESSAGE: ProductMockup (fr)
    at <unknown> (C:\Users\pc\Desktop\claudeproject\studio-manager\.next\server\chunks\ssr\_0tgc1f4._.js:1:4479)
    at <unknown> (C:\Users\pc\Desktop\claudeproject\studio-manager\.next\server\chunks\ssr\_09xat3f._.js:1:10360) {
  code: 'MISSING_MESSAGE',
  originalMessage: 'ProductMockup (fr)'
}
Error: MISSING_MESSAGE: ProductMockup (fr)
    at <unknown> (C:\Users\pc\Desktop\claudeproject\studio-manager\.next\server\chunks\ssr\_0tgc1f4._.js:1:4479)
    at <unknown> (C:\Users\pc\Desktop\claudeproject\studio-manager\.next\server\chunks\ssr\_09xat3f._.js:1:10360) {
  code: 'MISSING_MESSAGE',
  originalMessage: 'ProductMockup (fr)'
}
Error: MISSING_MESSAGE: ProductMockup (fr)
    at <unknown> (C:\Users\pc\Desktop\claudeproject\studio-manager\.next\server\chunks\ssr\_0tgc1f4._.js:1:4479)
    at <unknown> (C:\Users\pc\Desktop\claudeproject\studio-manager\.next\server\chunks\ssr\_09xat3f._.js:1:10360) {
  code: 'MISSING_MESSAGE',
  originalMessage: 'ProductMockup (fr)'
}
Error: MISSING_MESSAGE: ProductMockup (fr)
    at <unknown> (C:\Users\pc\Desktop\claudeproject\studio-manager\.next\server\chunks\ssr\_0tgc1f4._.js:1:4479)
    at <unknown> (C:\Users\pc\Desktop\claudeproject\studio-manager\.next\server\chunks\ssr\_09xat3f._.js:1:10360) {
  code: 'MISSING_MESSAGE',
  originalMessage: 'ProductMockup (fr)'
}
Error: MISSING_MESSAGE: ProductMockup (fr)
    at <unknown> (C:\Users\pc\Desktop\claudeproject\studio-manager\.next\server\chunks\ssr\_0tgc1f4._.js:1:4479)
    at <unknown> (C:\Users\pc\Desktop\claudeproject\studio-manager\.next\server\chunks\ssr\_09xat3f._.js:1:10360) {
  code: 'MISSING_MESSAGE',
  originalMessage: 'ProductMockup (fr)'
}
Error: MISSING_MESSAGE: ProductMockup (fr)
    at <unknown> (C:\Users\pc\Desktop\claudeproject\studio-manager\.next\server\chunks\ssr\_0tgc1f4._.js:1:4479)
    at <unknown> (C:\Users\pc\Desktop\claudeproject\studio-manager\.next\server\chunks\ssr\_09xat3f._.js:1:10360) {
  code: 'MISSING_MESSAGE',
  originalMessage: 'ProductMockup (fr)'
}
Error: MISSING_MESSAGE: ProductMockup (fr)
    at <unknown> (C:\Users\pc\Desktop\claudeproject\studio-manager\.next\server\chunks\ssr\_0tgc1f4._.js:1:4479)
    at <unknown> (C:\Users\pc\Desktop\claudeproject\studio-manager\.next\server\chunks\ssr\_09xat3f._.js:1:10360) {
  code: 'MISSING_MESSAGE',
  originalMessage: 'ProductMockup (fr)'
}
Error: MISSING_MESSAGE: ProductMockup (fr)
    at <unknown> (C:\Users\pc\Desktop\claudeproject\studio-manager\.next\server\chunks\ssr\_0tgc1f4._.js:1:4479)
    at <unknown> (C:\Users\pc\Desktop\claudeproject\studio-manager\.next\server\chunks\ssr\_09xat3f._.js:1:10360) {
  code: 'MISSING_MESSAGE',
  originalMessage: 'ProductMockup (fr)'
}
Error: MISSING_MESSAGE: ProductMockup (fr)
    at <unknown> (C:\Users\pc\Desktop\claudeproject\studio-manager\.next\server\chunks\ssr\_0tgc1f4._.js:1:4479)
    at <unknown> (C:\Users\pc\Desktop\claudeproject\studio-manager\.next\server\chunks\ssr\_09xat3f._.js:1:10360) {
  code: 'MISSING_MESSAGE',
  originalMessage: 'ProductMockup (fr)'
}
Error: MISSING_MESSAGE: ProductMockup (fr)
    at <unknown> (C:\Users\pc\Desktop\claudeproject\studio-manager\.next\server\chunks\ssr\_0tgc1f4._.js:1:4479)
    at <unknown> (C:\Users\pc\Desktop\claudeproject\studio-manager\.next\server\chunks\ssr\_09xat3f._.js:1:10360) {
  code: 'MISSING_MESSAGE',
  originalMessage: 'ProductMockup (fr)'
}
Error: MISSING_MESSAGE: ProductMockup (fr)
    at <unknown> (C:\Users\pc\Desktop\claudeproject\studio-manager\.next\server\chunks\ssr\_0tgc1f4._.js:1:4479)
    at <unknown> (C:\Users\pc\Desktop\claudeproject\studio-manager\.next\server\chunks\ssr\_09xat3f._.js:1:10360) {
  code: 'MISSING_MESSAGE',
  originalMessage: 'ProductMockup (fr)'
}
Error: MISSING_MESSAGE: ProductMockup (fr)
    at <unknown> (C:\Users\pc\Desktop\claudeproject\studio-manager\.next\server\chunks\ssr\_0tgc1f4._.js:1:4479)
    at <unknown> (C:\Users\pc\Desktop\claudeproject\studio-manager\.next\server\chunks\ssr\_09xat3f._.js:1:10360) {
  code: 'MISSING_MESSAGE',
  originalMessage: 'ProductMockup (fr)'
}
Error: MISSING_MESSAGE: ProductMockup (fr)
    at <unknown> (C:\Users\pc\Desktop\claudeproject\studio-manager\.next\server\chunks\ssr\_0tgc1f4._.js:1:4479)
    at <unknown> (C:\Users\pc\Desktop\claudeproject\studio-manager\.next\server\chunks\ssr\_09xat3f._.js:1:10360) {
  code: 'MISSING_MESSAGE',
  originalMessage: 'ProductMockup (fr)'
}
Error: MISSING_MESSAGE: ProductMockup (fr)
    at <unknown> (C:\Users\pc\Desktop\claudeproject\studio-manager\.next\server\chunks\ssr\_0tgc1f4._.js:1:4479)
    at <unknown> (C:\Users\pc\Desktop\claudeproject\studio-manager\.next\server\chunks\ssr\_09xat3f._.js:1:10360) {
  code: 'MISSING_MESSAGE',
  originalMessage: 'ProductMockup (fr)'
}
Error: MISSING_MESSAGE: ProductMockup (fr)
    at <unknown> (C:\Users\pc\Desktop\claudeproject\studio-manager\.next\server\chunks\ssr\_0tgc1f4._.js:1:4479)
    at <unknown> (C:\Users\pc\Desktop\claudeproject\studio-manager\.next\server\chunks\ssr\_09xat3f._.js:1:10360) {
  code: 'MISSING_MESSAGE',
  originalMessage: 'ProductMockup (fr)'
}
Error: MISSING_MESSAGE: ProductMockup (fr)
    at <unknown> (C:\Users\pc\Desktop\claudeproject\studio-manager\.next\server\chunks\ssr\_0tgc1f4._.js:1:4479)
    at <unknown> (C:\Users\pc\Desktop\claudeproject\studio-manager\.next\server\chunks\ssr\_09xat3f._.js:1:10360) {
  code: 'MISSING_MESSAGE',
  originalMessage: 'ProductMockup (fr)'
}
Error: MISSING_MESSAGE: ProductMockup (fr)
    at <unknown> (C:\Users\pc\Desktop\claudeproject\studio-manager\.next\server\chunks\ssr\_0tgc1f4._.js:1:4479)
    at <unknown> (C:\Users\pc\Desktop\claudeproject\studio-manager\.next\server\chunks\ssr\_09xat3f._.js:1:10360) {
  code: 'MISSING_MESSAGE',
  originalMessage: 'ProductMockup (fr)'
}
Error: MISSING_MESSAGE: ProductMockup (fr)
    at <unknown> (C:\Users\pc\Desktop\claudeproject\studio-manager\.next\server\chunks\ssr\_0tgc1f4._.js:1:4479)
    at <unknown> (C:\Users\pc\Desktop\claudeproject\studio-manager\.next\server\chunks\ssr\_09xat3f._.js:1:10360) {
  code: 'MISSING_MESSAGE',
  originalMessage: 'ProductMockup (fr)'
}
  Generating static pages using 11 workers (30/61) 
Error: MISSING_MESSAGE: PlanCopy (fr)
    at <unknown> (C:\Users\pc\Desktop\claudeproject\studio-manager\.next\server\chunks\ssr\_0zfb4r2._.js:1:9937)
    at <unknown> (C:\Users\pc\Desktop\claudeproject\studio-manager\.next\server\chunks\ssr\_0zfb4r2._.js:1:9969)
    at <unknown> (C:\Users\pc\Desktop\claudeproject\studio-manager\.next\server\chunks\ssr\_0zfb4r2._.js:1:10072)
    at <unknown> (C:\Users\pc\Desktop\claudeproject\studio-manager\.next\server\chunks\ssr\_0zfb4r2._.js:1:10194)
    at async u (C:\Users\pc\Desktop\claudeproject\studio-manager\.next\server\chunks\ssr\[root-of-the-server]__0u1uazg._.js:1:4466) {
  code: 'MISSING_MESSAGE',
  originalMessage: 'PlanCopy (fr)'
}
Error: MISSING_MESSAGE: PlanCopy (fr)
    at <unknown> (C:\Users\pc\Desktop\claudeproject\studio-manager\.next\server\chunks\ssr\_0zfb4r2._.js:1:9937)
    at <unknown> (C:\Users\pc\Desktop\claudeproject\studio-manager\.next\server\chunks\ssr\_0zfb4r2._.js:1:9969)
    at <unknown> (C:\Users\pc\Desktop\claudeproject\studio-manager\.next\server\chunks\ssr\_0zfb4r2._.js:1:10072)
    at <unknown> (C:\Users\pc\Desktop\claudeproject\studio-manager\.next\server\chunks\ssr\_0zfb4r2._.js:1:10194)
    at async u (C:\Users\pc\Desktop\claudeproject\studio-manager\.next\server\chunks\ssr\[root-of-the-server]__0u1uazg._.js:1:4466) {
  code: 'MISSING_MESSAGE',
  originalMessage: 'PlanCopy (fr)'
}
Error: MISSING_MESSAGE: PlanCopy (fr)
    at <unknown> (C:\Users\pc\Desktop\claudeproject\studio-manager\.next\server\chunks\ssr\_0zfb4r2._.js:1:9937)
    at <unknown> (C:\Users\pc\Desktop\claudeproject\studio-manager\.next\server\chunks\ssr\_0zfb4r2._.js:1:9969)
    at <unknown> (C:\Users\pc\Desktop\claudeproject\studio-manager\.next\server\chunks\ssr\_0zfb4r2._.js:1:10072)
    at <unknown> (C:\Users\pc\Desktop\claudeproject\studio-manager\.next\server\chunks\ssr\_0zfb4r2._.js:1:10194)
    at async u (C:\Users\pc\Desktop\claudeproject\studio-manager\.next\server\chunks\ssr\[root-of-the-server]__0u1uazg._.js:1:4466) {
  code: 'MISSING_MESSAGE',
  originalMessage: 'PlanCopy (fr)'
}
Error: MISSING_MESSAGE: PlanCopy (fr)
    at <unknown> (C:\Users\pc\Desktop\claudeproject\studio-manager\.next\server\chunks\ssr\_0zfb4r2._.js:1:9937)
    at <unknown> (C:\Users\pc\Desktop\claudeproject\studio-manager\.next\server\chunks\ssr\_0zfb4r2._.js:1:9969)
    at <unknown> (C:\Users\pc\Desktop\claudeproject\studio-manager\.next\server\chunks\ssr\_0zfb4r2._.js:1:10072)
    at <unknown> (C:\Users\pc\Desktop\claudeproject\studio-manager\.next\server\chunks\ssr\_0zfb4r2._.js:1:10194)
    at async u (C:\Users\pc\Desktop\claudeproject\studio-manager\.next\server\chunks\ssr\[root-of-the-server]__0u1uazg._.js:1:4466) {
  code: 'MISSING_MESSAGE',
  originalMessage: 'PlanCopy (fr)'
}
Error: MISSING_MESSAGE: PlanCopy (fr)
    at <unknown> (C:\Users\pc\Desktop\claudeproject\studio-manager\.next\server\chunks\ssr\_0zfb4r2._.js:1:9937)
    at <unknown> (C:\Users\pc\Desktop\claudeproject\studio-manager\.next\server\chunks\ssr\_0zfb4r2._.js:1:9969)
    at <unknown> (C:\Users\pc\Desktop\claudeproject\studio-manager\.next\server\chunks\ssr\_0zfb4r2._.js:1:10072)
    at <unknown> (C:\Users\pc\Desktop\claudeproject\studio-manager\.next\server\chunks\ssr\_0zfb4r2._.js:1:10194)
    at async u (C:\Users\pc\Desktop\claudeproject\studio-manager\.next\server\chunks\ssr\[root-of-the-server]__0u1uazg._.js:1:4466) {
  code: 'MISSING_MESSAGE',
  originalMessage: 'PlanCopy (fr)'
}
Error: MISSING_MESSAGE: PlanCopy (fr)
    at <unknown> (C:\Users\pc\Desktop\claudeproject\studio-manager\.next\server\chunks\ssr\_0zfb4r2._.js:1:9937)
    at <unknown> (C:\Users\pc\Desktop\claudeproject\studio-manager\.next\server\chunks\ssr\_0zfb4r2._.js:1:9969)
    at <unknown> (C:\Users\pc\Desktop\claudeproject\studio-manager\.next\server\chunks\ssr\_0zfb4r2._.js:1:10072)
    at <unknown> (C:\Users\pc\Desktop\claudeproject\studio-manager\.next\server\chunks\ssr\_0zfb4r2._.js:1:10194)
    at async u (C:\Users\pc\Desktop\claudeproject\studio-manager\.next\server\chunks\ssr\[root-of-the-server]__0u1uazg._.js:1:4466) {
  code: 'MISSING_MESSAGE',
  originalMessage: 'PlanCopy (fr)'
}
Error: MISSING_MESSAGE: PlanCopy (fr)
    at <unknown> (C:\Users\pc\Desktop\claudeproject\studio-manager\.next\server\chunks\ssr\_0zfb4r2._.js:1:9937)
    at <unknown> (C:\Users\pc\Desktop\claudeproject\studio-manager\.next\server\chunks\ssr\_0zfb4r2._.js:1:9969)
    at <unknown> (C:\Users\pc\Desktop\claudeproject\studio-manager\.next\server\chunks\ssr\_0zfb4r2._.js:1:10072)
    at <unknown> (C:\Users\pc\Desktop\claudeproject\studio-manager\.next\server\chunks\ssr\_0zfb4r2._.js:1:10194)
    at async u (C:\Users\pc\Desktop\claudeproject\studio-manager\.next\server\chunks\ssr\[root-of-the-server]__0u1uazg._.js:1:4466) {
  code: 'MISSING_MESSAGE',
  originalMessage: 'PlanCopy (fr)'
}
Error: MISSING_MESSAGE: PlanCopy (fr)
    at <unknown> (C:\Users\pc\Desktop\claudeproject\studio-manager\.next\server\chunks\ssr\_0zfb4r2._.js:1:9937)
    at <unknown> (C:\Users\pc\Desktop\claudeproject\studio-manager\.next\server\chunks\ssr\_0zfb4r2._.js:1:9969)
    at <unknown> (C:\Users\pc\Desktop\claudeproject\studio-manager\.next\server\chunks\ssr\_0zfb4r2._.js:1:10072)
    at <unknown> (C:\Users\pc\Desktop\claudeproject\studio-manager\.next\server\chunks\ssr\_0zfb4r2._.js:1:10194)
    at async u (C:\Users\pc\Desktop\claudeproject\studio-manager\.next\server\chunks\ssr\[root-of-the-server]__0u1uazg._.js:1:4466) {
  code: 'MISSING_MESSAGE',
  originalMessage: 'PlanCopy (fr)'
}
Error: MISSING_MESSAGE: PlanBase (fr)
    at <unknown> (C:\Users\pc\Desktop\claudeproject\studio-manager\.next\server\chunks\ssr\_0zfb4r2._.js:1:9937)
    at <unknown> (C:\Users\pc\Desktop\claudeproject\studio-manager\.next\server\chunks\ssr\_0zfb4r2._.js:1:9969)
    at <unknown> (C:\Users\pc\Desktop\claudeproject\studio-manager\.next\server\chunks\ssr\_0zfb4r2._.js:1:10072)
    at <unknown> (C:\Users\pc\Desktop\claudeproject\studio-manager\.next\server\chunks\ssr\_0zfb4r2._.js:1:10194)
    at async u (C:\Users\pc\Desktop\claudeproject\studio-manager\.next\server\chunks\ssr\[root-of-the-server]__0u1uazg._.js:1:4424) {
  code: 'MISSING_MESSAGE',
  originalMessage: 'PlanBase (fr)'
}
Error: MISSING_MESSAGE: PlanBase (fr)
    at <unknown> (C:\Users\pc\Desktop\claudeproject\studio-manager\.next\server\chunks\ssr\_0zfb4r2._.js:1:9937)
    at <unknown> (C:\Users\pc\Desktop\claudeproject\studio-manager\.next\server\chunks\ssr\_0zfb4r2._.js:1:9969)
    at <unknown> (C:\Users\pc\Desktop\claudeproject\studio-manager\.next\server\chunks\ssr\_0zfb4r2._.js:1:10072)
    at <unknown> (C:\Users\pc\Desktop\claudeproject\studio-manager\.next\server\chunks\ssr\_0zfb4r2._.js:1:10194)
    at async u (C:\Users\pc\Desktop\claudeproject\studio-manager\.next\server\chunks\ssr\[root-of-the-server]__0u1uazg._.js:1:4424) {
  code: 'MISSING_MESSAGE',
  originalMessage: 'PlanBase (fr)'
}
Error: MISSING_MESSAGE: PlanBase (fr)
    at <unknown> (C:\Users\pc\Desktop\claudeproject\studio-manager\.next\server\chunks\ssr\_0zfb4r2._.js:1:9937)
    at <unknown> (C:\Users\pc\Desktop\claudeproject\studio-manager\.next\server\chunks\ssr\_0zfb4r2._.js:1:9969)
    at <unknown> (C:\Users\pc\Desktop\claudeproject\studio-manager\.next\server\chunks\ssr\_0zfb4r2._.js:1:10072)
    at <unknown> (C:\Users\pc\Desktop\claudeproject\studio-manager\.next\server\chunks\ssr\_0zfb4r2._.js:1:10194)
    at async u (C:\Users\pc\Desktop\claudeproject\studio-manager\.next\server\chunks\ssr\[root-of-the-server]__0u1uazg._.js:1:4424) {
  code: 'MISSING_MESSAGE',
  originalMessage: 'PlanBase (fr)'
}
Error: MISSING_MESSAGE: PlanBase (fr)
    at <unknown> (C:\Users\pc\Desktop\claudeproject\studio-manager\.next\server\chunks\ssr\_0zfb4r2._.js:1:9937)
    at <unknown> (C:\Users\pc\Desktop\claudeproject\studio-manager\.next\server\chunks\ssr\_0zfb4r2._.js:1:9969)
    at <unknown> (C:\Users\pc\Desktop\claudeproject\studio-manager\.next\server\chunks\ssr\_0zfb4r2._.js:1:10072)
    at <unknown> (C:\Users\pc\Desktop\claudeproject\studio-manager\.next\server\chunks\ssr\_0zfb4r2._.js:1:10194)
    at async u (C:\Users\pc\Desktop\claudeproject\studio-manager\.next\server\chunks\ssr\[root-of-the-server]__0u1uazg._.js:1:4424) {
  code: 'MISSING_MESSAGE',
  originalMessage: 'PlanBase (fr)'
}
Error: MISSING_MESSAGE: PlanBase (fr)
    at <unknown> (C:\Users\pc\Desktop\claudeproject\studio-manager\.next\server\chunks\ssr\_0zfb4r2._.js:1:9937)
    at <unknown> (C:\Users\pc\Desktop\claudeproject\studio-manager\.next\server\chunks\ssr\_0zfb4r2._.js:1:9969)
    at <unknown> (C:\Users\pc\Desktop\claudeproject\studio-manager\.next\server\chunks\ssr\_0zfb4r2._.js:1:10072)
    at <unknown> (C:\Users\pc\Desktop\claudeproject\studio-manager\.next\server\chunks\ssr\_0zfb4r2._.js:1:10194)
    at async u (C:\Users\pc\Desktop\claudeproject\studio-manager\.next\server\chunks\ssr\[root-of-the-server]__0u1uazg._.js:1:4424) {
  code: 'MISSING_MESSAGE',
  originalMessage: 'PlanBase (fr)'
}
Error: MISSING_MESSAGE: PlanBase (fr)
    at <unknown> (C:\Users\pc\Desktop\claudeproject\studio-manager\.next\server\chunks\ssr\_0zfb4r2._.js:1:9937)
    at <unknown> (C:\Users\pc\Desktop\claudeproject\studio-manager\.next\server\chunks\ssr\_0zfb4r2._.js:1:9969)
    at <unknown> (C:\Users\pc\Desktop\claudeproject\studio-manager\.next\server\chunks\ssr\_0zfb4r2._.js:1:10072)
    at <unknown> (C:\Users\pc\Desktop\claudeproject\studio-manager\.next\server\chunks\ssr\_0zfb4r2._.js:1:10194)
    at async u (C:\Users\pc\Desktop\claudeproject\studio-manager\.next\server\chunks\ssr\[root-of-the-server]__0u1uazg._.js:1:4424) {
  code: 'MISSING_MESSAGE',
  originalMessage: 'PlanBase (fr)'
}
Error: MISSING_MESSAGE: PlanBase (fr)
    at <unknown> (C:\Users\pc\Desktop\claudeproject\studio-manager\.next\server\chunks\ssr\_0zfb4r2._.js:1:9937)
    at <unknown> (C:\Users\pc\Desktop\claudeproject\studio-manager\.next\server\chunks\ssr\_0zfb4r2._.js:1:9969)
    at <unknown> (C:\Users\pc\Desktop\claudeproject\studio-manager\.next\server\chunks\ssr\_0zfb4r2._.js:1:10072)
    at <unknown> (C:\Users\pc\Desktop\claudeproject\studio-manager\.next\server\chunks\ssr\_0zfb4r2._.js:1:10194)
    at async u (C:\Users\pc\Desktop\claudeproject\studio-manager\.next\server\chunks\ssr\[root-of-the-server]__0u1uazg._.js:1:4424) {
  code: 'MISSING_MESSAGE',
  originalMessage: 'PlanBase (fr)'
}
Error: MISSING_MESSAGE: PlanBase (fr)
    at <unknown> (C:\Users\pc\Desktop\claudeproject\studio-manager\.next\server\chunks\ssr\_0zfb4r2._.js:1:9937)
    at <unknown> (C:\Users\pc\Desktop\claudeproject\studio-manager\.next\server\chunks\ssr\_0zfb4r2._.js:1:9969)
    at <unknown> (C:\Users\pc\Desktop\claudeproject\studio-manager\.next\server\chunks\ssr\_0zfb4r2._.js:1:10072)
    at <unknown> (C:\Users\pc\Desktop\claudeproject\studio-manager\.next\server\chunks\ssr\_0zfb4r2._.js:1:10194)
    at async u (C:\Users\pc\Desktop\claudeproject\studio-manager\.next\server\chunks\ssr\[root-of-the-server]__0u1uazg._.js:1:4424) {
  code: 'MISSING_MESSAGE',
  originalMessage: 'PlanBase (fr)'
}
Error: MISSING_MESSAGE: PlanBase (fr)
    at <unknown> (C:\Users\pc\Desktop\claudeproject\studio-manager\.next\server\chunks\ssr\_0zfb4r2._.js:1:9937)
    at <unknown> (C:\Users\pc\Desktop\claudeproject\studio-manager\.next\server\chunks\ssr\_0zfb4r2._.js:1:9969)
    at <unknown> (C:\Users\pc\Desktop\claudeproject\studio-manager\.next\server\chunks\ssr\_0zfb4r2._.js:1:10072)
    at <unknown> (C:\Users\pc\Desktop\claudeproject\studio-manager\.next\server\chunks\ssr\_0zfb4r2._.js:1:10194)
    at async u (C:\Users\pc\Desktop\claudeproject\studio-manager\.next\server\chunks\ssr\[root-of-the-server]__0u1uazg._.js:1:4424) {
  code: 'MISSING_MESSAGE',
  originalMessage: 'PlanBase (fr)'
}
Error: MISSING_MESSAGE: PlanBase (fr)
    at <unknown> (C:\Users\pc\Desktop\claudeproject\studio-manager\.next\server\chunks\ssr\_0zfb4r2._.js:1:9937)
    at <unknown> (C:\Users\pc\Desktop\claudeproject\studio-manager\.next\server\chunks\ssr\_0zfb4r2._.js:1:9969)
    at <unknown> (C:\Users\pc\Desktop\claudeproject\studio-manager\.next\server\chunks\ssr\_0zfb4r2._.js:1:10072)
    at <unknown> (C:\Users\pc\Desktop\claudeproject\studio-manager\.next\server\chunks\ssr\_0zfb4r2._.js:1:10194)
    at async u (C:\Users\pc\Desktop\claudeproject\studio-manager\.next\server\chunks\ssr\[root-of-the-server]__0u1uazg._.js:1:4424) {
  code: 'MISSING_MESSAGE',
  originalMessage: 'PlanBase (fr)'
}
Error: MISSING_MESSAGE: PlanBase (fr)
    at <unknown> (C:\Users\pc\Desktop\claudeproject\studio-manager\.next\server\chunks\ssr\_0zfb4r2._.js:1:9937)
    at <unknown> (C:\Users\pc\Desktop\claudeproject\studio-manager\.next\server\chunks\ssr\_0zfb4r2._.js:1:9969)
    at <unknown> (C:\Users\pc\Desktop\claudeproject\studio-manager\.next\server\chunks\ssr\_0zfb4r2._.js:1:10072)
    at <unknown> (C:\Users\pc\Desktop\claudeproject\studio-manager\.next\server\chunks\ssr\_0zfb4r2._.js:1:10194)
    at async u (C:\Users\pc\Desktop\claudeproject\studio-manager\.next\server\chunks\ssr\[root-of-the-server]__0u1uazg._.js:1:4424) {
  code: 'MISSING_MESSAGE',
  originalMessage: 'PlanBase (fr)'
}
Error: MISSING_MESSAGE: PlanBase (fr)
    at <unknown> (C:\Users\pc\Desktop\claudeproject\studio-manager\.next\server\chunks\ssr\_0zfb4r2._.js:1:9937)
    at <unknown> (C:\Users\pc\Desktop\claudeproject\studio-manager\.next\server\chunks\ssr\_0zfb4r2._.js:1:9969)
    at <unknown> (C:\Users\pc\Desktop\claudeproject\studio-manager\.next\server\chunks\ssr\_0zfb4r2._.js:1:10072)
    at <unknown> (C:\Users\pc\Desktop\claudeproject\studio-manager\.next\server\chunks\ssr\_0zfb4r2._.js:1:10194)
    at async u (C:\Users\pc\Desktop\claudeproject\studio-manager\.next\server\chunks\ssr\[root-of-the-server]__0u1uazg._.js:1:4424) {
  code: 'MISSING_MESSAGE',
  originalMessage: 'PlanBase (fr)'
}
Error: MISSING_MESSAGE: PlanBase (fr)
    at <unknown> (C:\Users\pc\Desktop\claudeproject\studio-manager\.next\server\chunks\ssr\_0zfb4r2._.js:1:9937)
    at <unknown> (C:\Users\pc\Desktop\claudeproject\studio-manager\.next\server\chunks\ssr\_0zfb4r2._.js:1:9969)
    at <unknown> (C:\Users\pc\Desktop\claudeproject\studio-manager\.next\server\chunks\ssr\_0zfb4r2._.js:1:10072)
    at <unknown> (C:\Users\pc\Desktop\claudeproject\studio-manager\.next\server\chunks\ssr\_0zfb4r2._.js:1:10194)
    at async u (C:\Users\pc\Desktop\claudeproject\studio-manager\.next\server\chunks\ssr\[root-of-the-server]__0u1uazg._.js:1:4424) {
  code: 'MISSING_MESSAGE',
  originalMessage: 'PlanBase (fr)'
}
Error: MISSING_MESSAGE: PlanBase (fr)
    at <unknown> (C:\Users\pc\Desktop\claudeproject\studio-manager\.next\server\chunks\ssr\_0zfb4r2._.js:1:9937)
    at <unknown> (C:\Users\pc\Desktop\claudeproject\studio-manager\.next\server\chunks\ssr\_0zfb4r2._.js:1:9969)
    at <unknown> (C:\Users\pc\Desktop\claudeproject\studio-manager\.next\server\chunks\ssr\_0zfb4r2._.js:1:10072)
    at <unknown> (C:\Users\pc\Desktop\claudeproject\studio-manager\.next\server\chunks\ssr\_0zfb4r2._.js:1:10194)
    at async u (C:\Users\pc\Desktop\claudeproject\studio-manager\.next\server\chunks\ssr\[root-of-the-server]__0u1uazg._.js:1:4424) {
  code: 'MISSING_MESSAGE',
  originalMessage: 'PlanBase (fr)'
}
Error: MISSING_MESSAGE: PlanBase (fr)
    at <unknown> (C:\Users\pc\Desktop\claudeproject\studio-manager\.next\server\chunks\ssr\_0zfb4r2._.js:1:9937)
    at <unknown> (C:\Users\pc\Desktop\claudeproject\studio-manager\.next\server\chunks\ssr\_0zfb4r2._.js:1:9969)
    at <unknown> (C:\Users\pc\Desktop\claudeproject\studio-manager\.next\server\chunks\ssr\_0zfb4r2._.js:1:10072)
    at <unknown> (C:\Users\pc\Desktop\claudeproject\studio-manager\.next\server\chunks\ssr\_0zfb4r2._.js:1:10194)
    at async u (C:\Users\pc\Desktop\claudeproject\studio-manager\.next\server\chunks\ssr\[root-of-the-server]__0u1uazg._.js:1:4424) {
  code: 'MISSING_MESSAGE',
  originalMessage: 'PlanBase (fr)'
}
Error: MISSING_MESSAGE: PlanBase (fr)
    at <unknown> (C:\Users\pc\Desktop\claudeproject\studio-manager\.next\server\chunks\ssr\_0zfb4r2._.js:1:9937)
    at <unknown> (C:\Users\pc\Desktop\claudeproject\studio-manager\.next\server\chunks\ssr\_0zfb4r2._.js:1:9969)
    at <unknown> (C:\Users\pc\Desktop\claudeproject\studio-manager\.next\server\chunks\ssr\_0zfb4r2._.js:1:10072)
    at <unknown> (C:\Users\pc\Desktop\claudeproject\studio-manager\.next\server\chunks\ssr\_0zfb4r2._.js:1:10194)
    at async u (C:\Users\pc\Desktop\claudeproject\studio-manager\.next\server\chunks\ssr\[root-of-the-server]__0u1uazg._.js:1:4424) {
  code: 'MISSING_MESSAGE',
  originalMessage: 'PlanBase (fr)'
}
Error: MISSING_MESSAGE: PlanBase (fr)
    at <unknown> (C:\Users\pc\Desktop\claudeproject\studio-manager\.next\server\chunks\ssr\_0zfb4r2._.js:1:9937)
    at <unknown> (C:\Users\pc\Desktop\claudeproject\studio-manager\.next\server\chunks\ssr\_0zfb4r2._.js:1:9969)
    at <unknown> (C:\Users\pc\Desktop\claudeproject\studio-manager\.next\server\chunks\ssr\_0zfb4r2._.js:1:10072)
    at <unknown> (C:\Users\pc\Desktop\claudeproject\studio-manager\.next\server\chunks\ssr\_0zfb4r2._.js:1:10194)
    at async u (C:\Users\pc\Desktop\claudeproject\studio-manager\.next\server\chunks\ssr\[root-of-the-server]__0u1uazg._.js:1:4424) {
  code: 'MISSING_MESSAGE',
  originalMessage: 'PlanBase (fr)'
}
Error: MISSING_MESSAGE: PlanBase (fr)
    at <unknown> (C:\Users\pc\Desktop\claudeproject\studio-manager\.next\server\chunks\ssr\_0zfb4r2._.js:1:9937)
    at <unknown> (C:\Users\pc\Desktop\claudeproject\studio-manager\.next\server\chunks\ssr\_0zfb4r2._.js:1:9969)
    at <unknown> (C:\Users\pc\Desktop\claudeproject\studio-manager\.next\server\chunks\ssr\_0zfb4r2._.js:1:10072)
    at <unknown> (C:\Users\pc\Desktop\claudeproject\studio-manager\.next\server\chunks\ssr\_0zfb4r2._.js:1:10194)
    at async u (C:\Users\pc\Desktop\claudeproject\studio-manager\.next\server\chunks\ssr\[root-of-the-server]__0u1uazg._.js:1:4424) {
  code: 'MISSING_MESSAGE',
  originalMessage: 'PlanBase (fr)'
}
Error: MISSING_MESSAGE: PlanBase (fr)
    at <unknown> (C:\Users\pc\Desktop\claudeproject\studio-manager\.next\server\chunks\ssr\_0zfb4r2._.js:1:9937)
    at <unknown> (C:\Users\pc\Desktop\claudeproject\studio-manager\.next\server\chunks\ssr\_0zfb4r2._.js:1:9969)
    at <unknown> (C:\Users\pc\Desktop\claudeproject\studio-manager\.next\server\chunks\ssr\_0zfb4r2._.js:1:10072)
    at <unknown> (C:\Users\pc\Desktop\claudeproject\studio-manager\.next\server\chunks\ssr\_0zfb4r2._.js:1:10194)
    at async u (C:\Users\pc\Desktop\claudeproject\studio-manager\.next\server\chunks\ssr\[root-of-the-server]__0u1uazg._.js:1:4424) {
  code: 'MISSING_MESSAGE',
  originalMessage: 'PlanBase (fr)'
}
Error: MISSING_MESSAGE: PlanBase (fr)
    at <unknown> (C:\Users\pc\Desktop\claudeproject\studio-manager\.next\server\chunks\ssr\_0zfb4r2._.js:1:9937)
    at <unknown> (C:\Users\pc\Desktop\claudeproject\studio-manager\.next\server\chunks\ssr\_0zfb4r2._.js:1:9969)
    at <unknown> (C:\Users\pc\Desktop\claudeproject\studio-manager\.next\server\chunks\ssr\_0zfb4r2._.js:1:10072)
    at <unknown> (C:\Users\pc\Desktop\claudeproject\studio-manager\.next\server\chunks\ssr\_0zfb4r2._.js:1:10194)
    at async u (C:\Users\pc\Desktop\claudeproject\studio-manager\.next\server\chunks\ssr\[root-of-the-server]__0u1uazg._.js:1:4424) {
  code: 'MISSING_MESSAGE',
  originalMessage: 'PlanBase (fr)'
}
Error: MISSING_MESSAGE: PlanBase (fr)
    at <unknown> (C:\Users\pc\Desktop\claudeproject\studio-manager\.next\server\chunks\ssr\_0zfb4r2._.js:1:9937)
    at <unknown> (C:\Users\pc\Desktop\claudeproject\studio-manager\.next\server\chunks\ssr\_0zfb4r2._.js:1:9969)
    at <unknown> (C:\Users\pc\Desktop\claudeproject\studio-manager\.next\server\chunks\ssr\_0zfb4r2._.js:1:10072)
    at <unknown> (C:\Users\pc\Desktop\claudeproject\studio-manager\.next\server\chunks\ssr\_0zfb4r2._.js:1:10194)
    at async u (C:\Users\pc\Desktop\claudeproject\studio-manager\.next\server\chunks\ssr\[root-of-the-server]__0u1uazg._.js:1:4424) {
  code: 'MISSING_MESSAGE',
  originalMessage: 'PlanBase (fr)'
}
Error: MISSING_MESSAGE: PlanBase (fr)
    at <unknown> (C:\Users\pc\Desktop\claudeproject\studio-manager\.next\server\chunks\ssr\_0zfb4r2._.js:1:9937)
    at <unknown> (C:\Users\pc\Desktop\claudeproject\studio-manager\.next\server\chunks\ssr\_0zfb4r2._.js:1:9969)
    at <unknown> (C:\Users\pc\Desktop\claudeproject\studio-manager\.next\server\chunks\ssr\_0zfb4r2._.js:1:10072)
    at <unknown> (C:\Users\pc\Desktop\claudeproject\studio-manager\.next\server\chunks\ssr\_0zfb4r2._.js:1:10194)
    at async u (C:\Users\pc\Desktop\claudeproject\studio-manager\.next\server\chunks\ssr\[root-of-the-server]__0u1uazg._.js:1:4424) {
  code: 'MISSING_MESSAGE',
  originalMessage: 'PlanBase (fr)'
}
Error: MISSING_MESSAGE: PlanBase (fr)
    at <unknown> (C:\Users\pc\Desktop\claudeproject\studio-manager\.next\server\chunks\ssr\_0zfb4r2._.js:1:9937)
    at <unknown> (C:\Users\pc\Desktop\claudeproject\studio-manager\.next\server\chunks\ssr\_0zfb4r2._.js:1:9969)
    at <unknown> (C:\Users\pc\Desktop\claudeproject\studio-manager\.next\server\chunks\ssr\_0zfb4r2._.js:1:10072)
    at <unknown> (C:\Users\pc\Desktop\claudeproject\studio-manager\.next\server\chunks\ssr\_0zfb4r2._.js:1:10194)
    at async u (C:\Users\pc\Desktop\claudeproject\studio-manager\.next\server\chunks\ssr\[root-of-the-server]__0u1uazg._.js:1:4424) {
  code: 'MISSING_MESSAGE',
  originalMessage: 'PlanBase (fr)'
}
Error: MISSING_MESSAGE: PlanBase (fr)
    at <unknown> (C:\Users\pc\Desktop\claudeproject\studio-manager\.next\server\chunks\ssr\_0zfb4r2._.js:1:9937)
    at <unknown> (C:\Users\pc\Desktop\claudeproject\studio-manager\.next\server\chunks\ssr\_0zfb4r2._.js:1:9969)
    at <unknown> (C:\Users\pc\Desktop\claudeproject\studio-manager\.next\server\chunks\ssr\_0zfb4r2._.js:1:10072)
    at <unknown> (C:\Users\pc\Desktop\claudeproject\studio-manager\.next\server\chunks\ssr\_0zfb4r2._.js:1:10194)
    at async u (C:\Users\pc\Desktop\claudeproject\studio-manager\.next\server\chunks\ssr\[root-of-the-server]__0u1uazg._.js:1:4424) {
  code: 'MISSING_MESSAGE',
  originalMessage: 'PlanBase (fr)'
}
Error: MISSING_MESSAGE: PlanBase (fr)
    at <unknown> (C:\Users\pc\Desktop\claudeproject\studio-manager\.next\server\chunks\ssr\_0zfb4r2._.js:1:9937)
    at <unknown> (C:\Users\pc\Desktop\claudeproject\studio-manager\.next\server\chunks\ssr\_0zfb4r2._.js:1:9969)
    at <unknown> (C:\Users\pc\Desktop\claudeproject\studio-manager\.next\server\chunks\ssr\_0zfb4r2._.js:1:10072)
    at <unknown> (C:\Users\pc\Desktop\claudeproject\studio-manager\.next\server\chunks\ssr\_0zfb4r2._.js:1:10194)
    at async u (C:\Users\pc\Desktop\claudeproject\studio-manager\.next\server\chunks\ssr\[root-of-the-server]__0u1uazg._.js:1:4424) {
  code: 'MISSING_MESSAGE',
  originalMessage: 'PlanBase (fr)'
}
Error: MISSING_MESSAGE: PlanBase (fr)
    at <unknown> (C:\Users\pc\Desktop\claudeproject\studio-manager\.next\server\chunks\ssr\_0zfb4r2._.js:1:9937)
    at <unknown> (C:\Users\pc\Desktop\claudeproject\studio-manager\.next\server\chunks\ssr\_0zfb4r2._.js:1:9969)
    at <unknown> (C:\Users\pc\Desktop\claudeproject\studio-manager\.next\server\chunks\ssr\_0zfb4r2._.js:1:10072)
    at <unknown> (C:\Users\pc\Desktop\claudeproject\studio-manager\.next\server\chunks\ssr\_0zfb4r2._.js:1:10194)
    at async u (C:\Users\pc\Desktop\claudeproject\studio-manager\.next\server\chunks\ssr\[root-of-the-server]__0u1uazg._.js:1:4424) {
  code: 'MISSING_MESSAGE',
  originalMessage: 'PlanBase (fr)'
}
Error: MISSING_MESSAGE: PlanBase (fr)
    at <unknown> (C:\Users\pc\Desktop\claudeproject\studio-manager\.next\server\chunks\ssr\_0zfb4r2._.js:1:9937)
    at <unknown> (C:\Users\pc\Desktop\claudeproject\studio-manager\.next\server\chunks\ssr\_0zfb4r2._.js:1:9969)
    at <unknown> (C:\Users\pc\Desktop\claudeproject\studio-manager\.next\server\chunks\ssr\_0zfb4r2._.js:1:10072)
    at <unknown> (C:\Users\pc\Desktop\claudeproject\studio-manager\.next\server\chunks\ssr\_0zfb4r2._.js:1:10194)
    at async u (C:\Users\pc\Desktop\claudeproject\studio-manager\.next\server\chunks\ssr\[root-of-the-server]__0u1uazg._.js:1:4424) {
  code: 'MISSING_MESSAGE',
  originalMessage: 'PlanBase (fr)'
}
Error: MISSING_MESSAGE: PlanBase (fr)
    at <unknown> (C:\Users\pc\Desktop\claudeproject\studio-manager\.next\server\chunks\ssr\_0zfb4r2._.js:1:9937)
    at <unknown> (C:\Users\pc\Desktop\claudeproject\studio-manager\.next\server\chunks\ssr\_0zfb4r2._.js:1:9969)
    at <unknown> (C:\Users\pc\Desktop\claudeproject\studio-manager\.next\server\chunks\ssr\_0zfb4r2._.js:1:10072)
    at <unknown> (C:\Users\pc\Desktop\claudeproject\studio-manager\.next\server\chunks\ssr\_0zfb4r2._.js:1:10194)
    at async u (C:\Users\pc\Desktop\claudeproject\studio-manager\.next\server\chunks\ssr\[root-of-the-server]__0u1uazg._.js:1:4424) {
  code: 'MISSING_MESSAGE',
  originalMessage: 'PlanBase (fr)'
}
Error: MISSING_MESSAGE: PlanBase (fr)
    at <unknown> (C:\Users\pc\Desktop\claudeproject\studio-manager\.next\server\chunks\ssr\_0zfb4r2._.js:1:9937)
    at <unknown> (C:\Users\pc\Desktop\claudeproject\studio-manager\.next\server\chunks\ssr\_0zfb4r2._.js:1:9969)
    at <unknown> (C:\Users\pc\Desktop\claudeproject\studio-manager\.next\server\chunks\ssr\_0zfb4r2._.js:1:10072)
    at <unknown> (C:\Users\pc\Desktop\claudeproject\studio-manager\.next\server\chunks\ssr\_0zfb4r2._.js:1:10194)
    at async u (C:\Users\pc\Desktop\claudeproject\studio-manager\.next\server\chunks\ssr\[root-of-the-server]__0u1uazg._.js:1:4424) {
  code: 'MISSING_MESSAGE',
  originalMessage: 'PlanBase (fr)'
}
Error: MISSING_MESSAGE: PlanBase (fr)
    at <unknown> (C:\Users\pc\Desktop\claudeproject\studio-manager\.next\server\chunks\ssr\_0zfb4r2._.js:1:9937)
    at <unknown> (C:\Users\pc\Desktop\claudeproject\studio-manager\.next\server\chunks\ssr\_0zfb4r2._.js:1:9969)
    at <unknown> (C:\Users\pc\Desktop\claudeproject\studio-manager\.next\server\chunks\ssr\_0zfb4r2._.js:1:10072)
    at <unknown> (C:\Users\pc\Desktop\claudeproject\studio-manager\.next\server\chunks\ssr\_0zfb4r2._.js:1:10194)
    at async Module.s [as generateMetadata] (C:\Users\pc\Desktop\claudeproject\studio-manager\.next\server\chunks\ssr\[root-of-the-server]__0u1uazg._.js:1:3727) {
  code: 'MISSING_MESSAGE',
  originalMessage: 'PlanBase (fr)'
}
Error: MISSING_MESSAGE: PlanBase (fr)
    at <unknown> (C:\Users\pc\Desktop\claudeproject\studio-manager\.next\server\chunks\ssr\_0zfb4r2._.js:1:9937)
    at <unknown> (C:\Users\pc\Desktop\claudeproject\studio-manager\.next\server\chunks\ssr\_0zfb4r2._.js:1:9969)
    at <unknown> (C:\Users\pc\Desktop\claudeproject\studio-manager\.next\server\chunks\ssr\_0zfb4r2._.js:1:10072)
    at <unknown> (C:\Users\pc\Desktop\claudeproject\studio-manager\.next\server\chunks\ssr\_0zfb4r2._.js:1:10194)
    at async Module.s [as generateMetadata] (C:\Users\pc\Desktop\claudeproject\studio-manager\.next\server\chunks\ssr\[root-of-the-server]__0u1uazg._.js:1:3727) {
  code: 'MISSING_MESSAGE',
  originalMessage: 'PlanBase (fr)'
}
Error: MISSING_MESSAGE: PlanBase (fr)
    at <unknown> (C:\Users\pc\Desktop\claudeproject\studio-manager\.next\server\chunks\ssr\_0zfb4r2._.js:1:9937)
    at <unknown> (C:\Users\pc\Desktop\claudeproject\studio-manager\.next\server\chunks\ssr\_0zfb4r2._.js:1:9969)
    at <unknown> (C:\Users\pc\Desktop\claudeproject\studio-manager\.next\server\chunks\ssr\_0zfb4r2._.js:1:10072)
    at <unknown> (C:\Users\pc\Desktop\claudeproject\studio-manager\.next\server\chunks\ssr\_0zfb4r2._.js:1:10194)
    at async Module.s [as generateMetadata] (C:\Users\pc\Desktop\claudeproject\studio-manager\.next\server\chunks\ssr\[root-of-the-server]__0u1uazg._.js:1:3727) {
  code: 'MISSING_MESSAGE',
  originalMessage: 'PlanBase (fr)'
}
Error: MISSING_MESSAGE: PlanBase (fr)
    at <unknown> (C:\Users\pc\Desktop\claudeproject\studio-manager\.next\server\chunks\ssr\_0zfb4r2._.js:1:9937)
    at <unknown> (C:\Users\pc\Desktop\claudeproject\studio-manager\.next\server\chunks\ssr\_0zfb4r2._.js:1:9969)
    at <unknown> (C:\Users\pc\Desktop\claudeproject\studio-manager\.next\server\chunks\ssr\_0zfb4r2._.js:1:10072)
    at <unknown> (C:\Users\pc\Desktop\claudeproject\studio-manager\.next\server\chunks\ssr\_0zfb4r2._.js:1:10194)
    at async Module.s [as generateMetadata] (C:\Users\pc\Desktop\claudeproject\studio-manager\.next\server\chunks\ssr\[root-of-the-server]__0u1uazg._.js:1:3727) {
  code: 'MISSING_MESSAGE',
  originalMessage: 'PlanBase (fr)'
}
Error: MISSING_MESSAGE: PlanBase (fr)
    at <unknown> (C:\Users\pc\Desktop\claudeproject\studio-manager\.next\server\chunks\ssr\_0zfb4r2._.js:1:9937)
    at <unknown> (C:\Users\pc\Desktop\claudeproject\studio-manager\.next\server\chunks\ssr\_0zfb4r2._.js:1:9969)
    at <unknown> (C:\Users\pc\Desktop\claudeproject\studio-manager\.next\server\chunks\ssr\_0zfb4r2._.js:1:10072)
    at <unknown> (C:\Users\pc\Desktop\claudeproject\studio-manager\.next\server\chunks\ssr\_0zfb4r2._.js:1:10194)
    at async Module.s [as generateMetadata] (C:\Users\pc\Desktop\claudeproject\studio-manager\.next\server\chunks\ssr\[root-of-the-server]__0u1uazg._.js:1:3727) {
  code: 'MISSING_MESSAGE',
  originalMessage: 'PlanBase (fr)'
}
Error: MISSING_MESSAGE: PlanBase (fr)
    at <unknown> (C:\Users\pc\Desktop\claudeproject\studio-manager\.next\server\chunks\ssr\_0zfb4r2._.js:1:9937)
    at <unknown> (C:\Users\pc\Desktop\claudeproject\studio-manager\.next\server\chunks\ssr\_0zfb4r2._.js:1:9969)
    at <unknown> (C:\Users\pc\Desktop\claudeproject\studio-manager\.next\server\chunks\ssr\_0zfb4r2._.js:1:10072)
    at <unknown> (C:\Users\pc\Desktop\claudeproject\studio-manager\.next\server\chunks\ssr\_0zfb4r2._.js:1:10194)
    at async Module.s [as generateMetadata] (C:\Users\pc\Desktop\claudeproject\studio-manager\.next\server\chunks\ssr\[root-of-the-server]__0u1uazg._.js:1:3727) {
  code: 'MISSING_MESSAGE',
  originalMessage: 'PlanBase (fr)'
}
Error: MISSING_MESSAGE: PlanCopy (fr)
    at <unknown> (C:\Users\pc\Desktop\claudeproject\studio-manager\.next\server\chunks\ssr\_0zfb4r2._.js:1:9937)
    at <unknown> (C:\Users\pc\Desktop\claudeproject\studio-manager\.next\server\chunks\ssr\_0zfb4r2._.js:1:9969)
    at <unknown> (C:\Users\pc\Desktop\claudeproject\studio-manager\.next\server\chunks\ssr\_0zfb4r2._.js:1:10072)
    at <unknown> (C:\Users\pc\Desktop\claudeproject\studio-manager\.next\server\chunks\ssr\_0zfb4r2._.js:1:10194)
    at async v (C:\Users\pc\Desktop\claudeproject\studio-manager\.next\server\chunks\ssr\[root-of-the-server]__0ig65b5._.js:1:5059) {
  code: 'MISSING_MESSAGE',
  originalMessage: 'PlanCopy (fr)'
}
Error: MISSING_MESSAGE: PlanCopy (fr)
    at <unknown> (C:\Users\pc\Desktop\claudeproject\studio-manager\.next\server\chunks\ssr\_0zfb4r2._.js:1:9937)
    at <unknown> (C:\Users\pc\Desktop\claudeproject\studio-manager\.next\server\chunks\ssr\_0zfb4r2._.js:1:9969)
    at <unknown> (C:\Users\pc\Desktop\claudeproject\studio-manager\.next\server\chunks\ssr\_0zfb4r2._.js:1:10072)
    at <unknown> (C:\Users\pc\Desktop\claudeproject\studio-manager\.next\server\chunks\ssr\_0zfb4r2._.js:1:10194)
    at async v (C:\Users\pc\Desktop\claudeproject\studio-manager\.next\server\chunks\ssr\[root-of-the-server]__0ig65b5._.js:1:5059) {
  code: 'MISSING_MESSAGE',
  originalMessage: 'PlanCopy (fr)'
}
Error: MISSING_MESSAGE: PlanCopy (fr)
    at <unknown> (C:\Users\pc\Desktop\claudeproject\studio-manager\.next\server\chunks\ssr\_0zfb4r2._.js:1:9937)
    at <unknown> (C:\Users\pc\Desktop\claudeproject\studio-manager\.next\server\chunks\ssr\_0zfb4r2._.js:1:9969)
    at <unknown> (C:\Users\pc\Desktop\claudeproject\studio-manager\.next\server\chunks\ssr\_0zfb4r2._.js:1:10072)
    at <unknown> (C:\Users\pc\Desktop\claudeproject\studio-manager\.next\server\chunks\ssr\_0zfb4r2._.js:1:10194)
    at async v (C:\Users\pc\Desktop\claudeproject\studio-manager\.next\server\chunks\ssr\[root-of-the-server]__0ig65b5._.js:1:5059) {
  code: 'MISSING_MESSAGE',
  originalMessage: 'PlanCopy (fr)'
}
Error: MISSING_MESSAGE: PlanCopy (fr)
    at <unknown> (C:\Users\pc\Desktop\claudeproject\studio-manager\.next\server\chunks\ssr\_0zfb4r2._.js:1:9937)
    at <unknown> (C:\Users\pc\Desktop\claudeproject\studio-manager\.next\server\chunks\ssr\_0zfb4r2._.js:1:9969)
    at <unknown> (C:\Users\pc\Desktop\claudeproject\studio-manager\.next\server\chunks\ssr\_0zfb4r2._.js:1:10072)
    at <unknown> (C:\Users\pc\Desktop\claudeproject\studio-manager\.next\server\chunks\ssr\_0zfb4r2._.js:1:10194)
    at async v (C:\Users\pc\Desktop\claudeproject\studio-manager\.next\server\chunks\ssr\[root-of-the-server]__0ig65b5._.js:1:5059) {
  code: 'MISSING_MESSAGE',
  originalMessage: 'PlanCopy (fr)'
}
Error: MISSING_MESSAGE: PlanCopy (fr)
    at <unknown> (C:\Users\pc\Desktop\claudeproject\studio-manager\.next\server\chunks\ssr\_0zfb4r2._.js:1:9937)
    at <unknown> (C:\Users\pc\Desktop\claudeproject\studio-manager\.next\server\chunks\ssr\_0zfb4r2._.js:1:9969)
    at <unknown> (C:\Users\pc\Desktop\claudeproject\studio-manager\.next\server\chunks\ssr\_0zfb4r2._.js:1:10072)
    at <unknown> (C:\Users\pc\Desktop\claudeproject\studio-manager\.next\server\chunks\ssr\_0zfb4r2._.js:1:10194)
    at async v (C:\Users\pc\Desktop\claudeproject\studio-manager\.next\server\chunks\ssr\[root-of-the-server]__0ig65b5._.js:1:5059) {
  code: 'MISSING_MESSAGE',
  originalMessage: 'PlanCopy (fr)'
}
Error: MISSING_MESSAGE: PlanCopy (fr)
    at <unknown> (C:\Users\pc\Desktop\claudeproject\studio-manager\.next\server\chunks\ssr\_0zfb4r2._.js:1:9937)
    at <unknown> (C:\Users\pc\Desktop\claudeproject\studio-manager\.next\server\chunks\ssr\_0zfb4r2._.js:1:9969)
    at <unknown> (C:\Users\pc\Desktop\claudeproject\studio-manager\.next\server\chunks\ssr\_0zfb4r2._.js:1:10072)
    at <unknown> (C:\Users\pc\Desktop\claudeproject\studio-manager\.next\server\chunks\ssr\_0zfb4r2._.js:1:10194)
    at async v (C:\Users\pc\Desktop\claudeproject\studio-manager\.next\server\chunks\ssr\[root-of-the-server]__0ig65b5._.js:1:5059) {
  code: 'MISSING_MESSAGE',
  originalMessage: 'PlanCopy (fr)'
}
Error: MISSING_MESSAGE: PlanCopy (fr)
    at <unknown> (C:\Users\pc\Desktop\claudeproject\studio-manager\.next\server\chunks\ssr\_0zfb4r2._.js:1:9937)
    at <unknown> (C:\Users\pc\Desktop\claudeproject\studio-manager\.next\server\chunks\ssr\_0zfb4r2._.js:1:9969)
    at <unknown> (C:\Users\pc\Desktop\claudeproject\studio-manager\.next\server\chunks\ssr\_0zfb4r2._.js:1:10072)
    at <unknown> (C:\Users\pc\Desktop\claudeproject\studio-manager\.next\server\chunks\ssr\_0zfb4r2._.js:1:10194)
    at async v (C:\Users\pc\Desktop\claudeproject\studio-manager\.next\server\chunks\ssr\[root-of-the-server]__0ig65b5._.js:1:5059) {
  code: 'MISSING_MESSAGE',
  originalMessage: 'PlanCopy (fr)'
}
Error: MISSING_MESSAGE: PlanCopy (fr)
    at <unknown> (C:\Users\pc\Desktop\claudeproject\studio-manager\.next\server\chunks\ssr\_0zfb4r2._.js:1:9937)
    at <unknown> (C:\Users\pc\Desktop\claudeproject\studio-manager\.next\server\chunks\ssr\_0zfb4r2._.js:1:9969)
    at <unknown> (C:\Users\pc\Desktop\claudeproject\studio-manager\.next\server\chunks\ssr\_0zfb4r2._.js:1:10072)
    at <unknown> (C:\Users\pc\Desktop\claudeproject\studio-manager\.next\server\chunks\ssr\_0zfb4r2._.js:1:10194)
    at async v (C:\Users\pc\Desktop\claudeproject\studio-manager\.next\server\chunks\ssr\[root-of-the-server]__0ig65b5._.js:1:5059) {
  code: 'MISSING_MESSAGE',
  originalMessage: 'PlanCopy (fr)'
}
Error: MISSING_MESSAGE: PlanCopy (fr)
    at <unknown> (C:\Users\pc\Desktop\claudeproject\studio-manager\.next\server\chunks\ssr\_0zfb4r2._.js:1:9937)
    at <unknown> (C:\Users\pc\Desktop\claudeproject\studio-manager\.next\server\chunks\ssr\_0zfb4r2._.js:1:9969)
    at <unknown> (C:\Users\pc\Desktop\claudeproject\studio-manager\.next\server\chunks\ssr\_0zfb4r2._.js:1:10072)
    at <unknown> (C:\Users\pc\Desktop\claudeproject\studio-manager\.next\server\chunks\ssr\_0zfb4r2._.js:1:10194)
    at async v (C:\Users\pc\Desktop\claudeproject\studio-manager\.next\server\chunks\ssr\[root-of-the-server]__0ig65b5._.js:1:5059) {
  code: 'MISSING_MESSAGE',
  originalMessage: 'PlanCopy (fr)'
}
Error: MISSING_MESSAGE: PlanCopy (fr)
    at <unknown> (C:\Users\pc\Desktop\claudeproject\studio-manager\.next\server\chunks\ssr\_0zfb4r2._.js:1:9937)
    at <unknown> (C:\Users\pc\Desktop\claudeproject\studio-manager\.next\server\chunks\ssr\_0zfb4r2._.js:1:9969)
    at <unknown> (C:\Users\pc\Desktop\claudeproject\studio-manager\.next\server\chunks\ssr\_0zfb4r2._.js:1:10072)
    at <unknown> (C:\Users\pc\Desktop\claudeproject\studio-manager\.next\server\chunks\ssr\_0zfb4r2._.js:1:10194)
    at async v (C:\Users\pc\Desktop\claudeproject\studio-manager\.next\server\chunks\ssr\[root-of-the-server]__0ig65b5._.js:1:5059) {
  code: 'MISSING_MESSAGE',
  originalMessage: 'PlanCopy (fr)'
}
Error: MISSING_MESSAGE: PlanCopy (fr)
    at <unknown> (C:\Users\pc\Desktop\claudeproject\studio-manager\.next\server\chunks\ssr\_0zfb4r2._.js:1:9937)
    at <unknown> (C:\Users\pc\Desktop\claudeproject\studio-manager\.next\server\chunks\ssr\_0zfb4r2._.js:1:9969)
    at <unknown> (C:\Users\pc\Desktop\claudeproject\studio-manager\.next\server\chunks\ssr\_0zfb4r2._.js:1:10072)
    at <unknown> (C:\Users\pc\Desktop\claudeproject\studio-manager\.next\server\chunks\ssr\_0zfb4r2._.js:1:10194)
    at async v (C:\Users\pc\Desktop\claudeproject\studio-manager\.next\server\chunks\ssr\[root-of-the-server]__0ig65b5._.js:1:5059) {
  code: 'MISSING_MESSAGE',
  originalMessage: 'PlanCopy (fr)'
}
Error: MISSING_MESSAGE: PlanPro (fr)
    at <unknown> (C:\Users\pc\Desktop\claudeproject\studio-manager\.next\server\chunks\ssr\_0zfb4r2._.js:1:9937)
    at <unknown> (C:\Users\pc\Desktop\claudeproject\studio-manager\.next\server\chunks\ssr\_0zfb4r2._.js:1:9969)
    at <unknown> (C:\Users\pc\Desktop\claudeproject\studio-manager\.next\server\chunks\ssr\_0zfb4r2._.js:1:10072)
    at <unknown> (C:\Users\pc\Desktop\claudeproject\studio-manager\.next\server\chunks\ssr\_0zfb4r2._.js:1:10194)
    at async v (C:\Users\pc\Desktop\claudeproject\studio-manager\.next\server\chunks\ssr\[root-of-the-server]__0ig65b5._.js:1:5018) {
  code: 'MISSING_MESSAGE',
  originalMessage: 'PlanPro (fr)'
}
Error: MISSING_MESSAGE: PlanPro (fr)
    at <unknown> (C:\Users\pc\Desktop\claudeproject\studio-manager\.next\server\chunks\ssr\_0zfb4r2._.js:1:9937)
    at <unknown> (C:\Users\pc\Desktop\claudeproject\studio-manager\.next\server\chunks\ssr\_0zfb4r2._.js:1:9969)
    at <unknown> (C:\Users\pc\Desktop\claudeproject\studio-manager\.next\server\chunks\ssr\_0zfb4r2._.js:1:10072)
    at <unknown> (C:\Users\pc\Desktop\claudeproject\studio-manager\.next\server\chunks\ssr\_0zfb4r2._.js:1:10194)
    at async v (C:\Users\pc\Desktop\claudeproject\studio-manager\.next\server\chunks\ssr\[root-of-the-server]__0ig65b5._.js:1:5018) {
  code: 'MISSING_MESSAGE',
  originalMessage: 'PlanPro (fr)'
}
Error: MISSING_MESSAGE: PlanPro (fr)
    at <unknown> (C:\Users\pc\Desktop\claudeproject\studio-manager\.next\server\chunks\ssr\_0zfb4r2._.js:1:9937)
    at <unknown> (C:\Users\pc\Desktop\claudeproject\studio-manager\.next\server\chunks\ssr\_0zfb4r2._.js:1:9969)
    at <unknown> (C:\Users\pc\Desktop\claudeproject\studio-manager\.next\server\chunks\ssr\_0zfb4r2._.js:1:10072)
    at <unknown> (C:\Users\pc\Desktop\claudeproject\studio-manager\.next\server\chunks\ssr\_0zfb4r2._.js:1:10194)
    at async v (C:\Users\pc\Desktop\claudeproject\studio-manager\.next\server\chunks\ssr\[root-of-the-server]__0ig65b5._.js:1:5018) {
  code: 'MISSING_MESSAGE',
  originalMessage: 'PlanPro (fr)'
}
Error: MISSING_MESSAGE: PlanPro (fr)
    at <unknown> (C:\Users\pc\Desktop\claudeproject\studio-manager\.next\server\chunks\ssr\_0zfb4r2._.js:1:9937)
    at <unknown> (C:\Users\pc\Desktop\claudeproject\studio-manager\.next\server\chunks\ssr\_0zfb4r2._.js:1:9969)
    at <unknown> (C:\Users\pc\Desktop\claudeproject\studio-manager\.next\server\chunks\ssr\_0zfb4r2._.js:1:10072)
    at <unknown> (C:\Users\pc\Desktop\claudeproject\studio-manager\.next\server\chunks\ssr\_0zfb4r2._.js:1:10194)
    at async v (C:\Users\pc\Desktop\claudeproject\studio-manager\.next\server\chunks\ssr\[root-of-the-server]__0ig65b5._.js:1:5018) {
  code: 'MISSING_MESSAGE',
  originalMessage: 'PlanPro (fr)'
}
Error: MISSING_MESSAGE: PlanPro (fr)
    at <unknown> (C:\Users\pc\Desktop\claudeproject\studio-manager\.next\server\chunks\ssr\_0zfb4r2._.js:1:9937)
    at <unknown> (C:\Users\pc\Desktop\claudeproject\studio-manager\.next\server\chunks\ssr\_0zfb4r2._.js:1:9969)
    at <unknown> (C:\Users\pc\Desktop\claudeproject\studio-manager\.next\server\chunks\ssr\_0zfb4r2._.js:1:10072)
    at <unknown> (C:\Users\pc\Desktop\claudeproject\studio-manager\.next\server\chunks\ssr\_0zfb4r2._.js:1:10194)
    at async v (C:\Users\pc\Desktop\claudeproject\studio-manager\.next\server\chunks\ssr\[root-of-the-server]__0ig65b5._.js:1:5018) {
  code: 'MISSING_MESSAGE',
  originalMessage: 'PlanPro (fr)'
}
Error: MISSING_MESSAGE: PlanPro (fr)
    at <unknown> (C:\Users\pc\Desktop\claudeproject\studio-manager\.next\server\chunks\ssr\_0zfb4r2._.js:1:9937)
    at <unknown> (C:\Users\pc\Desktop\claudeproject\studio-manager\.next\server\chunks\ssr\_0zfb4r2._.js:1:9969)
    at <unknown> (C:\Users\pc\Desktop\claudeproject\studio-manager\.next\server\chunks\ssr\_0zfb4r2._.js:1:10072)
    at <unknown> (C:\Users\pc\Desktop\claudeproject\studio-manager\.next\server\chunks\ssr\_0zfb4r2._.js:1:10194)
    at async v (C:\Users\pc\Desktop\claudeproject\studio-manager\.next\server\chunks\ssr\[root-of-the-server]__0ig65b5._.js:1:5018) {
  code: 'MISSING_MESSAGE',
  originalMessage: 'PlanPro (fr)'
}
Error: MISSING_MESSAGE: PlanPro (fr)
    at <unknown> (C:\Users\pc\Desktop\claudeproject\studio-manager\.next\server\chunks\ssr\_0zfb4r2._.js:1:9937)
    at <unknown> (C:\Users\pc\Desktop\claudeproject\studio-manager\.next\server\chunks\ssr\_0zfb4r2._.js:1:9969)
    at <unknown> (C:\Users\pc\Desktop\claudeproject\studio-manager\.next\server\chunks\ssr\_0zfb4r2._.js:1:10072)
    at <unknown> (C:\Users\pc\Desktop\claudeproject\studio-manager\.next\server\chunks\ssr\_0zfb4r2._.js:1:10194)
    at async v (C:\Users\pc\Desktop\claudeproject\studio-manager\.next\server\chunks\ssr\[root-of-the-server]__0ig65b5._.js:1:5018) {
  code: 'MISSING_MESSAGE',
  originalMessage: 'PlanPro (fr)'
}
Error: MISSING_MESSAGE: PlanPro (fr)
    at <unknown> (C:\Users\pc\Desktop\claudeproject\studio-manager\.next\server\chunks\ssr\_0zfb4r2._.js:1:9937)
    at <unknown> (C:\Users\pc\Desktop\claudeproject\studio-manager\.next\server\chunks\ssr\_0zfb4r2._.js:1:9969)
    at <unknown> (C:\Users\pc\Desktop\claudeproject\studio-manager\.next\server\chunks\ssr\_0zfb4r2._.js:1:10072)
    at <unknown> (C:\Users\pc\Desktop\claudeproject\studio-manager\.next\server\chunks\ssr\_0zfb4r2._.js:1:10194)
    at async v (C:\Users\pc\Desktop\claudeproject\studio-manager\.next\server\chunks\ssr\[root-of-the-server]__0ig65b5._.js:1:5018) {
  code: 'MISSING_MESSAGE',
  originalMessage: 'PlanPro (fr)'
}
Error: MISSING_MESSAGE: PlanPro (fr)
    at <unknown> (C:\Users\pc\Desktop\claudeproject\studio-manager\.next\server\chunks\ssr\_0zfb4r2._.js:1:9937)
    at <unknown> (C:\Users\pc\Desktop\claudeproject\studio-manager\.next\server\chunks\ssr\_0zfb4r2._.js:1:9969)
    at <unknown> (C:\Users\pc\Desktop\claudeproject\studio-manager\.next\server\chunks\ssr\_0zfb4r2._.js:1:10072)
    at <unknown> (C:\Users\pc\Desktop\claudeproject\studio-manager\.next\server\chunks\ssr\_0zfb4r2._.js:1:10194)
    at async v (C:\Users\pc\Desktop\claudeproject\studio-manager\.next\server\chunks\ssr\[root-of-the-server]__0ig65b5._.js:1:5018) {
  code: 'MISSING_MESSAGE',
  originalMessage: 'PlanPro (fr)'
}
Error: MISSING_MESSAGE: PlanPro (fr)
    at <unknown> (C:\Users\pc\Desktop\claudeproject\studio-manager\.next\server\chunks\ssr\_0zfb4r2._.js:1:9937)
    at <unknown> (C:\Users\pc\Desktop\claudeproject\studio-manager\.next\server\chunks\ssr\_0zfb4r2._.js:1:9969)
    at <unknown> (C:\Users\pc\Desktop\claudeproject\studio-manager\.next\server\chunks\ssr\_0zfb4r2._.js:1:10072)
    at <unknown> (C:\Users\pc\Desktop\claudeproject\studio-manager\.next\server\chunks\ssr\_0zfb4r2._.js:1:10194)
    at async v (C:\Users\pc\Desktop\claudeproject\studio-manager\.next\server\chunks\ssr\[root-of-the-server]__0ig65b5._.js:1:5018) {
  code: 'MISSING_MESSAGE',
  originalMessage: 'PlanPro (fr)'
}
Error: MISSING_MESSAGE: PlanPro (fr)
    at <unknown> (C:\Users\pc\Desktop\claudeproject\studio-manager\.next\server\chunks\ssr\_0zfb4r2._.js:1:9937)
    at <unknown> (C:\Users\pc\Desktop\claudeproject\studio-manager\.next\server\chunks\ssr\_0zfb4r2._.js:1:9969)
    at <unknown> (C:\Users\pc\Desktop\claudeproject\studio-manager\.next\server\chunks\ssr\_0zfb4r2._.js:1:10072)
    at <unknown> (C:\Users\pc\Desktop\claudeproject\studio-manager\.next\server\chunks\ssr\_0zfb4r2._.js:1:10194)
    at async v (C:\Users\pc\Desktop\claudeproject\studio-manager\.next\server\chunks\ssr\[root-of-the-server]__0ig65b5._.js:1:5018) {
  code: 'MISSING_MESSAGE',
  originalMessage: 'PlanPro (fr)'
}
Error: MISSING_MESSAGE: PlanPro (fr)
    at <unknown> (C:\Users\pc\Desktop\claudeproject\studio-manager\.next\server\chunks\ssr\_0zfb4r2._.js:1:9937)
    at <unknown> (C:\Users\pc\Desktop\claudeproject\studio-manager\.next\server\chunks\ssr\_0zfb4r2._.js:1:9969)
    at <unknown> (C:\Users\pc\Desktop\claudeproject\studio-manager\.next\server\chunks\ssr\_0zfb4r2._.js:1:10072)
    at <unknown> (C:\Users\pc\Desktop\claudeproject\studio-manager\.next\server\chunks\ssr\_0zfb4r2._.js:1:10194)
    at async v (C:\Users\pc\Desktop\claudeproject\studio-manager\.next\server\chunks\ssr\[root-of-the-server]__0ig65b5._.js:1:5018) {
  code: 'MISSING_MESSAGE',
  originalMessage: 'PlanPro (fr)'
}
Error: MISSING_MESSAGE: PlanPro (fr)
    at <unknown> (C:\Users\pc\Desktop\claudeproject\studio-manager\.next\server\chunks\ssr\_0zfb4r2._.js:1:9937)
    at <unknown> (C:\Users\pc\Desktop\claudeproject\studio-manager\.next\server\chunks\ssr\_0zfb4r2._.js:1:9969)
    at <unknown> (C:\Users\pc\Desktop\claudeproject\studio-manager\.next\server\chunks\ssr\_0zfb4r2._.js:1:10072)
    at <unknown> (C:\Users\pc\Desktop\claudeproject\studio-manager\.next\server\chunks\ssr\_0zfb4r2._.js:1:10194)
    at async v (C:\Users\pc\Desktop\claudeproject\studio-manager\.next\server\chunks\ssr\[root-of-the-server]__0ig65b5._.js:1:5018) {
  code: 'MISSING_MESSAGE',
  originalMessage: 'PlanPro (fr)'
}
Error: MISSING_MESSAGE: PlanPro (fr)
    at <unknown> (C:\Users\pc\Desktop\claudeproject\studio-manager\.next\server\chunks\ssr\_0zfb4r2._.js:1:9937)
    at <unknown> (C:\Users\pc\Desktop\claudeproject\studio-manager\.next\server\chunks\ssr\_0zfb4r2._.js:1:9969)
    at <unknown> (C:\Users\pc\Desktop\claudeproject\studio-manager\.next\server\chunks\ssr\_0zfb4r2._.js:1:10072)
    at <unknown> (C:\Users\pc\Desktop\claudeproject\studio-manager\.next\server\chunks\ssr\_0zfb4r2._.js:1:10194)
    at async v (C:\Users\pc\Desktop\claudeproject\studio-manager\.next\server\chunks\ssr\[root-of-the-server]__0ig65b5._.js:1:5018) {
  code: 'MISSING_MESSAGE',
  originalMessage: 'PlanPro (fr)'
}
Error: MISSING_MESSAGE: PlanPro (fr)
    at <unknown> (C:\Users\pc\Desktop\claudeproject\studio-manager\.next\server\chunks\ssr\_0zfb4r2._.js:1:9937)
    at <unknown> (C:\Users\pc\Desktop\claudeproject\studio-manager\.next\server\chunks\ssr\_0zfb4r2._.js:1:9969)
    at <unknown> (C:\Users\pc\Desktop\claudeproject\studio-manager\.next\server\chunks\ssr\_0zfb4r2._.js:1:10072)
    at <unknown> (C:\Users\pc\Desktop\claudeproject\studio-manager\.next\server\chunks\ssr\_0zfb4r2._.js:1:10194)
    at async v (C:\Users\pc\Desktop\claudeproject\studio-manager\.next\server\chunks\ssr\[root-of-the-server]__0ig65b5._.js:1:5018) {
  code: 'MISSING_MESSAGE',
  originalMessage: 'PlanPro (fr)'
}
Error: MISSING_MESSAGE: PlanPro (fr)
    at <unknown> (C:\Users\pc\Desktop\claudeproject\studio-manager\.next\server\chunks\ssr\_0zfb4r2._.js:1:9937)
    at <unknown> (C:\Users\pc\Desktop\claudeproject\studio-manager\.next\server\chunks\ssr\_0zfb4r2._.js:1:9969)
    at <unknown> (C:\Users\pc\Desktop\claudeproject\studio-manager\.next\server\chunks\ssr\_0zfb4r2._.js:1:10072)
    at <unknown> (C:\Users\pc\Desktop\claudeproject\studio-manager\.next\server\chunks\ssr\_0zfb4r2._.js:1:10194)
    at async v (C:\Users\pc\Desktop\claudeproject\studio-manager\.next\server\chunks\ssr\[root-of-the-server]__0ig65b5._.js:1:5018) {
  code: 'MISSING_MESSAGE',
  originalMessage: 'PlanPro (fr)'
}
Error: MISSING_MESSAGE: PlanPro (fr)
    at <unknown> (C:\Users\pc\Desktop\claudeproject\studio-manager\.next\server\chunks\ssr\_0zfb4r2._.js:1:9937)
    at <unknown> (C:\Users\pc\Desktop\claudeproject\studio-manager\.next\server\chunks\ssr\_0zfb4r2._.js:1:9969)
    at <unknown> (C:\Users\pc\Desktop\claudeproject\studio-manager\.next\server\chunks\ssr\_0zfb4r2._.js:1:10072)
    at <unknown> (C:\Users\pc\Desktop\claudeproject\studio-manager\.next\server\chunks\ssr\_0zfb4r2._.js:1:10194)
    at async v (C:\Users\pc\Desktop\claudeproject\studio-manager\.next\server\chunks\ssr\[root-of-the-server]__0ig65b5._.js:1:5018) {
  code: 'MISSING_MESSAGE',
  originalMessage: 'PlanPro (fr)'
}
Error: MISSING_MESSAGE: PlanPro (fr)
    at <unknown> (C:\Users\pc\Desktop\claudeproject\studio-manager\.next\server\chunks\ssr\_0zfb4r2._.js:1:9937)
    at <unknown> (C:\Users\pc\Desktop\claudeproject\studio-manager\.next\server\chunks\ssr\_0zfb4r2._.js:1:9969)
    at <unknown> (C:\Users\pc\Desktop\claudeproject\studio-manager\.next\server\chunks\ssr\_0zfb4r2._.js:1:10072)
    at <unknown> (C:\Users\pc\Desktop\claudeproject\studio-manager\.next\server\chunks\ssr\_0zfb4r2._.js:1:10194)
    at async v (C:\Users\pc\Desktop\claudeproject\studio-manager\.next\server\chunks\ssr\[root-of-the-server]__0ig65b5._.js:1:5018) {
  code: 'MISSING_MESSAGE',
  originalMessage: 'PlanPro (fr)'
}
Error: MISSING_MESSAGE: PlanPro (fr)
    at <unknown> (C:\Users\pc\Desktop\claudeproject\studio-manager\.next\server\chunks\ssr\_0zfb4r2._.js:1:9937)
    at <unknown> (C:\Users\pc\Desktop\claudeproject\studio-manager\.next\server\chunks\ssr\_0zfb4r2._.js:1:9969)
    at <unknown> (C:\Users\pc\Desktop\claudeproject\studio-manager\.next\server\chunks\ssr\_0zfb4r2._.js:1:10072)
    at <unknown> (C:\Users\pc\Desktop\claudeproject\studio-manager\.next\server\chunks\ssr\_0zfb4r2._.js:1:10194)
    at async v (C:\Users\pc\Desktop\claudeproject\studio-manager\.next\server\chunks\ssr\[root-of-the-server]__0ig65b5._.js:1:5018) {
  code: 'MISSING_MESSAGE',
  originalMessage: 'PlanPro (fr)'
}
Error: MISSING_MESSAGE: PlanPro (fr)
    at <unknown> (C:\Users\pc\Desktop\claudeproject\studio-manager\.next\server\chunks\ssr\_0zfb4r2._.js:1:9937)
    at <unknown> (C:\Users\pc\Desktop\claudeproject\studio-manager\.next\server\chunks\ssr\_0zfb4r2._.js:1:9969)
    at <unknown> (C:\Users\pc\Desktop\claudeproject\studio-manager\.next\server\chunks\ssr\_0zfb4r2._.js:1:10072)
    at <unknown> (C:\Users\pc\Desktop\claudeproject\studio-manager\.next\server\chunks\ssr\_0zfb4r2._.js:1:10194)
    at async v (C:\Users\pc\Desktop\claudeproject\studio-manager\.next\server\chunks\ssr\[root-of-the-server]__0ig65b5._.js:1:5018) {
  code: 'MISSING_MESSAGE',
  originalMessage: 'PlanPro (fr)'
}
Error: MISSING_MESSAGE: PlanPro (fr)
    at <unknown> (C:\Users\pc\Desktop\claudeproject\studio-manager\.next\server\chunks\ssr\_0zfb4r2._.js:1:9937)
    at <unknown> (C:\Users\pc\Desktop\claudeproject\studio-manager\.next\server\chunks\ssr\_0zfb4r2._.js:1:9969)
    at <unknown> (C:\Users\pc\Desktop\claudeproject\studio-manager\.next\server\chunks\ssr\_0zfb4r2._.js:1:10072)
    at <unknown> (C:\Users\pc\Desktop\claudeproject\studio-manager\.next\server\chunks\ssr\_0zfb4r2._.js:1:10194)
    at async v (C:\Users\pc\Desktop\claudeproject\studio-manager\.next\server\chunks\ssr\[root-of-the-server]__0ig65b5._.js:1:5018) {
  code: 'MISSING_MESSAGE',
  originalMessage: 'PlanPro (fr)'
}
Error: MISSING_MESSAGE: PlanPro (fr)
    at <unknown> (C:\Users\pc\Desktop\claudeproject\studio-manager\.next\server\chunks\ssr\_0zfb4r2._.js:1:9937)
    at <unknown> (C:\Users\pc\Desktop\claudeproject\studio-manager\.next\server\chunks\ssr\_0zfb4r2._.js:1:9969)
    at <unknown> (C:\Users\pc\Desktop\claudeproject\studio-manager\.next\server\chunks\ssr\_0zfb4r2._.js:1:10072)
    at <unknown> (C:\Users\pc\Desktop\claudeproject\studio-manager\.next\server\chunks\ssr\_0zfb4r2._.js:1:10194)
    at async v (C:\Users\pc\Desktop\claudeproject\studio-manager\.next\server\chunks\ssr\[root-of-the-server]__0ig65b5._.js:1:5018) {
  code: 'MISSING_MESSAGE',
  originalMessage: 'PlanPro (fr)'
}
Error: MISSING_MESSAGE: PlanPro (fr)
    at <unknown> (C:\Users\pc\Desktop\claudeproject\studio-manager\.next\server\chunks\ssr\_0zfb4r2._.js:1:9937)
    at <unknown> (C:\Users\pc\Desktop\claudeproject\studio-manager\.next\server\chunks\ssr\_0zfb4r2._.js:1:9969)
    at <unknown> (C:\Users\pc\Desktop\claudeproject\studio-manager\.next\server\chunks\ssr\_0zfb4r2._.js:1:10072)
    at <unknown> (C:\Users\pc\Desktop\claudeproject\studio-manager\.next\server\chunks\ssr\_0zfb4r2._.js:1:10194)
    at async v (C:\Users\pc\Desktop\claudeproject\studio-manager\.next\server\chunks\ssr\[root-of-the-server]__0ig65b5._.js:1:5018) {
  code: 'MISSING_MESSAGE',
  originalMessage: 'PlanPro (fr)'
}
Error: MISSING_MESSAGE: PlanPro (fr)
    at <unknown> (C:\Users\pc\Desktop\claudeproject\studio-manager\.next\server\chunks\ssr\_0zfb4r2._.js:1:9937)
    at <unknown> (C:\Users\pc\Desktop\claudeproject\studio-manager\.next\server\chunks\ssr\_0zfb4r2._.js:1:9969)
    at <unknown> (C:\Users\pc\Desktop\claudeproject\studio-manager\.next\server\chunks\ssr\_0zfb4r2._.js:1:10072)
    at <unknown> (C:\Users\pc\Desktop\claudeproject\studio-manager\.next\server\chunks\ssr\_0zfb4r2._.js:1:10194)
    at async v (C:\Users\pc\Desktop\claudeproject\studio-manager\.next\server\chunks\ssr\[root-of-the-server]__0ig65b5._.js:1:5018) {
  code: 'MISSING_MESSAGE',
  originalMessage: 'PlanPro (fr)'
}
Error: MISSING_MESSAGE: PlanPro (fr)
    at <unknown> (C:\Users\pc\Desktop\claudeproject\studio-manager\.next\server\chunks\ssr\_0zfb4r2._.js:1:9937)
    at <unknown> (C:\Users\pc\Desktop\claudeproject\studio-manager\.next\server\chunks\ssr\_0zfb4r2._.js:1:9969)
    at <unknown> (C:\Users\pc\Desktop\claudeproject\studio-manager\.next\server\chunks\ssr\_0zfb4r2._.js:1:10072)
    at <unknown> (C:\Users\pc\Desktop\claudeproject\studio-manager\.next\server\chunks\ssr\_0zfb4r2._.js:1:10194)
    at async v (C:\Users\pc\Desktop\claudeproject\studio-manager\.next\server\chunks\ssr\[root-of-the-server]__0ig65b5._.js:1:5018) {
  code: 'MISSING_MESSAGE',
  originalMessage: 'PlanPro (fr)'
}
Error: MISSING_MESSAGE: PlanPro (fr)
    at <unknown> (C:\Users\pc\Desktop\claudeproject\studio-manager\.next\server\chunks\ssr\_0zfb4r2._.js:1:9937)
    at <unknown> (C:\Users\pc\Desktop\claudeproject\studio-manager\.next\server\chunks\ssr\_0zfb4r2._.js:1:9969)
    at <unknown> (C:\Users\pc\Desktop\claudeproject\studio-manager\.next\server\chunks\ssr\_0zfb4r2._.js:1:10072)
    at <unknown> (C:\Users\pc\Desktop\claudeproject\studio-manager\.next\server\chunks\ssr\_0zfb4r2._.js:1:10194)
    at async v (C:\Users\pc\Desktop\claudeproject\studio-manager\.next\server\chunks\ssr\[root-of-the-server]__0ig65b5._.js:1:5018) {
  code: 'MISSING_MESSAGE',
  originalMessage: 'PlanPro (fr)'
}
Error: MISSING_MESSAGE: PlanPro (fr)
    at <unknown> (C:\Users\pc\Desktop\claudeproject\studio-manager\.next\server\chunks\ssr\_0zfb4r2._.js:1:9937)
    at <unknown> (C:\Users\pc\Desktop\claudeproject\studio-manager\.next\server\chunks\ssr\_0zfb4r2._.js:1:9969)
    at <unknown> (C:\Users\pc\Desktop\claudeproject\studio-manager\.next\server\chunks\ssr\_0zfb4r2._.js:1:10072)
    at <unknown> (C:\Users\pc\Desktop\claudeproject\studio-manager\.next\server\chunks\ssr\_0zfb4r2._.js:1:10194)
    at async v (C:\Users\pc\Desktop\claudeproject\studio-manager\.next\server\chunks\ssr\[root-of-the-server]__0ig65b5._.js:1:5018) {
  code: 'MISSING_MESSAGE',
  originalMessage: 'PlanPro (fr)'
}
Error: MISSING_MESSAGE: PlanPro (fr)
    at <unknown> (C:\Users\pc\Desktop\claudeproject\studio-manager\.next\server\chunks\ssr\_0zfb4r2._.js:1:9937)
    at <unknown> (C:\Users\pc\Desktop\claudeproject\studio-manager\.next\server\chunks\ssr\_0zfb4r2._.js:1:9969)
    at <unknown> (C:\Users\pc\Desktop\claudeproject\studio-manager\.next\server\chunks\ssr\_0zfb4r2._.js:1:10072)
    at <unknown> (C:\Users\pc\Desktop\claudeproject\studio-manager\.next\server\chunks\ssr\_0zfb4r2._.js:1:10194)
    at async v (C:\Users\pc\Desktop\claudeproject\studio-manager\.next\server\chunks\ssr\[root-of-the-server]__0ig65b5._.js:1:5018) {
  code: 'MISSING_MESSAGE',
  originalMessage: 'PlanPro (fr)'
}
Error: MISSING_MESSAGE: PlanPro (fr)
    at <unknown> (C:\Users\pc\Desktop\claudeproject\studio-manager\.next\server\chunks\ssr\_0zfb4r2._.js:1:9937)
    at <unknown> (C:\Users\pc\Desktop\claudeproject\studio-manager\.next\server\chunks\ssr\_0zfb4r2._.js:1:9969)
    at <unknown> (C:\Users\pc\Desktop\claudeproject\studio-manager\.next\server\chunks\ssr\_0zfb4r2._.js:1:10072)
    at <unknown> (C:\Users\pc\Desktop\claudeproject\studio-manager\.next\server\chunks\ssr\_0zfb4r2._.js:1:10194)
    at async v (C:\Users\pc\Desktop\claudeproject\studio-manager\.next\server\chunks\ssr\[root-of-the-server]__0ig65b5._.js:1:5018) {
  code: 'MISSING_MESSAGE',
  originalMessage: 'PlanPro (fr)'
}
Error: MISSING_MESSAGE: PlanPro (fr)
    at <unknown> (C:\Users\pc\Desktop\claudeproject\studio-manager\.next\server\chunks\ssr\_0zfb4r2._.js:1:9937)
    at <unknown> (C:\Users\pc\Desktop\claudeproject\studio-manager\.next\server\chunks\ssr\_0zfb4r2._.js:1:9969)
    at <unknown> (C:\Users\pc\Desktop\claudeproject\studio-manager\.next\server\chunks\ssr\_0zfb4r2._.js:1:10072)
    at <unknown> (C:\Users\pc\Desktop\claudeproject\studio-manager\.next\server\chunks\ssr\_0zfb4r2._.js:1:10194)
    at async v (C:\Users\pc\Desktop\claudeproject\studio-manager\.next\server\chunks\ssr\[root-of-the-server]__0ig65b5._.js:1:5018) {
  code: 'MISSING_MESSAGE',
  originalMessage: 'PlanPro (fr)'
}
Error: MISSING_MESSAGE: PlanPro (fr)
    at <unknown> (C:\Users\pc\Desktop\claudeproject\studio-manager\.next\server\chunks\ssr\_0zfb4r2._.js:1:9937)
    at <unknown> (C:\Users\pc\Desktop\claudeproject\studio-manager\.next\server\chunks\ssr\_0zfb4r2._.js:1:9969)
    at <unknown> (C:\Users\pc\Desktop\claudeproject\studio-manager\.next\server\chunks\ssr\_0zfb4r2._.js:1:10072)
    at <unknown> (C:\Users\pc\Desktop\claudeproject\studio-manager\.next\server\chunks\ssr\_0zfb4r2._.js:1:10194)
    at async v (C:\Users\pc\Desktop\claudeproject\studio-manager\.next\server\chunks\ssr\[root-of-the-server]__0ig65b5._.js:1:5018) {
  code: 'MISSING_MESSAGE',
  originalMessage: 'PlanPro (fr)'
}
Error: MISSING_MESSAGE: PlanPro (fr)
    at <unknown> (C:\Users\pc\Desktop\claudeproject\studio-manager\.next\server\chunks\ssr\_0zfb4r2._.js:1:9937)
    at <unknown> (C:\Users\pc\Desktop\claudeproject\studio-manager\.next\server\chunks\ssr\_0zfb4r2._.js:1:9969)
    at <unknown> (C:\Users\pc\Desktop\claudeproject\studio-manager\.next\server\chunks\ssr\_0zfb4r2._.js:1:10072)
    at <unknown> (C:\Users\pc\Desktop\claudeproject\studio-manager\.next\server\chunks\ssr\_0zfb4r2._.js:1:10194)
    at async v (C:\Users\pc\Desktop\claudeproject\studio-manager\.next\server\chunks\ssr\[root-of-the-server]__0ig65b5._.js:1:5018) {
  code: 'MISSING_MESSAGE',
  originalMessage: 'PlanPro (fr)'
}
Error: MISSING_MESSAGE: PlanPro (fr)
    at <unknown> (C:\Users\pc\Desktop\claudeproject\studio-manager\.next\server\chunks\ssr\_0zfb4r2._.js:1:9937)
    at <unknown> (C:\Users\pc\Desktop\claudeproject\studio-manager\.next\server\chunks\ssr\_0zfb4r2._.js:1:9969)
    at <unknown> (C:\Users\pc\Desktop\claudeproject\studio-manager\.next\server\chunks\ssr\_0zfb4r2._.js:1:10072)
    at <unknown> (C:\Users\pc\Desktop\claudeproject\studio-manager\.next\server\chunks\ssr\_0zfb4r2._.js:1:10194)
    at async v (C:\Users\pc\Desktop\claudeproject\studio-manager\.next\server\chunks\ssr\[root-of-the-server]__0ig65b5._.js:1:5018) {
  code: 'MISSING_MESSAGE',
  originalMessage: 'PlanPro (fr)'
}
Error: MISSING_MESSAGE: PlanPro (fr)
    at <unknown> (C:\Users\pc\Desktop\claudeproject\studio-manager\.next\server\chunks\ssr\_0zfb4r2._.js:1:9937)
    at <unknown> (C:\Users\pc\Desktop\claudeproject\studio-manager\.next\server\chunks\ssr\_0zfb4r2._.js:1:9969)
    at <unknown> (C:\Users\pc\Desktop\claudeproject\studio-manager\.next\server\chunks\ssr\_0zfb4r2._.js:1:10072)
    at <unknown> (C:\Users\pc\Desktop\claudeproject\studio-manager\.next\server\chunks\ssr\_0zfb4r2._.js:1:10194)
    at async Module.t [as generateMetadata] (C:\Users\pc\Desktop\claudeproject\studio-manager\.next\server\chunks\ssr\[root-of-the-server]__0ig65b5._.js:1:4314) {
  code: 'MISSING_MESSAGE',
  originalMessage: 'PlanPro (fr)'
}
Error: MISSING_MESSAGE: PlanPro (fr)
    at <unknown> (C:\Users\pc\Desktop\claudeproject\studio-manager\.next\server\chunks\ssr\_0zfb4r2._.js:1:9937)
    at <unknown> (C:\Users\pc\Desktop\claudeproject\studio-manager\.next\server\chunks\ssr\_0zfb4r2._.js:1:9969)
    at <unknown> (C:\Users\pc\Desktop\claudeproject\studio-manager\.next\server\chunks\ssr\_0zfb4r2._.js:1:10072)
    at <unknown> (C:\Users\pc\Desktop\claudeproject\studio-manager\.next\server\chunks\ssr\_0zfb4r2._.js:1:10194)
    at async Module.t [as generateMetadata] (C:\Users\pc\Desktop\claudeproject\studio-manager\.next\server\chunks\ssr\[root-of-the-server]__0ig65b5._.js:1:4314) {
  code: 'MISSING_MESSAGE',
  originalMessage: 'PlanPro (fr)'
}
Error: MISSING_MESSAGE: PlanPro (fr)
    at <unknown> (C:\Users\pc\Desktop\claudeproject\studio-manager\.next\server\chunks\ssr\_0zfb4r2._.js:1:9937)
    at <unknown> (C:\Users\pc\Desktop\claudeproject\studio-manager\.next\server\chunks\ssr\_0zfb4r2._.js:1:9969)
    at <unknown> (C:\Users\pc\Desktop\claudeproject\studio-manager\.next\server\chunks\ssr\_0zfb4r2._.js:1:10072)
    at <unknown> (C:\Users\pc\Desktop\claudeproject\studio-manager\.next\server\chunks\ssr\_0zfb4r2._.js:1:10194)
    at async Module.t [as generateMetadata] (C:\Users\pc\Desktop\claudeproject\studio-manager\.next\server\chunks\ssr\[root-of-the-server]__0ig65b5._.js:1:4314) {
  code: 'MISSING_MESSAGE',
  originalMessage: 'PlanPro (fr)'
}
Error: MISSING_MESSAGE: PlanPro (fr)
    at <unknown> (C:\Users\pc\Desktop\claudeproject\studio-manager\.next\server\chunks\ssr\_0zfb4r2._.js:1:9937)
    at <unknown> (C:\Users\pc\Desktop\claudeproject\studio-manager\.next\server\chunks\ssr\_0zfb4r2._.js:1:9969)
    at <unknown> (C:\Users\pc\Desktop\claudeproject\studio-manager\.next\server\chunks\ssr\_0zfb4r2._.js:1:10072)
    at <unknown> (C:\Users\pc\Desktop\claudeproject\studio-manager\.next\server\chunks\ssr\_0zfb4r2._.js:1:10194)
    at async Module.t [as generateMetadata] (C:\Users\pc\Desktop\claudeproject\studio-manager\.next\server\chunks\ssr\[root-of-the-server]__0ig65b5._.js:1:4314) {
  code: 'MISSING_MESSAGE',
  originalMessage: 'PlanPro (fr)'
}
Error: MISSING_MESSAGE: PlanPro (fr)
    at <unknown> (C:\Users\pc\Desktop\claudeproject\studio-manager\.next\server\chunks\ssr\_0zfb4r2._.js:1:9937)
    at <unknown> (C:\Users\pc\Desktop\claudeproject\studio-manager\.next\server\chunks\ssr\_0zfb4r2._.js:1:9969)
    at <unknown> (C:\Users\pc\Desktop\claudeproject\studio-manager\.next\server\chunks\ssr\_0zfb4r2._.js:1:10072)
    at <unknown> (C:\Users\pc\Desktop\claudeproject\studio-manager\.next\server\chunks\ssr\_0zfb4r2._.js:1:10194)
    at async Module.t [as generateMetadata] (C:\Users\pc\Desktop\claudeproject\studio-manager\.next\server\chunks\ssr\[root-of-the-server]__0ig65b5._.js:1:4314) {
  code: 'MISSING_MESSAGE',
  originalMessage: 'PlanPro (fr)'
}
Error: MISSING_MESSAGE: PlanPro (fr)
    at <unknown> (C:\Users\pc\Desktop\claudeproject\studio-manager\.next\server\chunks\ssr\_0zfb4r2._.js:1:9937)
    at <unknown> (C:\Users\pc\Desktop\claudeproject\studio-manager\.next\server\chunks\ssr\_0zfb4r2._.js:1:9969)
    at <unknown> (C:\Users\pc\Desktop\claudeproject\studio-manager\.next\server\chunks\ssr\_0zfb4r2._.js:1:10072)
    at <unknown> (C:\Users\pc\Desktop\claudeproject\studio-manager\.next\server\chunks\ssr\_0zfb4r2._.js:1:10194)
    at async Module.t [as generateMetadata] (C:\Users\pc\Desktop\claudeproject\studio-manager\.next\server\chunks\ssr\[root-of-the-server]__0ig65b5._.js:1:4314) {
  code: 'MISSING_MESSAGE',
  originalMessage: 'PlanPro (fr)'
}
Error: MISSING_MESSAGE: PlanCopy (fr)
    at <unknown> (C:\Users\pc\Desktop\claudeproject\studio-manager\.next\server\chunks\ssr\_0zfb4r2._.js:1:9937)
    at <unknown> (C:\Users\pc\Desktop\claudeproject\studio-manager\.next\server\chunks\ssr\_0zfb4r2._.js:1:9969)
    at <unknown> (C:\Users\pc\Desktop\claudeproject\studio-manager\.next\server\chunks\ssr\_0zfb4r2._.js:1:10072)
    at <unknown> (C:\Users\pc\Desktop\claudeproject\studio-manager\.next\server\chunks\ssr\_0zfb4r2._.js:1:10194)
    at async v (C:\Users\pc\Desktop\claudeproject\studio-manager\.next\server\chunks\ssr\[root-of-the-server]__0ev73o-._.js:1:4712) {
  code: 'MISSING_MESSAGE',
  originalMessage: 'PlanCopy (fr)'
}
Error: MISSING_MESSAGE: PlanCopy (fr)
    at <unknown> (C:\Users\pc\Desktop\claudeproject\studio-manager\.next\server\chunks\ssr\_0zfb4r2._.js:1:9937)
    at <unknown> (C:\Users\pc\Desktop\claudeproject\studio-manager\.next\server\chunks\ssr\_0zfb4r2._.js:1:9969)
    at <unknown> (C:\Users\pc\Desktop\claudeproject\studio-manager\.next\server\chunks\ssr\_0zfb4r2._.js:1:10072)
    at <unknown> (C:\Users\pc\Desktop\claudeproject\studio-manager\.next\server\chunks\ssr\_0zfb4r2._.js:1:10194)
    at async v (C:\Users\pc\Desktop\claudeproject\studio-manager\.next\server\chunks\ssr\[root-of-the-server]__0ev73o-._.js:1:4712) {
  code: 'MISSING_MESSAGE',
  originalMessage: 'PlanCopy (fr)'
}
Error: MISSING_MESSAGE: PlanCopy (fr)
    at <unknown> (C:\Users\pc\Desktop\claudeproject\studio-manager\.next\server\chunks\ssr\_0zfb4r2._.js:1:9937)
    at <unknown> (C:\Users\pc\Desktop\claudeproject\studio-manager\.next\server\chunks\ssr\_0zfb4r2._.js:1:9969)
    at <unknown> (C:\Users\pc\Desktop\claudeproject\studio-manager\.next\server\chunks\ssr\_0zfb4r2._.js:1:10072)
    at <unknown> (C:\Users\pc\Desktop\claudeproject\studio-manager\.next\server\chunks\ssr\_0zfb4r2._.js:1:10194)
    at async v (C:\Users\pc\Desktop\claudeproject\studio-manager\.next\server\chunks\ssr\[root-of-the-server]__0ev73o-._.js:1:4712) {
  code: 'MISSING_MESSAGE',
  originalMessage: 'PlanCopy (fr)'
}
Error: MISSING_MESSAGE: PlanCopy (fr)
    at <unknown> (C:\Users\pc\Desktop\claudeproject\studio-manager\.next\server\chunks\ssr\_0zfb4r2._.js:1:9937)
    at <unknown> (C:\Users\pc\Desktop\claudeproject\studio-manager\.next\server\chunks\ssr\_0zfb4r2._.js:1:9969)
    at <unknown> (C:\Users\pc\Desktop\claudeproject\studio-manager\.next\server\chunks\ssr\_0zfb4r2._.js:1:10072)
    at <unknown> (C:\Users\pc\Desktop\claudeproject\studio-manager\.next\server\chunks\ssr\_0zfb4r2._.js:1:10194)
    at async v (C:\Users\pc\Desktop\claudeproject\studio-manager\.next\server\chunks\ssr\[root-of-the-server]__0ev73o-._.js:1:4712) {
  code: 'MISSING_MESSAGE',
  originalMessage: 'PlanCopy (fr)'
}
Error: MISSING_MESSAGE: PlanCopy (fr)
    at <unknown> (C:\Users\pc\Desktop\claudeproject\studio-manager\.next\server\chunks\ssr\_0zfb4r2._.js:1:9937)
    at <unknown> (C:\Users\pc\Desktop\claudeproject\studio-manager\.next\server\chunks\ssr\_0zfb4r2._.js:1:9969)
    at <unknown> (C:\Users\pc\Desktop\claudeproject\studio-manager\.next\server\chunks\ssr\_0zfb4r2._.js:1:10072)
    at <unknown> (C:\Users\pc\Desktop\claudeproject\studio-manager\.next\server\chunks\ssr\_0zfb4r2._.js:1:10194)
    at async v (C:\Users\pc\Desktop\claudeproject\studio-manager\.next\server\chunks\ssr\[root-of-the-server]__0ev73o-._.js:1:4712) {
  code: 'MISSING_MESSAGE',
  originalMessage: 'PlanCopy (fr)'
}
Error: MISSING_MESSAGE: PlanCopy (fr)
    at <unknown> (C:\Users\pc\Desktop\claudeproject\studio-manager\.next\server\chunks\ssr\_0zfb4r2._.js:1:9937)
    at <unknown> (C:\Users\pc\Desktop\claudeproject\studio-manager\.next\server\chunks\ssr\_0zfb4r2._.js:1:9969)
    at <unknown> (C:\Users\pc\Desktop\claudeproject\studio-manager\.next\server\chunks\ssr\_0zfb4r2._.js:1:10072)
    at <unknown> (C:\Users\pc\Desktop\claudeproject\studio-manager\.next\server\chunks\ssr\_0zfb4r2._.js:1:10194)
    at async v (C:\Users\pc\Desktop\claudeproject\studio-manager\.next\server\chunks\ssr\[root-of-the-server]__0ev73o-._.js:1:4712) {
  code: 'MISSING_MESSAGE',
  originalMessage: 'PlanCopy (fr)'
}
Error: MISSING_MESSAGE: PlanCopy (fr)
    at <unknown> (C:\Users\pc\Desktop\claudeproject\studio-manager\.next\server\chunks\ssr\_0zfb4r2._.js:1:9937)
    at <unknown> (C:\Users\pc\Desktop\claudeproject\studio-manager\.next\server\chunks\ssr\_0zfb4r2._.js:1:9969)
    at <unknown> (C:\Users\pc\Desktop\claudeproject\studio-manager\.next\server\chunks\ssr\_0zfb4r2._.js:1:10072)
    at <unknown> (C:\Users\pc\Desktop\claudeproject\studio-manager\.next\server\chunks\ssr\_0zfb4r2._.js:1:10194)
    at async v (C:\Users\pc\Desktop\claudeproject\studio-manager\.next\server\chunks\ssr\[root-of-the-server]__0ev73o-._.js:1:4712) {
  code: 'MISSING_MESSAGE',
  originalMessage: 'PlanCopy (fr)'
}
Error: MISSING_MESSAGE: PlanCopy (fr)
    at <unknown> (C:\Users\pc\Desktop\claudeproject\studio-manager\.next\server\chunks\ssr\_0zfb4r2._.js:1:9937)
    at <unknown> (C:\Users\pc\Desktop\claudeproject\studio-manager\.next\server\chunks\ssr\_0zfb4r2._.js:1:9969)
    at <unknown> (C:\Users\pc\Desktop\claudeproject\studio-manager\.next\server\chunks\ssr\_0zfb4r2._.js:1:10072)
    at <unknown> (C:\Users\pc\Desktop\claudeproject\studio-manager\.next\server\chunks\ssr\_0zfb4r2._.js:1:10194)
    at async v (C:\Users\pc\Desktop\claudeproject\studio-manager\.next\server\chunks\ssr\[root-of-the-server]__0ev73o-._.js:1:4712) {
  code: 'MISSING_MESSAGE',
  originalMessage: 'PlanCopy (fr)'
}
Error: MISSING_MESSAGE: PlanCopy (fr)
    at <unknown> (C:\Users\pc\Desktop\claudeproject\studio-manager\.next\server\chunks\ssr\_0zfb4r2._.js:1:9937)
    at <unknown> (C:\Users\pc\Desktop\claudeproject\studio-manager\.next\server\chunks\ssr\_0zfb4r2._.js:1:9969)
    at <unknown> (C:\Users\pc\Desktop\claudeproject\studio-manager\.next\server\chunks\ssr\_0zfb4r2._.js:1:10072)
    at <unknown> (C:\Users\pc\Desktop\claudeproject\studio-manager\.next\server\chunks\ssr\_0zfb4r2._.js:1:10194)
    at async v (C:\Users\pc\Desktop\claudeproject\studio-manager\.next\server\chunks\ssr\[root-of-the-server]__0ev73o-._.js:1:4712) {
  code: 'MISSING_MESSAGE',
  originalMessage: 'PlanCopy (fr)'
}
Error: MISSING_MESSAGE: PlanCopy (fr)
    at <unknown> (C:\Users\pc\Desktop\claudeproject\studio-manager\.next\server\chunks\ssr\_0zfb4r2._.js:1:9937)
    at <unknown> (C:\Users\pc\Desktop\claudeproject\studio-manager\.next\server\chunks\ssr\_0zfb4r2._.js:1:9969)
    at <unknown> (C:\Users\pc\Desktop\claudeproject\studio-manager\.next\server\chunks\ssr\_0zfb4r2._.js:1:10072)
    at <unknown> (C:\Users\pc\Desktop\claudeproject\studio-manager\.next\server\chunks\ssr\_0zfb4r2._.js:1:10194)
    at async v (C:\Users\pc\Desktop\claudeproject\studio-manager\.next\server\chunks\ssr\[root-of-the-server]__0ev73o-._.js:1:4712) {
  code: 'MISSING_MESSAGE',
  originalMessage: 'PlanCopy (fr)'
}
Error: MISSING_MESSAGE: PlanCopy (fr)
    at <unknown> (C:\Users\pc\Desktop\claudeproject\studio-manager\.next\server\chunks\ssr\_0zfb4r2._.js:1:9937)
    at <unknown> (C:\Users\pc\Desktop\claudeproject\studio-manager\.next\server\chunks\ssr\_0zfb4r2._.js:1:9969)
    at <unknown> (C:\Users\pc\Desktop\claudeproject\studio-manager\.next\server\chunks\ssr\_0zfb4r2._.js:1:10072)
    at <unknown> (C:\Users\pc\Desktop\claudeproject\studio-manager\.next\server\chunks\ssr\_0zfb4r2._.js:1:10194)
    at async v (C:\Users\pc\Desktop\claudeproject\studio-manager\.next\server\chunks\ssr\[root-of-the-server]__0ev73o-._.js:1:4712) {
  code: 'MISSING_MESSAGE',
  originalMessage: 'PlanCopy (fr)'
}
Error: MISSING_MESSAGE: PlanStudio (fr)
    at <unknown> (C:\Users\pc\Desktop\claudeproject\studio-manager\.next\server\chunks\ssr\_0zfb4r2._.js:1:9937)
    at <unknown> (C:\Users\pc\Desktop\claudeproject\studio-manager\.next\server\chunks\ssr\_0zfb4r2._.js:1:9969)
    at <unknown> (C:\Users\pc\Desktop\claudeproject\studio-manager\.next\server\chunks\ssr\_0zfb4r2._.js:1:10072)
    at <unknown> (C:\Users\pc\Desktop\claudeproject\studio-manager\.next\server\chunks\ssr\_0zfb4r2._.js:1:10194)
    at async v (C:\Users\pc\Desktop\claudeproject\studio-manager\.next\server\chunks\ssr\[root-of-the-server]__0ev73o-._.js:1:4668) {
  code: 'MISSING_MESSAGE',
  originalMessage: 'PlanStudio (fr)'
}
Error: MISSING_MESSAGE: PlanStudio (fr)
    at <unknown> (C:\Users\pc\Desktop\claudeproject\studio-manager\.next\server\chunks\ssr\_0zfb4r2._.js:1:9937)
    at <unknown> (C:\Users\pc\Desktop\claudeproject\studio-manager\.next\server\chunks\ssr\_0zfb4r2._.js:1:9969)
    at <unknown> (C:\Users\pc\Desktop\claudeproject\studio-manager\.next\server\chunks\ssr\_0zfb4r2._.js:1:10072)
    at <unknown> (C:\Users\pc\Desktop\claudeproject\studio-manager\.next\server\chunks\ssr\_0zfb4r2._.js:1:10194)
    at async v (C:\Users\pc\Desktop\claudeproject\studio-manager\.next\server\chunks\ssr\[root-of-the-server]__0ev73o-._.js:1:4668) {
  code: 'MISSING_MESSAGE',
  originalMessage: 'PlanStudio (fr)'
}
Error: MISSING_MESSAGE: PlanStudio (fr)
    at <unknown> (C:\Users\pc\Desktop\claudeproject\studio-manager\.next\server\chunks\ssr\_0zfb4r2._.js:1:9937)
    at <unknown> (C:\Users\pc\Desktop\claudeproject\studio-manager\.next\server\chunks\ssr\_0zfb4r2._.js:1:9969)
    at <unknown> (C:\Users\pc\Desktop\claudeproject\studio-manager\.next\server\chunks\ssr\_0zfb4r2._.js:1:10072)
    at <unknown> (C:\Users\pc\Desktop\claudeproject\studio-manager\.next\server\chunks\ssr\_0zfb4r2._.js:1:10194)
    at async v (C:\Users\pc\Desktop\claudeproject\studio-manager\.next\server\chunks\ssr\[root-of-the-server]__0ev73o-._.js:1:4668) {
  code: 'MISSING_MESSAGE',
  originalMessage: 'PlanStudio (fr)'
}
Error: MISSING_MESSAGE: PlanStudio (fr)
    at <unknown> (C:\Users\pc\Desktop\claudeproject\studio-manager\.next\server\chunks\ssr\_0zfb4r2._.js:1:9937)
    at <unknown> (C:\Users\pc\Desktop\claudeproject\studio-manager\.next\server\chunks\ssr\_0zfb4r2._.js:1:9969)
    at <unknown> (C:\Users\pc\Desktop\claudeproject\studio-manager\.next\server\chunks\ssr\_0zfb4r2._.js:1:10072)
    at <unknown> (C:\Users\pc\Desktop\claudeproject\studio-manager\.next\server\chunks\ssr\_0zfb4r2._.js:1:10194)
    at async v (C:\Users\pc\Desktop\claudeproject\studio-manager\.next\server\chunks\ssr\[root-of-the-server]__0ev73o-._.js:1:4668) {
  code: 'MISSING_MESSAGE',
  originalMessage: 'PlanStudio (fr)'
}
Error: MISSING_MESSAGE: PlanStudio (fr)
    at <unknown> (C:\Users\pc\Desktop\claudeproject\studio-manager\.next\server\chunks\ssr\_0zfb4r2._.js:1:9937)
    at <unknown> (C:\Users\pc\Desktop\claudeproject\studio-manager\.next\server\chunks\ssr\_0zfb4r2._.js:1:9969)
    at <unknown> (C:\Users\pc\Desktop\claudeproject\studio-manager\.next\server\chunks\ssr\_0zfb4r2._.js:1:10072)
    at <unknown> (C:\Users\pc\Desktop\claudeproject\studio-manager\.next\server\chunks\ssr\_0zfb4r2._.js:1:10194)
    at async v (C:\Users\pc\Desktop\claudeproject\studio-manager\.next\server\chunks\ssr\[root-of-the-server]__0ev73o-._.js:1:4668) {
  code: 'MISSING_MESSAGE',
  originalMessage: 'PlanStudio (fr)'
}
Error: MISSING_MESSAGE: PlanStudio (fr)
    at <unknown> (C:\Users\pc\Desktop\claudeproject\studio-manager\.next\server\chunks\ssr\_0zfb4r2._.js:1:9937)
    at <unknown> (C:\Users\pc\Desktop\claudeproject\studio-manager\.next\server\chunks\ssr\_0zfb4r2._.js:1:9969)
    at <unknown> (C:\Users\pc\Desktop\claudeproject\studio-manager\.next\server\chunks\ssr\_0zfb4r2._.js:1:10072)
    at <unknown> (C:\Users\pc\Desktop\claudeproject\studio-manager\.next\server\chunks\ssr\_0zfb4r2._.js:1:10194)
    at async v (C:\Users\pc\Desktop\claudeproject\studio-manager\.next\server\chunks\ssr\[root-of-the-server]__0ev73o-._.js:1:4668) {
  code: 'MISSING_MESSAGE',
  originalMessage: 'PlanStudio (fr)'
}
Error: MISSING_MESSAGE: PlanStudio (fr)
    at <unknown> (C:\Users\pc\Desktop\claudeproject\studio-manager\.next\server\chunks\ssr\_0zfb4r2._.js:1:9937)
    at <unknown> (C:\Users\pc\Desktop\claudeproject\studio-manager\.next\server\chunks\ssr\_0zfb4r2._.js:1:9969)
    at <unknown> (C:\Users\pc\Desktop\claudeproject\studio-manager\.next\server\chunks\ssr\_0zfb4r2._.js:1:10072)
    at <unknown> (C:\Users\pc\Desktop\claudeproject\studio-manager\.next\server\chunks\ssr\_0zfb4r2._.js:1:10194)
    at async v (C:\Users\pc\Desktop\claudeproject\studio-manager\.next\server\chunks\ssr\[root-of-the-server]__0ev73o-._.js:1:4668) {
  code: 'MISSING_MESSAGE',
  originalMessage: 'PlanStudio (fr)'
}
Error: MISSING_MESSAGE: PlanStudio (fr)
    at <unknown> (C:\Users\pc\Desktop\claudeproject\studio-manager\.next\server\chunks\ssr\_0zfb4r2._.js:1:9937)
    at <unknown> (C:\Users\pc\Desktop\claudeproject\studio-manager\.next\server\chunks\ssr\_0zfb4r2._.js:1:9969)
    at <unknown> (C:\Users\pc\Desktop\claudeproject\studio-manager\.next\server\chunks\ssr\_0zfb4r2._.js:1:10072)
    at <unknown> (C:\Users\pc\Desktop\claudeproject\studio-manager\.next\server\chunks\ssr\_0zfb4r2._.js:1:10194)
    at async v (C:\Users\pc\Desktop\claudeproject\studio-manager\.next\server\chunks\ssr\[root-of-the-server]__0ev73o-._.js:1:4668) {
  code: 'MISSING_MESSAGE',
  originalMessage: 'PlanStudio (fr)'
}
Error: MISSING_MESSAGE: PlanStudio (fr)
    at <unknown> (C:\Users\pc\Desktop\claudeproject\studio-manager\.next\server\chunks\ssr\_0zfb4r2._.js:1:9937)
    at <unknown> (C:\Users\pc\Desktop\claudeproject\studio-manager\.next\server\chunks\ssr\_0zfb4r2._.js:1:9969)
    at <unknown> (C:\Users\pc\Desktop\claudeproject\studio-manager\.next\server\chunks\ssr\_0zfb4r2._.js:1:10072)
    at <unknown> (C:\Users\pc\Desktop\claudeproject\studio-manager\.next\server\chunks\ssr\_0zfb4r2._.js:1:10194)
    at async v (C:\Users\pc\Desktop\claudeproject\studio-manager\.next\server\chunks\ssr\[root-of-the-server]__0ev73o-._.js:1:4668) {
  code: 'MISSING_MESSAGE',
  originalMessage: 'PlanStudio (fr)'
}
Error: MISSING_MESSAGE: PlanStudio (fr)
    at <unknown> (C:\Users\pc\Desktop\claudeproject\studio-manager\.next\server\chunks\ssr\_0zfb4r2._.js:1:9937)
    at <unknown> (C:\Users\pc\Desktop\claudeproject\studio-manager\.next\server\chunks\ssr\_0zfb4r2._.js:1:9969)
    at <unknown> (C:\Users\pc\Desktop\claudeproject\studio-manager\.next\server\chunks\ssr\_0zfb4r2._.js:1:10072)
    at <unknown> (C:\Users\pc\Desktop\claudeproject\studio-manager\.next\server\chunks\ssr\_0zfb4r2._.js:1:10194)
    at async v (C:\Users\pc\Desktop\claudeproject\studio-manager\.next\server\chunks\ssr\[root-of-the-server]__0ev73o-._.js:1:4668) {
  code: 'MISSING_MESSAGE',
  originalMessage: 'PlanStudio (fr)'
}
Error: MISSING_MESSAGE: PlanStudio (fr)
    at <unknown> (C:\Users\pc\Desktop\claudeproject\studio-manager\.next\server\chunks\ssr\_0zfb4r2._.js:1:9937)
    at <unknown> (C:\Users\pc\Desktop\claudeproject\studio-manager\.next\server\chunks\ssr\_0zfb4r2._.js:1:9969)
    at <unknown> (C:\Users\pc\Desktop\claudeproject\studio-manager\.next\server\chunks\ssr\_0zfb4r2._.js:1:10072)
    at <unknown> (C:\Users\pc\Desktop\claudeproject\studio-manager\.next\server\chunks\ssr\_0zfb4r2._.js:1:10194)
    at async v (C:\Users\pc\Desktop\claudeproject\studio-manager\.next\server\chunks\ssr\[root-of-the-server]__0ev73o-._.js:1:4668) {
  code: 'MISSING_MESSAGE',
  originalMessage: 'PlanStudio (fr)'
}
Error: MISSING_MESSAGE: PlanStudio (fr)
    at <unknown> (C:\Users\pc\Desktop\claudeproject\studio-manager\.next\server\chunks\ssr\_0zfb4r2._.js:1:9937)
    at <unknown> (C:\Users\pc\Desktop\claudeproject\studio-manager\.next\server\chunks\ssr\_0zfb4r2._.js:1:9969)
    at <unknown> (C:\Users\pc\Desktop\claudeproject\studio-manager\.next\server\chunks\ssr\_0zfb4r2._.js:1:10072)
    at <unknown> (C:\Users\pc\Desktop\claudeproject\studio-manager\.next\server\chunks\ssr\_0zfb4r2._.js:1:10194)
    at async v (C:\Users\pc\Desktop\claudeproject\studio-manager\.next\server\chunks\ssr\[root-of-the-server]__0ev73o-._.js:1:4668) {
  code: 'MISSING_MESSAGE',
  originalMessage: 'PlanStudio (fr)'
}
Error: MISSING_MESSAGE: PlanStudio (fr)
    at <unknown> (C:\Users\pc\Desktop\claudeproject\studio-manager\.next\server\chunks\ssr\_0zfb4r2._.js:1:9937)
    at <unknown> (C:\Users\pc\Desktop\claudeproject\studio-manager\.next\server\chunks\ssr\_0zfb4r2._.js:1:9969)
    at <unknown> (C:\Users\pc\Desktop\claudeproject\studio-manager\.next\server\chunks\ssr\_0zfb4r2._.js:1:10072)
    at <unknown> (C:\Users\pc\Desktop\claudeproject\studio-manager\.next\server\chunks\ssr\_0zfb4r2._.js:1:10194)
    at async v (C:\Users\pc\Desktop\claudeproject\studio-manager\.next\server\chunks\ssr\[root-of-the-server]__0ev73o-._.js:1:4668) {
  code: 'MISSING_MESSAGE',
  originalMessage: 'PlanStudio (fr)'
}
Error: MISSING_MESSAGE: PlanStudio (fr)
    at <unknown> (C:\Users\pc\Desktop\claudeproject\studio-manager\.next\server\chunks\ssr\_0zfb4r2._.js:1:9937)
    at <unknown> (C:\Users\pc\Desktop\claudeproject\studio-manager\.next\server\chunks\ssr\_0zfb4r2._.js:1:9969)
    at <unknown> (C:\Users\pc\Desktop\claudeproject\studio-manager\.next\server\chunks\ssr\_0zfb4r2._.js:1:10072)
    at <unknown> (C:\Users\pc\Desktop\claudeproject\studio-manager\.next\server\chunks\ssr\_0zfb4r2._.js:1:10194)
    at async v (C:\Users\pc\Desktop\claudeproject\studio-manager\.next\server\chunks\ssr\[root-of-the-server]__0ev73o-._.js:1:4668) {
  code: 'MISSING_MESSAGE',
  originalMessage: 'PlanStudio (fr)'
}
Error: MISSING_MESSAGE: PlanStudio (fr)
    at <unknown> (C:\Users\pc\Desktop\claudeproject\studio-manager\.next\server\chunks\ssr\_0zfb4r2._.js:1:9937)
    at <unknown> (C:\Users\pc\Desktop\claudeproject\studio-manager\.next\server\chunks\ssr\_0zfb4r2._.js:1:9969)
    at <unknown> (C:\Users\pc\Desktop\claudeproject\studio-manager\.next\server\chunks\ssr\_0zfb4r2._.js:1:10072)
    at <unknown> (C:\Users\pc\Desktop\claudeproject\studio-manager\.next\server\chunks\ssr\_0zfb4r2._.js:1:10194)
    at async v (C:\Users\pc\Desktop\claudeproject\studio-manager\.next\server\chunks\ssr\[root-of-the-server]__0ev73o-._.js:1:4668) {
  code: 'MISSING_MESSAGE',
  originalMessage: 'PlanStudio (fr)'
}
Error: MISSING_MESSAGE: PlanStudio (fr)
    at <unknown> (C:\Users\pc\Desktop\claudeproject\studio-manager\.next\server\chunks\ssr\_0zfb4r2._.js:1:9937)
    at <unknown> (C:\Users\pc\Desktop\claudeproject\studio-manager\.next\server\chunks\ssr\_0zfb4r2._.js:1:9969)
    at <unknown> (C:\Users\pc\Desktop\claudeproject\studio-manager\.next\server\chunks\ssr\_0zfb4r2._.js:1:10072)
    at <unknown> (C:\Users\pc\Desktop\claudeproject\studio-manager\.next\server\chunks\ssr\_0zfb4r2._.js:1:10194)
    at async v (C:\Users\pc\Desktop\claudeproject\studio-manager\.next\server\chunks\ssr\[root-of-the-server]__0ev73o-._.js:1:4668) {
  code: 'MISSING_MESSAGE',
  originalMessage: 'PlanStudio (fr)'
}
Error: MISSING_MESSAGE: PlanStudio (fr)
    at <unknown> (C:\Users\pc\Desktop\claudeproject\studio-manager\.next\server\chunks\ssr\_0zfb4r2._.js:1:9937)
    at <unknown> (C:\Users\pc\Desktop\claudeproject\studio-manager\.next\server\chunks\ssr\_0zfb4r2._.js:1:9969)
    at <unknown> (C:\Users\pc\Desktop\claudeproject\studio-manager\.next\server\chunks\ssr\_0zfb4r2._.js:1:10072)
    at <unknown> (C:\Users\pc\Desktop\claudeproject\studio-manager\.next\server\chunks\ssr\_0zfb4r2._.js:1:10194)
    at async v (C:\Users\pc\Desktop\claudeproject\studio-manager\.next\server\chunks\ssr\[root-of-the-server]__0ev73o-._.js:1:4668) {
  code: 'MISSING_MESSAGE',
  originalMessage: 'PlanStudio (fr)'
}
Error: MISSING_MESSAGE: PlanStudio (fr)
    at <unknown> (C:\Users\pc\Desktop\claudeproject\studio-manager\.next\server\chunks\ssr\_0zfb4r2._.js:1:9937)
    at <unknown> (C:\Users\pc\Desktop\claudeproject\studio-manager\.next\server\chunks\ssr\_0zfb4r2._.js:1:9969)
    at <unknown> (C:\Users\pc\Desktop\claudeproject\studio-manager\.next\server\chunks\ssr\_0zfb4r2._.js:1:10072)
    at <unknown> (C:\Users\pc\Desktop\claudeproject\studio-manager\.next\server\chunks\ssr\_0zfb4r2._.js:1:10194)
    at async v (C:\Users\pc\Desktop\claudeproject\studio-manager\.next\server\chunks\ssr\[root-of-the-server]__0ev73o-._.js:1:4668) {
  code: 'MISSING_MESSAGE',
  originalMessage: 'PlanStudio (fr)'
}
Error: MISSING_MESSAGE: PlanStudio (fr)
    at <unknown> (C:\Users\pc\Desktop\claudeproject\studio-manager\.next\server\chunks\ssr\_0zfb4r2._.js:1:9937)
    at <unknown> (C:\Users\pc\Desktop\claudeproject\studio-manager\.next\server\chunks\ssr\_0zfb4r2._.js:1:9969)
    at <unknown> (C:\Users\pc\Desktop\claudeproject\studio-manager\.next\server\chunks\ssr\_0zfb4r2._.js:1:10072)
    at <unknown> (C:\Users\pc\Desktop\claudeproject\studio-manager\.next\server\chunks\ssr\_0zfb4r2._.js:1:10194)
    at async v (C:\Users\pc\Desktop\claudeproject\studio-manager\.next\server\chunks\ssr\[root-of-the-server]__0ev73o-._.js:1:4668) {
  code: 'MISSING_MESSAGE',
  originalMessage: 'PlanStudio (fr)'
}
Error: MISSING_MESSAGE: PlanStudio (fr)
    at <unknown> (C:\Users\pc\Desktop\claudeproject\studio-manager\.next\server\chunks\ssr\_0zfb4r2._.js:1:9937)
    at <unknown> (C:\Users\pc\Desktop\claudeproject\studio-manager\.next\server\chunks\ssr\_0zfb4r2._.js:1:9969)
    at <unknown> (C:\Users\pc\Desktop\claudeproject\studio-manager\.next\server\chunks\ssr\_0zfb4r2._.js:1:10072)
    at <unknown> (C:\Users\pc\Desktop\claudeproject\studio-manager\.next\server\chunks\ssr\_0zfb4r2._.js:1:10194)
    at async v (C:\Users\pc\Desktop\claudeproject\studio-manager\.next\server\chunks\ssr\[root-of-the-server]__0ev73o-._.js:1:4668) {
  code: 'MISSING_MESSAGE',
  originalMessage: 'PlanStudio (fr)'
}
Error: MISSING_MESSAGE: PlanStudio (fr)
    at <unknown> (C:\Users\pc\Desktop\claudeproject\studio-manager\.next\server\chunks\ssr\_0zfb4r2._.js:1:9937)
    at <unknown> (C:\Users\pc\Desktop\claudeproject\studio-manager\.next\server\chunks\ssr\_0zfb4r2._.js:1:9969)
    at <unknown> (C:\Users\pc\Desktop\claudeproject\studio-manager\.next\server\chunks\ssr\_0zfb4r2._.js:1:10072)
    at <unknown> (C:\Users\pc\Desktop\claudeproject\studio-manager\.next\server\chunks\ssr\_0zfb4r2._.js:1:10194)
    at async v (C:\Users\pc\Desktop\claudeproject\studio-manager\.next\server\chunks\ssr\[root-of-the-server]__0ev73o-._.js:1:4668) {
  code: 'MISSING_MESSAGE',
  originalMessage: 'PlanStudio (fr)'
}
Error: MISSING_MESSAGE: PlanStudio (fr)
    at <unknown> (C:\Users\pc\Desktop\claudeproject\studio-manager\.next\server\chunks\ssr\_0zfb4r2._.js:1:9937)
    at <unknown> (C:\Users\pc\Desktop\claudeproject\studio-manager\.next\server\chunks\ssr\_0zfb4r2._.js:1:9969)
    at <unknown> (C:\Users\pc\Desktop\claudeproject\studio-manager\.next\server\chunks\ssr\_0zfb4r2._.js:1:10072)
    at <unknown> (C:\Users\pc\Desktop\claudeproject\studio-manager\.next\server\chunks\ssr\_0zfb4r2._.js:1:10194)
    at async v (C:\Users\pc\Desktop\claudeproject\studio-manager\.next\server\chunks\ssr\[root-of-the-server]__0ev73o-._.js:1:4668) {
  code: 'MISSING_MESSAGE',
  originalMessage: 'PlanStudio (fr)'
}
Error: MISSING_MESSAGE: PlanStudio (fr)
    at <unknown> (C:\Users\pc\Desktop\claudeproject\studio-manager\.next\server\chunks\ssr\_0zfb4r2._.js:1:9937)
    at <unknown> (C:\Users\pc\Desktop\claudeproject\studio-manager\.next\server\chunks\ssr\_0zfb4r2._.js:1:9969)
    at <unknown> (C:\Users\pc\Desktop\claudeproject\studio-manager\.next\server\chunks\ssr\_0zfb4r2._.js:1:10072)
    at <unknown> (C:\Users\pc\Desktop\claudeproject\studio-manager\.next\server\chunks\ssr\_0zfb4r2._.js:1:10194)
    at async v (C:\Users\pc\Desktop\claudeproject\studio-manager\.next\server\chunks\ssr\[root-of-the-server]__0ev73o-._.js:1:4668) {
  code: 'MISSING_MESSAGE',
  originalMessage: 'PlanStudio (fr)'
}
Error: MISSING_MESSAGE: PlanStudio (fr)
    at <unknown> (C:\Users\pc\Desktop\claudeproject\studio-manager\.next\server\chunks\ssr\_0zfb4r2._.js:1:9937)
    at <unknown> (C:\Users\pc\Desktop\claudeproject\studio-manager\.next\server\chunks\ssr\_0zfb4r2._.js:1:9969)
    at <unknown> (C:\Users\pc\Desktop\claudeproject\studio-manager\.next\server\chunks\ssr\_0zfb4r2._.js:1:10072)
    at <unknown> (C:\Users\pc\Desktop\claudeproject\studio-manager\.next\server\chunks\ssr\_0zfb4r2._.js:1:10194)
    at async v (C:\Users\pc\Desktop\claudeproject\studio-manager\.next\server\chunks\ssr\[root-of-the-server]__0ev73o-._.js:1:4668) {
  code: 'MISSING_MESSAGE',
  originalMessage: 'PlanStudio (fr)'
}
Error: MISSING_MESSAGE: PlanStudio (fr)
    at <unknown> (C:\Users\pc\Desktop\claudeproject\studio-manager\.next\server\chunks\ssr\_0zfb4r2._.js:1:9937)
    at <unknown> (C:\Users\pc\Desktop\claudeproject\studio-manager\.next\server\chunks\ssr\_0zfb4r2._.js:1:9969)
    at <unknown> (C:\Users\pc\Desktop\claudeproject\studio-manager\.next\server\chunks\ssr\_0zfb4r2._.js:1:10072)
    at <unknown> (C:\Users\pc\Desktop\claudeproject\studio-manager\.next\server\chunks\ssr\_0zfb4r2._.js:1:10194)
    at async v (C:\Users\pc\Desktop\claudeproject\studio-manager\.next\server\chunks\ssr\[root-of-the-server]__0ev73o-._.js:1:4668) {
  code: 'MISSING_MESSAGE',
  originalMessage: 'PlanStudio (fr)'
}
Error: MISSING_MESSAGE: PlanStudio (fr)
    at <unknown> (C:\Users\pc\Desktop\claudeproject\studio-manager\.next\server\chunks\ssr\_0zfb4r2._.js:1:9937)
    at <unknown> (C:\Users\pc\Desktop\claudeproject\studio-manager\.next\server\chunks\ssr\_0zfb4r2._.js:1:9969)
    at <unknown> (C:\Users\pc\Desktop\claudeproject\studio-manager\.next\server\chunks\ssr\_0zfb4r2._.js:1:10072)
    at <unknown> (C:\Users\pc\Desktop\claudeproject\studio-manager\.next\server\chunks\ssr\_0zfb4r2._.js:1:10194)
    at async v (C:\Users\pc\Desktop\claudeproject\studio-manager\.next\server\chunks\ssr\[root-of-the-server]__0ev73o-._.js:1:4668) {
  code: 'MISSING_MESSAGE',
  originalMessage: 'PlanStudio (fr)'
}
Error: MISSING_MESSAGE: PlanStudio (fr)
    at <unknown> (C:\Users\pc\Desktop\claudeproject\studio-manager\.next\server\chunks\ssr\_0zfb4r2._.js:1:9937)
    at <unknown> (C:\Users\pc\Desktop\claudeproject\studio-manager\.next\server\chunks\ssr\_0zfb4r2._.js:1:9969)
    at <unknown> (C:\Users\pc\Desktop\claudeproject\studio-manager\.next\server\chunks\ssr\_0zfb4r2._.js:1:10072)
    at <unknown> (C:\Users\pc\Desktop\claudeproject\studio-manager\.next\server\chunks\ssr\_0zfb4r2._.js:1:10194)
    at async v (C:\Users\pc\Desktop\claudeproject\studio-manager\.next\server\chunks\ssr\[root-of-the-server]__0ev73o-._.js:1:4668) {
  code: 'MISSING_MESSAGE',
  originalMessage: 'PlanStudio (fr)'
}
Error: MISSING_MESSAGE: PlanStudio (fr)
    at <unknown> (C:\Users\pc\Desktop\claudeproject\studio-manager\.next\server\chunks\ssr\_0zfb4r2._.js:1:9937)
    at <unknown> (C:\Users\pc\Desktop\claudeproject\studio-manager\.next\server\chunks\ssr\_0zfb4r2._.js:1:9969)
    at <unknown> (C:\Users\pc\Desktop\claudeproject\studio-manager\.next\server\chunks\ssr\_0zfb4r2._.js:1:10072)
    at <unknown> (C:\Users\pc\Desktop\claudeproject\studio-manager\.next\server\chunks\ssr\_0zfb4r2._.js:1:10194)
    at async v (C:\Users\pc\Desktop\claudeproject\studio-manager\.next\server\chunks\ssr\[root-of-the-server]__0ev73o-._.js:1:4668) {
  code: 'MISSING_MESSAGE',
  originalMessage: 'PlanStudio (fr)'
}
Error: MISSING_MESSAGE: PlanStudio (fr)
    at <unknown> (C:\Users\pc\Desktop\claudeproject\studio-manager\.next\server\chunks\ssr\_0zfb4r2._.js:1:9937)
    at <unknown> (C:\Users\pc\Desktop\claudeproject\studio-manager\.next\server\chunks\ssr\_0zfb4r2._.js:1:9969)
    at <unknown> (C:\Users\pc\Desktop\claudeproject\studio-manager\.next\server\chunks\ssr\_0zfb4r2._.js:1:10072)
    at <unknown> (C:\Users\pc\Desktop\claudeproject\studio-manager\.next\server\chunks\ssr\_0zfb4r2._.js:1:10194)
    at async v (C:\Users\pc\Desktop\claudeproject\studio-manager\.next\server\chunks\ssr\[root-of-the-server]__0ev73o-._.js:1:4668) {
  code: 'MISSING_MESSAGE',
  originalMessage: 'PlanStudio (fr)'
}
Error: MISSING_MESSAGE: PlanStudio (fr)
    at <unknown> (C:\Users\pc\Desktop\claudeproject\studio-manager\.next\server\chunks\ssr\_0zfb4r2._.js:1:9937)
    at <unknown> (C:\Users\pc\Desktop\claudeproject\studio-manager\.next\server\chunks\ssr\_0zfb4r2._.js:1:9969)
    at <unknown> (C:\Users\pc\Desktop\claudeproject\studio-manager\.next\server\chunks\ssr\_0zfb4r2._.js:1:10072)
    at <unknown> (C:\Users\pc\Desktop\claudeproject\studio-manager\.next\server\chunks\ssr\_0zfb4r2._.js:1:10194)
    at async v (C:\Users\pc\Desktop\claudeproject\studio-manager\.next\server\chunks\ssr\[root-of-the-server]__0ev73o-._.js:1:4668) {
  code: 'MISSING_MESSAGE',
  originalMessage: 'PlanStudio (fr)'
}
Error: MISSING_MESSAGE: PlanStudio (fr)
    at <unknown> (C:\Users\pc\Desktop\claudeproject\studio-manager\.next\server\chunks\ssr\_0zfb4r2._.js:1:9937)
    at <unknown> (C:\Users\pc\Desktop\claudeproject\studio-manager\.next\server\chunks\ssr\_0zfb4r2._.js:1:9969)
    at <unknown> (C:\Users\pc\Desktop\claudeproject\studio-manager\.next\server\chunks\ssr\_0zfb4r2._.js:1:10072)
    at <unknown> (C:\Users\pc\Desktop\claudeproject\studio-manager\.next\server\chunks\ssr\_0zfb4r2._.js:1:10194)
    at async v (C:\Users\pc\Desktop\claudeproject\studio-manager\.next\server\chunks\ssr\[root-of-the-server]__0ev73o-._.js:1:4668) {
  code: 'MISSING_MESSAGE',
  originalMessage: 'PlanStudio (fr)'
}
Error: MISSING_MESSAGE: PlanStudio (fr)
    at <unknown> (C:\Users\pc\Desktop\claudeproject\studio-manager\.next\server\chunks\ssr\_0zfb4r2._.js:1:9937)
    at <unknown> (C:\Users\pc\Desktop\claudeproject\studio-manager\.next\server\chunks\ssr\_0zfb4r2._.js:1:9969)
    at <unknown> (C:\Users\pc\Desktop\claudeproject\studio-manager\.next\server\chunks\ssr\_0zfb4r2._.js:1:10072)
    at <unknown> (C:\Users\pc\Desktop\claudeproject\studio-manager\.next\server\chunks\ssr\_0zfb4r2._.js:1:10194)
    at async v (C:\Users\pc\Desktop\claudeproject\studio-manager\.next\server\chunks\ssr\[root-of-the-server]__0ev73o-._.js:1:4668) {
  code: 'MISSING_MESSAGE',
  originalMessage: 'PlanStudio (fr)'
}
Error: MISSING_MESSAGE: PlanStudio (fr)
    at <unknown> (C:\Users\pc\Desktop\claudeproject\studio-manager\.next\server\chunks\ssr\_0zfb4r2._.js:1:9937)
    at <unknown> (C:\Users\pc\Desktop\claudeproject\studio-manager\.next\server\chunks\ssr\_0zfb4r2._.js:1:9969)
    at <unknown> (C:\Users\pc\Desktop\claudeproject\studio-manager\.next\server\chunks\ssr\_0zfb4r2._.js:1:10072)
    at <unknown> (C:\Users\pc\Desktop\claudeproject\studio-manager\.next\server\chunks\ssr\_0zfb4r2._.js:1:10194)
    at async v (C:\Users\pc\Desktop\claudeproject\studio-manager\.next\server\chunks\ssr\[root-of-the-server]__0ev73o-._.js:1:4668) {
  code: 'MISSING_MESSAGE',
  originalMessage: 'PlanStudio (fr)'
}
Error: MISSING_MESSAGE: PlanStudio (fr)
    at <unknown> (C:\Users\pc\Desktop\claudeproject\studio-manager\.next\server\chunks\ssr\_0zfb4r2._.js:1:9937)
    at <unknown> (C:\Users\pc\Desktop\claudeproject\studio-manager\.next\server\chunks\ssr\_0zfb4r2._.js:1:9969)
    at <unknown> (C:\Users\pc\Desktop\claudeproject\studio-manager\.next\server\chunks\ssr\_0zfb4r2._.js:1:10072)
    at <unknown> (C:\Users\pc\Desktop\claudeproject\studio-manager\.next\server\chunks\ssr\_0zfb4r2._.js:1:10194)
    at async v (C:\Users\pc\Desktop\claudeproject\studio-manager\.next\server\chunks\ssr\[root-of-the-server]__0ev73o-._.js:1:4668) {
  code: 'MISSING_MESSAGE',
  originalMessage: 'PlanStudio (fr)'
}
Error: MISSING_MESSAGE: PlanStudio (fr)
    at <unknown> (C:\Users\pc\Desktop\claudeproject\studio-manager\.next\server\chunks\ssr\_0zfb4r2._.js:1:9937)
    at <unknown> (C:\Users\pc\Desktop\claudeproject\studio-manager\.next\server\chunks\ssr\_0zfb4r2._.js:1:9969)
    at <unknown> (C:\Users\pc\Desktop\claudeproject\studio-manager\.next\server\chunks\ssr\_0zfb4r2._.js:1:10072)
    at <unknown> (C:\Users\pc\Desktop\claudeproject\studio-manager\.next\server\chunks\ssr\_0zfb4r2._.js:1:10194)
    at async Module.t [as generateMetadata] (C:\Users\pc\Desktop\claudeproject\studio-manager\.next\server\chunks\ssr\[root-of-the-server]__0ev73o-._.js:1:3906) {
  code: 'MISSING_MESSAGE',
  originalMessage: 'PlanStudio (fr)'
}
Error: MISSING_MESSAGE: PlanStudio (fr)
    at <unknown> (C:\Users\pc\Desktop\claudeproject\studio-manager\.next\server\chunks\ssr\_0zfb4r2._.js:1:9937)
    at <unknown> (C:\Users\pc\Desktop\claudeproject\studio-manager\.next\server\chunks\ssr\_0zfb4r2._.js:1:9969)
    at <unknown> (C:\Users\pc\Desktop\claudeproject\studio-manager\.next\server\chunks\ssr\_0zfb4r2._.js:1:10072)
    at <unknown> (C:\Users\pc\Desktop\claudeproject\studio-manager\.next\server\chunks\ssr\_0zfb4r2._.js:1:10194)
    at async Module.t [as generateMetadata] (C:\Users\pc\Desktop\claudeproject\studio-manager\.next\server\chunks\ssr\[root-of-the-server]__0ev73o-._.js:1:3906) {
  code: 'MISSING_MESSAGE',
  originalMessage: 'PlanStudio (fr)'
}
Error: MISSING_MESSAGE: PlanStudio (fr)
    at <unknown> (C:\Users\pc\Desktop\claudeproject\studio-manager\.next\server\chunks\ssr\_0zfb4r2._.js:1:9937)
    at <unknown> (C:\Users\pc\Desktop\claudeproject\studio-manager\.next\server\chunks\ssr\_0zfb4r2._.js:1:9969)
    at <unknown> (C:\Users\pc\Desktop\claudeproject\studio-manager\.next\server\chunks\ssr\_0zfb4r2._.js:1:10072)
    at <unknown> (C:\Users\pc\Desktop\claudeproject\studio-manager\.next\server\chunks\ssr\_0zfb4r2._.js:1:10194)
    at async Module.t [as generateMetadata] (C:\Users\pc\Desktop\claudeproject\studio-manager\.next\server\chunks\ssr\[root-of-the-server]__0ev73o-._.js:1:3906) {
  code: 'MISSING_MESSAGE',
  originalMessage: 'PlanStudio (fr)'
}
Error: MISSING_MESSAGE: PlanStudio (fr)
    at <unknown> (C:\Users\pc\Desktop\claudeproject\studio-manager\.next\server\chunks\ssr\_0zfb4r2._.js:1:9937)
    at <unknown> (C:\Users\pc\Desktop\claudeproject\studio-manager\.next\server\chunks\ssr\_0zfb4r2._.js:1:9969)
    at <unknown> (C:\Users\pc\Desktop\claudeproject\studio-manager\.next\server\chunks\ssr\_0zfb4r2._.js:1:10072)
    at <unknown> (C:\Users\pc\Desktop\claudeproject\studio-manager\.next\server\chunks\ssr\_0zfb4r2._.js:1:10194)
    at async Module.t [as generateMetadata] (C:\Users\pc\Desktop\claudeproject\studio-manager\.next\server\chunks\ssr\[root-of-the-server]__0ev73o-._.js:1:3906) {
  code: 'MISSING_MESSAGE',
  originalMessage: 'PlanStudio (fr)'
}
Error: MISSING_MESSAGE: PlanStudio (fr)
    at <unknown> (C:\Users\pc\Desktop\claudeproject\studio-manager\.next\server\chunks\ssr\_0zfb4r2._.js:1:9937)
    at <unknown> (C:\Users\pc\Desktop\claudeproject\studio-manager\.next\server\chunks\ssr\_0zfb4r2._.js:1:9969)
    at <unknown> (C:\Users\pc\Desktop\claudeproject\studio-manager\.next\server\chunks\ssr\_0zfb4r2._.js:1:10072)
    at <unknown> (C:\Users\pc\Desktop\claudeproject\studio-manager\.next\server\chunks\ssr\_0zfb4r2._.js:1:10194)
    at async Module.t [as generateMetadata] (C:\Users\pc\Desktop\claudeproject\studio-manager\.next\server\chunks\ssr\[root-of-the-server]__0ev73o-._.js:1:3906) {
  code: 'MISSING_MESSAGE',
  originalMessage: 'PlanStudio (fr)'
}
Error: MISSING_MESSAGE: PlanStudio (fr)
    at <unknown> (C:\Users\pc\Desktop\claudeproject\studio-manager\.next\server\chunks\ssr\_0zfb4r2._.js:1:9937)
    at <unknown> (C:\Users\pc\Desktop\claudeproject\studio-manager\.next\server\chunks\ssr\_0zfb4r2._.js:1:9969)
    at <unknown> (C:\Users\pc\Desktop\claudeproject\studio-manager\.next\server\chunks\ssr\_0zfb4r2._.js:1:10072)
    at <unknown> (C:\Users\pc\Desktop\claudeproject\studio-manager\.next\server\chunks\ssr\_0zfb4r2._.js:1:10194)
    at async Module.t [as generateMetadata] (C:\Users\pc\Desktop\claudeproject\studio-manager\.next\server\chunks\ssr\[root-of-the-server]__0ev73o-._.js:1:3906) {
  code: 'MISSING_MESSAGE',
  originalMessage: 'PlanStudio (fr)'
}
Error: MISSING_MESSAGE: Pricing (fr)
    at <unknown> (C:\Users\pc\Desktop\claudeproject\studio-manager\.next\server\chunks\ssr\_0zfb4r2._.js:1:9937)
    at <unknown> (C:\Users\pc\Desktop\claudeproject\studio-manager\.next\server\chunks\ssr\_0zfb4r2._.js:1:9969)
    at <unknown> (C:\Users\pc\Desktop\claudeproject\studio-manager\.next\server\chunks\ssr\_0zfb4r2._.js:1:10072)
    at <unknown> (C:\Users\pc\Desktop\claudeproject\studio-manager\.next\server\chunks\ssr\_0zfb4r2._.js:1:10194)
    at async m (C:\Users\pc\Desktop\claudeproject\studio-manager\.next\server\chunks\ssr\[root-of-the-server]__168ia6g._.js:1:11068) {
  code: 'MISSING_MESSAGE',
  originalMessage: 'Pricing (fr)'
}
Error: MISSING_MESSAGE: Pricing (fr)
    at <unknown> (C:\Users\pc\Desktop\claudeproject\studio-manager\.next\server\chunks\ssr\_0zfb4r2._.js:1:9937)
    at <unknown> (C:\Users\pc\Desktop\claudeproject\studio-manager\.next\server\chunks\ssr\_0zfb4r2._.js:1:9969)
    at <unknown> (C:\Users\pc\Desktop\claudeproject\studio-manager\.next\server\chunks\ssr\_0zfb4r2._.js:1:10072)
    at <unknown> (C:\Users\pc\Desktop\claudeproject\studio-manager\.next\server\chunks\ssr\_0zfb4r2._.js:1:10194)
    at async m (C:\Users\pc\Desktop\claudeproject\studio-manager\.next\server\chunks\ssr\[root-of-the-server]__168ia6g._.js:1:11068) {
  code: 'MISSING_MESSAGE',
  originalMessage: 'Pricing (fr)'
}
Error: MISSING_MESSAGE: Pricing (fr)
    at <unknown> (C:\Users\pc\Desktop\claudeproject\studio-manager\.next\server\chunks\ssr\_0zfb4r2._.js:1:9937)
    at <unknown> (C:\Users\pc\Desktop\claudeproject\studio-manager\.next\server\chunks\ssr\_0zfb4r2._.js:1:9969)
    at <unknown> (C:\Users\pc\Desktop\claudeproject\studio-manager\.next\server\chunks\ssr\_0zfb4r2._.js:1:10072)
    at <unknown> (C:\Users\pc\Desktop\claudeproject\studio-manager\.next\server\chunks\ssr\_0zfb4r2._.js:1:10194)
    at async m (C:\Users\pc\Desktop\claudeproject\studio-manager\.next\server\chunks\ssr\[root-of-the-server]__168ia6g._.js:1:11068) {
  code: 'MISSING_MESSAGE',
  originalMessage: 'Pricing (fr)'
}
Error: MISSING_MESSAGE: Pricing (fr)
    at <unknown> (C:\Users\pc\Desktop\claudeproject\studio-manager\.next\server\chunks\ssr\_0zfb4r2._.js:1:9937)
    at <unknown> (C:\Users\pc\Desktop\claudeproject\studio-manager\.next\server\chunks\ssr\_0zfb4r2._.js:1:9969)
    at <unknown> (C:\Users\pc\Desktop\claudeproject\studio-manager\.next\server\chunks\ssr\_0zfb4r2._.js:1:10072)
    at <unknown> (C:\Users\pc\Desktop\claudeproject\studio-manager\.next\server\chunks\ssr\_0zfb4r2._.js:1:10194)
    at async m (C:\Users\pc\Desktop\claudeproject\studio-manager\.next\server\chunks\ssr\[root-of-the-server]__168ia6g._.js:1:11068) {
  code: 'MISSING_MESSAGE',
  originalMessage: 'Pricing (fr)'
}
Error: MISSING_MESSAGE: PlanCopy (fr)
    at <unknown> (C:\Users\pc\Desktop\claudeproject\studio-manager\.next\server\chunks\ssr\_0zfb4r2._.js:1:9937)
    at <unknown> (C:\Users\pc\Desktop\claudeproject\studio-manager\.next\server\chunks\ssr\_0zfb4r2._.js:1:9969)
    at <unknown> (C:\Users\pc\Desktop\claudeproject\studio-manager\.next\server\chunks\ssr\_0zfb4r2._.js:1:10072)
    at <unknown> (C:\Users\pc\Desktop\claudeproject\studio-manager\.next\server\chunks\ssr\_0zfb4r2._.js:1:10194)
    at async m (C:\Users\pc\Desktop\claudeproject\studio-manager\.next\server\chunks\ssr\[root-of-the-server]__168ia6g._.js:1:11109) {
  code: 'MISSING_MESSAGE',
  originalMessage: 'PlanCopy (fr)'
}
Error: MISSING_MESSAGE: PlanCopy (fr)
    at <unknown> (C:\Users\pc\Desktop\claudeproject\studio-manager\.next\server\chunks\ssr\_0zfb4r2._.js:1:9937)
    at <unknown> (C:\Users\pc\Desktop\claudeproject\studio-manager\.next\server\chunks\ssr\_0zfb4r2._.js:1:9969)
    at <unknown> (C:\Users\pc\Desktop\claudeproject\studio-manager\.next\server\chunks\ssr\_0zfb4r2._.js:1:10072)
    at <unknown> (C:\Users\pc\Desktop\claudeproject\studio-manager\.next\server\chunks\ssr\_0zfb4r2._.js:1:10194)
    at async m (C:\Users\pc\Desktop\claudeproject\studio-manager\.next\server\chunks\ssr\[root-of-the-server]__168ia6g._.js:1:11109) {
  code: 'MISSING_MESSAGE',
  originalMessage: 'PlanCopy (fr)'
}
Error: MISSING_MESSAGE: PlanCopy (fr)
    at <unknown> (C:\Users\pc\Desktop\claudeproject\studio-manager\.next\server\chunks\ssr\_0zfb4r2._.js:1:9937)
    at <unknown> (C:\Users\pc\Desktop\claudeproject\studio-manager\.next\server\chunks\ssr\_0zfb4r2._.js:1:9969)
    at <unknown> (C:\Users\pc\Desktop\claudeproject\studio-manager\.next\server\chunks\ssr\_0zfb4r2._.js:1:10072)
    at <unknown> (C:\Users\pc\Desktop\claudeproject\studio-manager\.next\server\chunks\ssr\_0zfb4r2._.js:1:10194)
    at async m (C:\Users\pc\Desktop\claudeproject\studio-manager\.next\server\chunks\ssr\[root-of-the-server]__168ia6g._.js:1:11109) {
  code: 'MISSING_MESSAGE',
  originalMessage: 'PlanCopy (fr)'
}
Error: MISSING_MESSAGE: PlanCopy (fr)
    at <unknown> (C:\Users\pc\Desktop\claudeproject\studio-manager\.next\server\chunks\ssr\_0zfb4r2._.js:1:9937)
    at <unknown> (C:\Users\pc\Desktop\claudeproject\studio-manager\.next\server\chunks\ssr\_0zfb4r2._.js:1:9969)
    at <unknown> (C:\Users\pc\Desktop\claudeproject\studio-manager\.next\server\chunks\ssr\_0zfb4r2._.js:1:10072)
    at <unknown> (C:\Users\pc\Desktop\claudeproject\studio-manager\.next\server\chunks\ssr\_0zfb4r2._.js:1:10194)
    at async m (C:\Users\pc\Desktop\claudeproject\studio-manager\.next\server\chunks\ssr\[root-of-the-server]__168ia6g._.js:1:11109) {
  code: 'MISSING_MESSAGE',
  originalMessage: 'PlanCopy (fr)'
}
Error: MISSING_MESSAGE: PlanCopy (fr)
    at <unknown> (C:\Users\pc\Desktop\claudeproject\studio-manager\.next\server\chunks\ssr\_0zfb4r2._.js:1:9937)
    at <unknown> (C:\Users\pc\Desktop\claudeproject\studio-manager\.next\server\chunks\ssr\_0zfb4r2._.js:1:9969)
    at <unknown> (C:\Users\pc\Desktop\claudeproject\studio-manager\.next\server\chunks\ssr\_0zfb4r2._.js:1:10072)
    at <unknown> (C:\Users\pc\Desktop\claudeproject\studio-manager\.next\server\chunks\ssr\_0zfb4r2._.js:1:10194)
    at async m (C:\Users\pc\Desktop\claudeproject\studio-manager\.next\server\chunks\ssr\[root-of-the-server]__168ia6g._.js:1:11109) {
  code: 'MISSING_MESSAGE',
  originalMessage: 'PlanCopy (fr)'
}
Error: MISSING_MESSAGE: PlanCopy (fr)
    at <unknown> (C:\Users\pc\Desktop\claudeproject\studio-manager\.next\server\chunks\ssr\_0zfb4r2._.js:1:9937)
    at <unknown> (C:\Users\pc\Desktop\claudeproject\studio-manager\.next\server\chunks\ssr\_0zfb4r2._.js:1:9969)
    at <unknown> (C:\Users\pc\Desktop\claudeproject\studio-manager\.next\server\chunks\ssr\_0zfb4r2._.js:1:10072)
    at <unknown> (C:\Users\pc\Desktop\claudeproject\studio-manager\.next\server\chunks\ssr\_0zfb4r2._.js:1:10194)
    at async m (C:\Users\pc\Desktop\claudeproject\studio-manager\.next\server\chunks\ssr\[root-of-the-server]__168ia6g._.js:1:11109) {
  code: 'MISSING_MESSAGE',
  originalMessage: 'PlanCopy (fr)'
}
Error: MISSING_MESSAGE: PlanCopy (fr)
    at <unknown> (C:\Users\pc\Desktop\claudeproject\studio-manager\.next\server\chunks\ssr\_0zfb4r2._.js:1:9937)
    at <unknown> (C:\Users\pc\Desktop\claudeproject\studio-manager\.next\server\chunks\ssr\_0zfb4r2._.js:1:9969)
    at <unknown> (C:\Users\pc\Desktop\claudeproject\studio-manager\.next\server\chunks\ssr\_0zfb4r2._.js:1:10072)
    at <unknown> (C:\Users\pc\Desktop\claudeproject\studio-manager\.next\server\chunks\ssr\_0zfb4r2._.js:1:10194)
    at async m (C:\Users\pc\Desktop\claudeproject\studio-manager\.next\server\chunks\ssr\[root-of-the-server]__168ia6g._.js:1:11109) {
  code: 'MISSING_MESSAGE',
  originalMessage: 'PlanCopy (fr)'
}
Error: MISSING_MESSAGE: PlanCopy (fr)
    at <unknown> (C:\Users\pc\Desktop\claudeproject\studio-manager\.next\server\chunks\ssr\_0zfb4r2._.js:1:9937)
    at <unknown> (C:\Users\pc\Desktop\claudeproject\studio-manager\.next\server\chunks\ssr\_0zfb4r2._.js:1:9969)
    at <unknown> (C:\Users\pc\Desktop\claudeproject\studio-manager\.next\server\chunks\ssr\_0zfb4r2._.js:1:10072)
    at <unknown> (C:\Users\pc\Desktop\claudeproject\studio-manager\.next\server\chunks\ssr\_0zfb4r2._.js:1:10194)
    at async m (C:\Users\pc\Desktop\claudeproject\studio-manager\.next\server\chunks\ssr\[root-of-the-server]__168ia6g._.js:1:11109) {
  code: 'MISSING_MESSAGE',
  originalMessage: 'PlanCopy (fr)'
}
Error: MISSING_MESSAGE: Pricing (fr)
    at <unknown> (C:\Users\pc\Desktop\claudeproject\studio-manager\.next\server\chunks\ssr\_0zfb4r2._.js:1:9937)
    at <unknown> (C:\Users\pc\Desktop\claudeproject\studio-manager\.next\server\chunks\ssr\_0zfb4r2._.js:1:9969)
    at <unknown> (C:\Users\pc\Desktop\claudeproject\studio-manager\.next\server\chunks\ssr\_0zfb4r2._.js:1:10072)
    at <unknown> (C:\Users\pc\Desktop\claudeproject\studio-manager\.next\server\chunks\ssr\_0zfb4r2._.js:1:10194)
    at async m (C:\Users\pc\Desktop\claudeproject\studio-manager\.next\server\chunks\ssr\[root-of-the-server]__168ia6g._.js:1:11068) {
  code: 'MISSING_MESSAGE',
  originalMessage: 'Pricing (fr)'
}
Error: MISSING_MESSAGE: Pricing (fr)
    at <unknown> (C:\Users\pc\Desktop\claudeproject\studio-manager\.next\server\chunks\ssr\_0zfb4r2._.js:1:9937)
    at <unknown> (C:\Users\pc\Desktop\claudeproject\studio-manager\.next\server\chunks\ssr\_0zfb4r2._.js:1:9969)
    at <unknown> (C:\Users\pc\Desktop\claudeproject\studio-manager\.next\server\chunks\ssr\_0zfb4r2._.js:1:10072)
    at <unknown> (C:\Users\pc\Desktop\claudeproject\studio-manager\.next\server\chunks\ssr\_0zfb4r2._.js:1:10194)
    at async m (C:\Users\pc\Desktop\claudeproject\studio-manager\.next\server\chunks\ssr\[root-of-the-server]__168ia6g._.js:1:11068) {
  code: 'MISSING_MESSAGE',
  originalMessage: 'Pricing (fr)'
}
Error: MISSING_MESSAGE: Pricing (fr)
    at <unknown> (C:\Users\pc\Desktop\claudeproject\studio-manager\.next\server\chunks\ssr\_0zfb4r2._.js:1:9937)
    at <unknown> (C:\Users\pc\Desktop\claudeproject\studio-manager\.next\server\chunks\ssr\_0zfb4r2._.js:1:9969)
    at <unknown> (C:\Users\pc\Desktop\claudeproject\studio-manager\.next\server\chunks\ssr\_0zfb4r2._.js:1:10072)
    at <unknown> (C:\Users\pc\Desktop\claudeproject\studio-manager\.next\server\chunks\ssr\_0zfb4r2._.js:1:10194)
    at async m (C:\Users\pc\Desktop\claudeproject\studio-manager\.next\server\chunks\ssr\[root-of-the-server]__168ia6g._.js:1:11068) {
  code: 'MISSING_MESSAGE',
  originalMessage: 'Pricing (fr)'
}
Error: MISSING_MESSAGE: Pricing (fr)
    at <unknown> (C:\Users\pc\Desktop\claudeproject\studio-manager\.next\server\chunks\ssr\_0zfb4r2._.js:1:9937)
    at <unknown> (C:\Users\pc\Desktop\claudeproject\studio-manager\.next\server\chunks\ssr\_0zfb4r2._.js:1:9969)
    at <unknown> (C:\Users\pc\Desktop\claudeproject\studio-manager\.next\server\chunks\ssr\_0zfb4r2._.js:1:10072)
    at <unknown> (C:\Users\pc\Desktop\claudeproject\studio-manager\.next\server\chunks\ssr\_0zfb4r2._.js:1:10194)
    at async m (C:\Users\pc\Desktop\claudeproject\studio-manager\.next\server\chunks\ssr\[root-of-the-server]__168ia6g._.js:1:11068) {
  code: 'MISSING_MESSAGE',
  originalMessage: 'Pricing (fr)'
}
Error: MISSING_MESSAGE: Pricing (fr)
    at <unknown> (C:\Users\pc\Desktop\claudeproject\studio-manager\.next\server\chunks\ssr\_0zfb4r2._.js:1:9937)
    at <unknown> (C:\Users\pc\Desktop\claudeproject\studio-manager\.next\server\chunks\ssr\_0zfb4r2._.js:1:9969)
    at <unknown> (C:\Users\pc\Desktop\claudeproject\studio-manager\.next\server\chunks\ssr\_0zfb4r2._.js:1:10072)
    at <unknown> (C:\Users\pc\Desktop\claudeproject\studio-manager\.next\server\chunks\ssr\_0zfb4r2._.js:1:10194)
    at async m (C:\Users\pc\Desktop\claudeproject\studio-manager\.next\server\chunks\ssr\[root-of-the-server]__168ia6g._.js:1:11068) {
  code: 'MISSING_MESSAGE',
  originalMessage: 'Pricing (fr)'
}
Error: MISSING_MESSAGE: PlanCopy (fr)
    at <unknown> (C:\Users\pc\Desktop\claudeproject\studio-manager\.next\server\chunks\ssr\_0zfb4r2._.js:1:9937)
    at <unknown> (C:\Users\pc\Desktop\claudeproject\studio-manager\.next\server\chunks\ssr\_0zfb4r2._.js:1:9969)
    at <unknown> (C:\Users\pc\Desktop\claudeproject\studio-manager\.next\server\chunks\ssr\_0zfb4r2._.js:1:10072)
    at <unknown> (C:\Users\pc\Desktop\claudeproject\studio-manager\.next\server\chunks\ssr\_0zfb4r2._.js:1:10194)
    at async m (C:\Users\pc\Desktop\claudeproject\studio-manager\.next\server\chunks\ssr\[root-of-the-server]__168ia6g._.js:1:11109) {
  code: 'MISSING_MESSAGE',
  originalMessage: 'PlanCopy (fr)'
}
Error: MISSING_MESSAGE: PlanCopy (fr)
    at <unknown> (C:\Users\pc\Desktop\claudeproject\studio-manager\.next\server\chunks\ssr\_0zfb4r2._.js:1:9937)
    at <unknown> (C:\Users\pc\Desktop\claudeproject\studio-manager\.next\server\chunks\ssr\_0zfb4r2._.js:1:9969)
    at <unknown> (C:\Users\pc\Desktop\claudeproject\studio-manager\.next\server\chunks\ssr\_0zfb4r2._.js:1:10072)
    at <unknown> (C:\Users\pc\Desktop\claudeproject\studio-manager\.next\server\chunks\ssr\_0zfb4r2._.js:1:10194)
    at async m (C:\Users\pc\Desktop\claudeproject\studio-manager\.next\server\chunks\ssr\[root-of-the-server]__168ia6g._.js:1:11109) {
  code: 'MISSING_MESSAGE',
  originalMessage: 'PlanCopy (fr)'
}
Error: MISSING_MESSAGE: PlanCopy (fr)
    at <unknown> (C:\Users\pc\Desktop\claudeproject\studio-manager\.next\server\chunks\ssr\_0zfb4r2._.js:1:9937)
    at <unknown> (C:\Users\pc\Desktop\claudeproject\studio-manager\.next\server\chunks\ssr\_0zfb4r2._.js:1:9969)
    at <unknown> (C:\Users\pc\Desktop\claudeproject\studio-manager\.next\server\chunks\ssr\_0zfb4r2._.js:1:10072)
    at <unknown> (C:\Users\pc\Desktop\claudeproject\studio-manager\.next\server\chunks\ssr\_0zfb4r2._.js:1:10194)
    at async m (C:\Users\pc\Desktop\claudeproject\studio-manager\.next\server\chunks\ssr\[root-of-the-server]__168ia6g._.js:1:11109) {
  code: 'MISSING_MESSAGE',
  originalMessage: 'PlanCopy (fr)'
}
Error: MISSING_MESSAGE: PlanCopy (fr)
    at <unknown> (C:\Users\pc\Desktop\claudeproject\studio-manager\.next\server\chunks\ssr\_0zfb4r2._.js:1:9937)
    at <unknown> (C:\Users\pc\Desktop\claudeproject\studio-manager\.next\server\chunks\ssr\_0zfb4r2._.js:1:9969)
    at <unknown> (C:\Users\pc\Desktop\claudeproject\studio-manager\.next\server\chunks\ssr\_0zfb4r2._.js:1:10072)
    at <unknown> (C:\Users\pc\Desktop\claudeproject\studio-manager\.next\server\chunks\ssr\_0zfb4r2._.js:1:10194)
    at async m (C:\Users\pc\Desktop\claudeproject\studio-manager\.next\server\chunks\ssr\[root-of-the-server]__168ia6g._.js:1:11109) {
  code: 'MISSING_MESSAGE',
  originalMessage: 'PlanCopy (fr)'
}
Error: MISSING_MESSAGE: PlanCopy (fr)
    at <unknown> (C:\Users\pc\Desktop\claudeproject\studio-manager\.next\server\chunks\ssr\_0zfb4r2._.js:1:9937)
    at <unknown> (C:\Users\pc\Desktop\claudeproject\studio-manager\.next\server\chunks\ssr\_0zfb4r2._.js:1:9969)
    at <unknown> (C:\Users\pc\Desktop\claudeproject\studio-manager\.next\server\chunks\ssr\_0zfb4r2._.js:1:10072)
    at <unknown> (C:\Users\pc\Desktop\claudeproject\studio-manager\.next\server\chunks\ssr\_0zfb4r2._.js:1:10194)
    at async m (C:\Users\pc\Desktop\claudeproject\studio-manager\.next\server\chunks\ssr\[root-of-the-server]__168ia6g._.js:1:11109) {
  code: 'MISSING_MESSAGE',
  originalMessage: 'PlanCopy (fr)'
}
Error: MISSING_MESSAGE: PlanCopy (fr)
    at <unknown> (C:\Users\pc\Desktop\claudeproject\studio-manager\.next\server\chunks\ssr\_0zfb4r2._.js:1:9937)
    at <unknown> (C:\Users\pc\Desktop\claudeproject\studio-manager\.next\server\chunks\ssr\_0zfb4r2._.js:1:9969)
    at <unknown> (C:\Users\pc\Desktop\claudeproject\studio-manager\.next\server\chunks\ssr\_0zfb4r2._.js:1:10072)
    at <unknown> (C:\Users\pc\Desktop\claudeproject\studio-manager\.next\server\chunks\ssr\_0zfb4r2._.js:1:10194)
    at async m (C:\Users\pc\Desktop\claudeproject\studio-manager\.next\server\chunks\ssr\[root-of-the-server]__168ia6g._.js:1:11109) {
  code: 'MISSING_MESSAGE',
  originalMessage: 'PlanCopy (fr)'
}
Error: MISSING_MESSAGE: PlanCopy (fr)
    at <unknown> (C:\Users\pc\Desktop\claudeproject\studio-manager\.next\server\chunks\ssr\_0zfb4r2._.js:1:9937)
    at <unknown> (C:\Users\pc\Desktop\claudeproject\studio-manager\.next\server\chunks\ssr\_0zfb4r2._.js:1:9969)
    at <unknown> (C:\Users\pc\Desktop\claudeproject\studio-manager\.next\server\chunks\ssr\_0zfb4r2._.js:1:10072)
    at <unknown> (C:\Users\pc\Desktop\claudeproject\studio-manager\.next\server\chunks\ssr\_0zfb4r2._.js:1:10194)
    at async m (C:\Users\pc\Desktop\claudeproject\studio-manager\.next\server\chunks\ssr\[root-of-the-server]__168ia6g._.js:1:11109) {
  code: 'MISSING_MESSAGE',
  originalMessage: 'PlanCopy (fr)'
}
Error: MISSING_MESSAGE: PlanCopy (fr)
    at <unknown> (C:\Users\pc\Desktop\claudeproject\studio-manager\.next\server\chunks\ssr\_0zfb4r2._.js:1:9937)
    at <unknown> (C:\Users\pc\Desktop\claudeproject\studio-manager\.next\server\chunks\ssr\_0zfb4r2._.js:1:9969)
    at <unknown> (C:\Users\pc\Desktop\claudeproject\studio-manager\.next\server\chunks\ssr\_0zfb4r2._.js:1:10072)
    at <unknown> (C:\Users\pc\Desktop\claudeproject\studio-manager\.next\server\chunks\ssr\_0zfb4r2._.js:1:10194)
    at async m (C:\Users\pc\Desktop\claudeproject\studio-manager\.next\server\chunks\ssr\[root-of-the-server]__168ia6g._.js:1:11109) {
  code: 'MISSING_MESSAGE',
  originalMessage: 'PlanCopy (fr)'
}
Error: MISSING_MESSAGE: PlanCopy (fr)
    at <unknown> (C:\Users\pc\Desktop\claudeproject\studio-manager\.next\server\chunks\ssr\_0zfb4r2._.js:1:9937)
    at <unknown> (C:\Users\pc\Desktop\claudeproject\studio-manager\.next\server\chunks\ssr\_0zfb4r2._.js:1:9969)
    at <unknown> (C:\Users\pc\Desktop\claudeproject\studio-manager\.next\server\chunks\ssr\_0zfb4r2._.js:1:10072)
    at <unknown> (C:\Users\pc\Desktop\claudeproject\studio-manager\.next\server\chunks\ssr\_0zfb4r2._.js:1:10194)
    at async m (C:\Users\pc\Desktop\claudeproject\studio-manager\.next\server\chunks\ssr\[root-of-the-server]__168ia6g._.js:1:11109) {
  code: 'MISSING_MESSAGE',
  originalMessage: 'PlanCopy (fr)'
}
Error: MISSING_MESSAGE: PlanCopy (fr)
    at <unknown> (C:\Users\pc\Desktop\claudeproject\studio-manager\.next\server\chunks\ssr\_0zfb4r2._.js:1:9937)
    at <unknown> (C:\Users\pc\Desktop\claudeproject\studio-manager\.next\server\chunks\ssr\_0zfb4r2._.js:1:9969)
    at <unknown> (C:\Users\pc\Desktop\claudeproject\studio-manager\.next\server\chunks\ssr\_0zfb4r2._.js:1:10072)
    at <unknown> (C:\Users\pc\Desktop\claudeproject\studio-manager\.next\server\chunks\ssr\_0zfb4r2._.js:1:10194)
    at async m (C:\Users\pc\Desktop\claudeproject\studio-manager\.next\server\chunks\ssr\[root-of-the-server]__168ia6g._.js:1:11109) {
  code: 'MISSING_MESSAGE',
  originalMessage: 'PlanCopy (fr)'
}
Error: MISSING_MESSAGE: PlanCopy (fr)
    at <unknown> (C:\Users\pc\Desktop\claudeproject\studio-manager\.next\server\chunks\ssr\_0zfb4r2._.js:1:9937)
    at <unknown> (C:\Users\pc\Desktop\claudeproject\studio-manager\.next\server\chunks\ssr\_0zfb4r2._.js:1:9969)
    at <unknown> (C:\Users\pc\Desktop\claudeproject\studio-manager\.next\server\chunks\ssr\_0zfb4r2._.js:1:10072)
    at <unknown> (C:\Users\pc\Desktop\claudeproject\studio-manager\.next\server\chunks\ssr\_0zfb4r2._.js:1:10194)
    at async m (C:\Users\pc\Desktop\claudeproject\studio-manager\.next\server\chunks\ssr\[root-of-the-server]__168ia6g._.js:1:11109) {
  code: 'MISSING_MESSAGE',
  originalMessage: 'PlanCopy (fr)'
}
Error: MISSING_MESSAGE: Pricing (fr)
    at <unknown> (C:\Users\pc\Desktop\claudeproject\studio-manager\.next\server\chunks\ssr\_0zfb4r2._.js:1:9937)
    at <unknown> (C:\Users\pc\Desktop\claudeproject\studio-manager\.next\server\chunks\ssr\_0zfb4r2._.js:1:9969)
    at <unknown> (C:\Users\pc\Desktop\claudeproject\studio-manager\.next\server\chunks\ssr\_0zfb4r2._.js:1:10072)
    at <unknown> (C:\Users\pc\Desktop\claudeproject\studio-manager\.next\server\chunks\ssr\_0zfb4r2._.js:1:10194)
    at async m (C:\Users\pc\Desktop\claudeproject\studio-manager\.next\server\chunks\ssr\[root-of-the-server]__168ia6g._.js:1:11068) {
  code: 'MISSING_MESSAGE',
  originalMessage: 'Pricing (fr)'
}
Error: MISSING_MESSAGE: Pricing (fr)
    at <unknown> (C:\Users\pc\Desktop\claudeproject\studio-manager\.next\server\chunks\ssr\_0zfb4r2._.js:1:9937)
    at <unknown> (C:\Users\pc\Desktop\claudeproject\studio-manager\.next\server\chunks\ssr\_0zfb4r2._.js:1:9969)
    at <unknown> (C:\Users\pc\Desktop\claudeproject\studio-manager\.next\server\chunks\ssr\_0zfb4r2._.js:1:10072)
    at <unknown> (C:\Users\pc\Desktop\claudeproject\studio-manager\.next\server\chunks\ssr\_0zfb4r2._.js:1:10194)
    at async m (C:\Users\pc\Desktop\claudeproject\studio-manager\.next\server\chunks\ssr\[root-of-the-server]__168ia6g._.js:1:11068) {
  code: 'MISSING_MESSAGE',
  originalMessage: 'Pricing (fr)'
}
Error: MISSING_MESSAGE: Pricing (fr)
    at <unknown> (C:\Users\pc\Desktop\claudeproject\studio-manager\.next\server\chunks\ssr\_0zfb4r2._.js:1:9937)
    at <unknown> (C:\Users\pc\Desktop\claudeproject\studio-manager\.next\server\chunks\ssr\_0zfb4r2._.js:1:9969)
    at <unknown> (C:\Users\pc\Desktop\claudeproject\studio-manager\.next\server\chunks\ssr\_0zfb4r2._.js:1:10072)
    at <unknown> (C:\Users\pc\Desktop\claudeproject\studio-manager\.next\server\chunks\ssr\_0zfb4r2._.js:1:10194)
    at async m (C:\Users\pc\Desktop\claudeproject\studio-manager\.next\server\chunks\ssr\[root-of-the-server]__168ia6g._.js:1:11068) {
  code: 'MISSING_MESSAGE',
  originalMessage: 'Pricing (fr)'
}
Error: MISSING_MESSAGE: Pricing (fr)
    at <unknown> (C:\Users\pc\Desktop\claudeproject\studio-manager\.next\server\chunks\ssr\_0zfb4r2._.js:1:9937)
    at <unknown> (C:\Users\pc\Desktop\claudeproject\studio-manager\.next\server\chunks\ssr\_0zfb4r2._.js:1:9969)
    at <unknown> (C:\Users\pc\Desktop\claudeproject\studio-manager\.next\server\chunks\ssr\_0zfb4r2._.js:1:10072)
    at <unknown> (C:\Users\pc\Desktop\claudeproject\studio-manager\.next\server\chunks\ssr\_0zfb4r2._.js:1:10194)
    at async m (C:\Users\pc\Desktop\claudeproject\studio-manager\.next\server\chunks\ssr\[root-of-the-server]__168ia6g._.js:1:11068) {
  code: 'MISSING_MESSAGE',
  originalMessage: 'Pricing (fr)'
}
Error: MISSING_MESSAGE: Pricing (fr)
    at <unknown> (C:\Users\pc\Desktop\claudeproject\studio-manager\.next\server\chunks\ssr\_0zfb4r2._.js:1:9937)
    at <unknown> (C:\Users\pc\Desktop\claudeproject\studio-manager\.next\server\chunks\ssr\_0zfb4r2._.js:1:9969)
    at <unknown> (C:\Users\pc\Desktop\claudeproject\studio-manager\.next\server\chunks\ssr\_0zfb4r2._.js:1:10072)
    at <unknown> (C:\Users\pc\Desktop\claudeproject\studio-manager\.next\server\chunks\ssr\_0zfb4r2._.js:1:10194)
    at async m (C:\Users\pc\Desktop\claudeproject\studio-manager\.next\server\chunks\ssr\[root-of-the-server]__168ia6g._.js:1:11068) {
  code: 'MISSING_MESSAGE',
  originalMessage: 'Pricing (fr)'
}
Error: MISSING_MESSAGE: PlanCopy (fr)
    at <unknown> (C:\Users\pc\Desktop\claudeproject\studio-manager\.next\server\chunks\ssr\_0zfb4r2._.js:1:9937)
    at <unknown> (C:\Users\pc\Desktop\claudeproject\studio-manager\.next\server\chunks\ssr\_0zfb4r2._.js:1:9969)
    at <unknown> (C:\Users\pc\Desktop\claudeproject\studio-manager\.next\server\chunks\ssr\_0zfb4r2._.js:1:10072)
    at <unknown> (C:\Users\pc\Desktop\claudeproject\studio-manager\.next\server\chunks\ssr\_0zfb4r2._.js:1:10194)
    at async m (C:\Users\pc\Desktop\claudeproject\studio-manager\.next\server\chunks\ssr\[root-of-the-server]__168ia6g._.js:1:11109) {
  code: 'MISSING_MESSAGE',
  originalMessage: 'PlanCopy (fr)'
}
Error: MISSING_MESSAGE: PlanCopy (fr)
    at <unknown> (C:\Users\pc\Desktop\claudeproject\studio-manager\.next\server\chunks\ssr\_0zfb4r2._.js:1:9937)
    at <unknown> (C:\Users\pc\Desktop\claudeproject\studio-manager\.next\server\chunks\ssr\_0zfb4r2._.js:1:9969)
    at <unknown> (C:\Users\pc\Desktop\claudeproject\studio-manager\.next\server\chunks\ssr\_0zfb4r2._.js:1:10072)
    at <unknown> (C:\Users\pc\Desktop\claudeproject\studio-manager\.next\server\chunks\ssr\_0zfb4r2._.js:1:10194)
    at async m (C:\Users\pc\Desktop\claudeproject\studio-manager\.next\server\chunks\ssr\[root-of-the-server]__168ia6g._.js:1:11109) {
  code: 'MISSING_MESSAGE',
  originalMessage: 'PlanCopy (fr)'
}
Error: MISSING_MESSAGE: PlanCopy (fr)
    at <unknown> (C:\Users\pc\Desktop\claudeproject\studio-manager\.next\server\chunks\ssr\_0zfb4r2._.js:1:9937)
    at <unknown> (C:\Users\pc\Desktop\claudeproject\studio-manager\.next\server\chunks\ssr\_0zfb4r2._.js:1:9969)
    at <unknown> (C:\Users\pc\Desktop\claudeproject\studio-manager\.next\server\chunks\ssr\_0zfb4r2._.js:1:10072)
    at <unknown> (C:\Users\pc\Desktop\claudeproject\studio-manager\.next\server\chunks\ssr\_0zfb4r2._.js:1:10194)
    at async m (C:\Users\pc\Desktop\claudeproject\studio-manager\.next\server\chunks\ssr\[root-of-the-server]__168ia6g._.js:1:11109) {
  code: 'MISSING_MESSAGE',
  originalMessage: 'PlanCopy (fr)'
}
Error: MISSING_MESSAGE: PlanCopy (fr)
    at <unknown> (C:\Users\pc\Desktop\claudeproject\studio-manager\.next\server\chunks\ssr\_0zfb4r2._.js:1:9937)
    at <unknown> (C:\Users\pc\Desktop\claudeproject\studio-manager\.next\server\chunks\ssr\_0zfb4r2._.js:1:9969)
    at <unknown> (C:\Users\pc\Desktop\claudeproject\studio-manager\.next\server\chunks\ssr\_0zfb4r2._.js:1:10072)
    at <unknown> (C:\Users\pc\Desktop\claudeproject\studio-manager\.next\server\chunks\ssr\_0zfb4r2._.js:1:10194)
    at async m (C:\Users\pc\Desktop\claudeproject\studio-manager\.next\server\chunks\ssr\[root-of-the-server]__168ia6g._.js:1:11109) {
  code: 'MISSING_MESSAGE',
  originalMessage: 'PlanCopy (fr)'
}
Error: MISSING_MESSAGE: PlanCopy (fr)
    at <unknown> (C:\Users\pc\Desktop\claudeproject\studio-manager\.next\server\chunks\ssr\_0zfb4r2._.js:1:9937)
    at <unknown> (C:\Users\pc\Desktop\claudeproject\studio-manager\.next\server\chunks\ssr\_0zfb4r2._.js:1:9969)
    at <unknown> (C:\Users\pc\Desktop\claudeproject\studio-manager\.next\server\chunks\ssr\_0zfb4r2._.js:1:10072)
    at <unknown> (C:\Users\pc\Desktop\claudeproject\studio-manager\.next\server\chunks\ssr\_0zfb4r2._.js:1:10194)
    at async m (C:\Users\pc\Desktop\claudeproject\studio-manager\.next\server\chunks\ssr\[root-of-the-server]__168ia6g._.js:1:11109) {
  code: 'MISSING_MESSAGE',
  originalMessage: 'PlanCopy (fr)'
}
Error: MISSING_MESSAGE: PlanCopy (fr)
    at <unknown> (C:\Users\pc\Desktop\claudeproject\studio-manager\.next\server\chunks\ssr\_0zfb4r2._.js:1:9937)
    at <unknown> (C:\Users\pc\Desktop\claudeproject\studio-manager\.next\server\chunks\ssr\_0zfb4r2._.js:1:9969)
    at <unknown> (C:\Users\pc\Desktop\claudeproject\studio-manager\.next\server\chunks\ssr\_0zfb4r2._.js:1:10072)
    at <unknown> (C:\Users\pc\Desktop\claudeproject\studio-manager\.next\server\chunks\ssr\_0zfb4r2._.js:1:10194)
    at async m (C:\Users\pc\Desktop\claudeproject\studio-manager\.next\server\chunks\ssr\[root-of-the-server]__168ia6g._.js:1:11109) {
  code: 'MISSING_MESSAGE',
  originalMessage: 'PlanCopy (fr)'
}
Error: MISSING_MESSAGE: PlanCopy (fr)
    at <unknown> (C:\Users\pc\Desktop\claudeproject\studio-manager\.next\server\chunks\ssr\_0zfb4r2._.js:1:9937)
    at <unknown> (C:\Users\pc\Desktop\claudeproject\studio-manager\.next\server\chunks\ssr\_0zfb4r2._.js:1:9969)
    at <unknown> (C:\Users\pc\Desktop\claudeproject\studio-manager\.next\server\chunks\ssr\_0zfb4r2._.js:1:10072)
    at <unknown> (C:\Users\pc\Desktop\claudeproject\studio-manager\.next\server\chunks\ssr\_0zfb4r2._.js:1:10194)
    at async m (C:\Users\pc\Desktop\claudeproject\studio-manager\.next\server\chunks\ssr\[root-of-the-server]__168ia6g._.js:1:11109) {
  code: 'MISSING_MESSAGE',
  originalMessage: 'PlanCopy (fr)'
}
Error: MISSING_MESSAGE: PlanCopy (fr)
    at <unknown> (C:\Users\pc\Desktop\claudeproject\studio-manager\.next\server\chunks\ssr\_0zfb4r2._.js:1:9937)
    at <unknown> (C:\Users\pc\Desktop\claudeproject\studio-manager\.next\server\chunks\ssr\_0zfb4r2._.js:1:9969)
    at <unknown> (C:\Users\pc\Desktop\claudeproject\studio-manager\.next\server\chunks\ssr\_0zfb4r2._.js:1:10072)
    at <unknown> (C:\Users\pc\Desktop\claudeproject\studio-manager\.next\server\chunks\ssr\_0zfb4r2._.js:1:10194)
    at async m (C:\Users\pc\Desktop\claudeproject\studio-manager\.next\server\chunks\ssr\[root-of-the-server]__168ia6g._.js:1:11109) {
  code: 'MISSING_MESSAGE',
  originalMessage: 'PlanCopy (fr)'
}
Error: MISSING_MESSAGE: PlanCopy (fr)
    at <unknown> (C:\Users\pc\Desktop\claudeproject\studio-manager\.next\server\chunks\ssr\_0zfb4r2._.js:1:9937)
    at <unknown> (C:\Users\pc\Desktop\claudeproject\studio-manager\.next\server\chunks\ssr\_0zfb4r2._.js:1:9969)
    at <unknown> (C:\Users\pc\Desktop\claudeproject\studio-manager\.next\server\chunks\ssr\_0zfb4r2._.js:1:10072)
    at <unknown> (C:\Users\pc\Desktop\claudeproject\studio-manager\.next\server\chunks\ssr\_0zfb4r2._.js:1:10194)
    at async m (C:\Users\pc\Desktop\claudeproject\studio-manager\.next\server\chunks\ssr\[root-of-the-server]__168ia6g._.js:1:11109) {
  code: 'MISSING_MESSAGE',
  originalMessage: 'PlanCopy (fr)'
}
Error: MISSING_MESSAGE: PlanCopy (fr)
    at <unknown> (C:\Users\pc\Desktop\claudeproject\studio-manager\.next\server\chunks\ssr\_0zfb4r2._.js:1:9937)
    at <unknown> (C:\Users\pc\Desktop\claudeproject\studio-manager\.next\server\chunks\ssr\_0zfb4r2._.js:1:9969)
    at <unknown> (C:\Users\pc\Desktop\claudeproject\studio-manager\.next\server\chunks\ssr\_0zfb4r2._.js:1:10072)
    at <unknown> (C:\Users\pc\Desktop\claudeproject\studio-manager\.next\server\chunks\ssr\_0zfb4r2._.js:1:10194)
    at async m (C:\Users\pc\Desktop\claudeproject\studio-manager\.next\server\chunks\ssr\[root-of-the-server]__168ia6g._.js:1:11109) {
  code: 'MISSING_MESSAGE',
  originalMessage: 'PlanCopy (fr)'
}
Error: MISSING_MESSAGE: PlanCopy (fr)
    at <unknown> (C:\Users\pc\Desktop\claudeproject\studio-manager\.next\server\chunks\ssr\_0zfb4r2._.js:1:9937)
    at <unknown> (C:\Users\pc\Desktop\claudeproject\studio-manager\.next\server\chunks\ssr\_0zfb4r2._.js:1:9969)
    at <unknown> (C:\Users\pc\Desktop\claudeproject\studio-manager\.next\server\chunks\ssr\_0zfb4r2._.js:1:10072)
    at <unknown> (C:\Users\pc\Desktop\claudeproject\studio-manager\.next\server\chunks\ssr\_0zfb4r2._.js:1:10194)
    at async m (C:\Users\pc\Desktop\claudeproject\studio-manager\.next\server\chunks\ssr\[root-of-the-server]__168ia6g._.js:1:11109) {
  code: 'MISSING_MESSAGE',
  originalMessage: 'PlanCopy (fr)'
}
Error: MISSING_MESSAGE: Pricing (fr)
    at <unknown> (C:\Users\pc\Desktop\claudeproject\studio-manager\.next\server\chunks\ssr\_0zfb4r2._.js:1:9937)
    at <unknown> (C:\Users\pc\Desktop\claudeproject\studio-manager\.next\server\chunks\ssr\_0zfb4r2._.js:1:9969)
    at <unknown> (C:\Users\pc\Desktop\claudeproject\studio-manager\.next\server\chunks\ssr\_0zfb4r2._.js:1:10072)
    at <unknown> (C:\Users\pc\Desktop\claudeproject\studio-manager\.next\server\chunks\ssr\_0zfb4r2._.js:1:10194)
    at async m (C:\Users\pc\Desktop\claudeproject\studio-manager\.next\server\chunks\ssr\[root-of-the-server]__168ia6g._.js:1:11068) {
  code: 'MISSING_MESSAGE',
  originalMessage: 'Pricing (fr)'
}
Error: MISSING_MESSAGE: Pricing (fr)
    at <unknown> (C:\Users\pc\Desktop\claudeproject\studio-manager\.next\server\chunks\ssr\_0zfb4r2._.js:1:9937)
    at <unknown> (C:\Users\pc\Desktop\claudeproject\studio-manager\.next\server\chunks\ssr\_0zfb4r2._.js:1:9969)
    at <unknown> (C:\Users\pc\Desktop\claudeproject\studio-manager\.next\server\chunks\ssr\_0zfb4r2._.js:1:10072)
    at <unknown> (C:\Users\pc\Desktop\claudeproject\studio-manager\.next\server\chunks\ssr\_0zfb4r2._.js:1:10194)
    at async m (C:\Users\pc\Desktop\claudeproject\studio-manager\.next\server\chunks\ssr\[root-of-the-server]__168ia6g._.js:1:11068) {
  code: 'MISSING_MESSAGE',
  originalMessage: 'Pricing (fr)'
}
Error: MISSING_MESSAGE: Pricing (fr)
    at <unknown> (C:\Users\pc\Desktop\claudeproject\studio-manager\.next\server\chunks\ssr\_0zfb4r2._.js:1:9937)
    at <unknown> (C:\Users\pc\Desktop\claudeproject\studio-manager\.next\server\chunks\ssr\_0zfb4r2._.js:1:9969)
    at <unknown> (C:\Users\pc\Desktop\claudeproject\studio-manager\.next\server\chunks\ssr\_0zfb4r2._.js:1:10072)
    at <unknown> (C:\Users\pc\Desktop\claudeproject\studio-manager\.next\server\chunks\ssr\_0zfb4r2._.js:1:10194)
    at async m (C:\Users\pc\Desktop\claudeproject\studio-manager\.next\server\chunks\ssr\[root-of-the-server]__168ia6g._.js:1:11068) {
  code: 'MISSING_MESSAGE',
  originalMessage: 'Pricing (fr)'
}
Error: MISSING_MESSAGE: Pricing (fr)
    at <unknown> (C:\Users\pc\Desktop\claudeproject\studio-manager\.next\server\chunks\ssr\_0zfb4r2._.js:1:9937)
    at <unknown> (C:\Users\pc\Desktop\claudeproject\studio-manager\.next\server\chunks\ssr\_0zfb4r2._.js:1:9969)
    at <unknown> (C:\Users\pc\Desktop\claudeproject\studio-manager\.next\server\chunks\ssr\_0zfb4r2._.js:1:10072)
    at <unknown> (C:\Users\pc\Desktop\claudeproject\studio-manager\.next\server\chunks\ssr\_0zfb4r2._.js:1:10194)
    at async m (C:\Users\pc\Desktop\claudeproject\studio-manager\.next\server\chunks\ssr\[root-of-the-server]__168ia6g._.js:1:11068) {
  code: 'MISSING_MESSAGE',
  originalMessage: 'Pricing (fr)'
}
Error: MISSING_MESSAGE: Pricing (fr)
    at <unknown> (C:\Users\pc\Desktop\claudeproject\studio-manager\.next\server\chunks\ssr\_0zfb4r2._.js:1:9937)
    at <unknown> (C:\Users\pc\Desktop\claudeproject\studio-manager\.next\server\chunks\ssr\_0zfb4r2._.js:1:9969)
    at <unknown> (C:\Users\pc\Desktop\claudeproject\studio-manager\.next\server\chunks\ssr\_0zfb4r2._.js:1:10072)
    at <unknown> (C:\Users\pc\Desktop\claudeproject\studio-manager\.next\server\chunks\ssr\_0zfb4r2._.js:1:10194)
    at async m (C:\Users\pc\Desktop\claudeproject\studio-manager\.next\server\chunks\ssr\[root-of-the-server]__168ia6g._.js:1:11068) {
  code: 'MISSING_MESSAGE',
  originalMessage: 'Pricing (fr)'
}
Error: MISSING_MESSAGE: Pricing (fr)
    at <unknown> (C:\Users\pc\Desktop\claudeproject\studio-manager\.next\server\chunks\ssr\_0zfb4r2._.js:1:9937)
    at <unknown> (C:\Users\pc\Desktop\claudeproject\studio-manager\.next\server\chunks\ssr\_0zfb4r2._.js:1:9969)
    at <unknown> (C:\Users\pc\Desktop\claudeproject\studio-manager\.next\server\chunks\ssr\_0zfb4r2._.js:1:10072)
    at <unknown> (C:\Users\pc\Desktop\claudeproject\studio-manager\.next\server\chunks\ssr\_0zfb4r2._.js:1:10194)
    at async m (C:\Users\pc\Desktop\claudeproject\studio-manager\.next\server\chunks\ssr\[root-of-the-server]__168ia6g._.js:1:11068) {
  code: 'MISSING_MESSAGE',
  originalMessage: 'Pricing (fr)'
}
Error: MISSING_MESSAGE: Pricing (fr)
    at <unknown> (C:\Users\pc\Desktop\claudeproject\studio-manager\.next\server\chunks\ssr\_0zfb4r2._.js:1:9937)
    at <unknown> (C:\Users\pc\Desktop\claudeproject\studio-manager\.next\server\chunks\ssr\_0zfb4r2._.js:1:9969)
    at <unknown> (C:\Users\pc\Desktop\claudeproject\studio-manager\.next\server\chunks\ssr\_0zfb4r2._.js:1:10072)
    at <unknown> (C:\Users\pc\Desktop\claudeproject\studio-manager\.next\server\chunks\ssr\_0zfb4r2._.js:1:10194)
    at async m (C:\Users\pc\Desktop\claudeproject\studio-manager\.next\server\chunks\ssr\[root-of-the-server]__168ia6g._.js:1:11068) {
  code: 'MISSING_MESSAGE',
  originalMessage: 'Pricing (fr)'
}
Error: MISSING_MESSAGE: Pricing (fr)
    at <unknown> (C:\Users\pc\Desktop\claudeproject\studio-manager\.next\server\chunks\ssr\_0zfb4r2._.js:1:9937)
    at <unknown> (C:\Users\pc\Desktop\claudeproject\studio-manager\.next\server\chunks\ssr\_0zfb4r2._.js:1:9969)
    at <unknown> (C:\Users\pc\Desktop\claudeproject\studio-manager\.next\server\chunks\ssr\_0zfb4r2._.js:1:10072)
    at <unknown> (C:\Users\pc\Desktop\claudeproject\studio-manager\.next\server\chunks\ssr\_0zfb4r2._.js:1:10194)
    at async m (C:\Users\pc\Desktop\claudeproject\studio-manager\.next\server\chunks\ssr\[root-of-the-server]__168ia6g._.js:1:11068) {
  code: 'MISSING_MESSAGE',
  originalMessage: 'Pricing (fr)'
}
Error: MISSING_MESSAGE: Pricing (fr)
    at <unknown> (C:\Users\pc\Desktop\claudeproject\studio-manager\.next\server\chunks\ssr\_0zfb4r2._.js:1:9937)
    at <unknown> (C:\Users\pc\Desktop\claudeproject\studio-manager\.next\server\chunks\ssr\_0zfb4r2._.js:1:9969)
    at <unknown> (C:\Users\pc\Desktop\claudeproject\studio-manager\.next\server\chunks\ssr\_0zfb4r2._.js:1:10072)
    at <unknown> (C:\Users\pc\Desktop\claudeproject\studio-manager\.next\server\chunks\ssr\_0zfb4r2._.js:1:10194)
    at async m (C:\Users\pc\Desktop\claudeproject\studio-manager\.next\server\chunks\ssr\[root-of-the-server]__168ia6g._.js:1:11068) {
  code: 'MISSING_MESSAGE',
  originalMessage: 'Pricing (fr)'
}
Error: MISSING_MESSAGE: Pricing (fr)
    at <unknown> (C:\Users\pc\Desktop\claudeproject\studio-manager\.next\server\chunks\ssr\_0zfb4r2._.js:1:9937)
    at <unknown> (C:\Users\pc\Desktop\claudeproject\studio-manager\.next\server\chunks\ssr\_0zfb4r2._.js:1:9969)
    at <unknown> (C:\Users\pc\Desktop\claudeproject\studio-manager\.next\server\chunks\ssr\_0zfb4r2._.js:1:10072)
    at <unknown> (C:\Users\pc\Desktop\claudeproject\studio-manager\.next\server\chunks\ssr\_0zfb4r2._.js:1:10194)
    at async m (C:\Users\pc\Desktop\claudeproject\studio-manager\.next\server\chunks\ssr\[root-of-the-server]__168ia6g._.js:1:11068) {
  code: 'MISSING_MESSAGE',
  originalMessage: 'Pricing (fr)'
}
Error: MISSING_MESSAGE: Pricing (fr)
    at <unknown> (C:\Users\pc\Desktop\claudeproject\studio-manager\.next\server\chunks\ssr\_0zfb4r2._.js:1:9937)
    at <unknown> (C:\Users\pc\Desktop\claudeproject\studio-manager\.next\server\chunks\ssr\_0zfb4r2._.js:1:9969)
    at <unknown> (C:\Users\pc\Desktop\claudeproject\studio-manager\.next\server\chunks\ssr\_0zfb4r2._.js:1:10072)
    at <unknown> (C:\Users\pc\Desktop\claudeproject\studio-manager\.next\server\chunks\ssr\_0zfb4r2._.js:1:10194)
    at async m (C:\Users\pc\Desktop\claudeproject\studio-manager\.next\server\chunks\ssr\[root-of-the-server]__168ia6g._.js:1:11068) {
  code: 'MISSING_MESSAGE',
  originalMessage: 'Pricing (fr)'
}
Error: MISSING_MESSAGE: Pricing (fr)
    at <unknown> (C:\Users\pc\Desktop\claudeproject\studio-manager\.next\server\chunks\ssr\_0zfb4r2._.js:1:9937)
    at <unknown> (C:\Users\pc\Desktop\claudeproject\studio-manager\.next\server\chunks\ssr\_0zfb4r2._.js:1:9969)
    at <unknown> (C:\Users\pc\Desktop\claudeproject\studio-manager\.next\server\chunks\ssr\_0zfb4r2._.js:1:10072)
    at <unknown> (C:\Users\pc\Desktop\claudeproject\studio-manager\.next\server\chunks\ssr\_0zfb4r2._.js:1:10194)
    at async m (C:\Users\pc\Desktop\claudeproject\studio-manager\.next\server\chunks\ssr\[root-of-the-server]__168ia6g._.js:1:11068) {
  code: 'MISSING_MESSAGE',
  originalMessage: 'Pricing (fr)'
}
Error: MISSING_MESSAGE: Pricing (fr)
    at <unknown> (C:\Users\pc\Desktop\claudeproject\studio-manager\.next\server\chunks\ssr\_0zfb4r2._.js:1:9937)
    at <unknown> (C:\Users\pc\Desktop\claudeproject\studio-manager\.next\server\chunks\ssr\_0zfb4r2._.js:1:9969)
    at <unknown> (C:\Users\pc\Desktop\claudeproject\studio-manager\.next\server\chunks\ssr\_0zfb4r2._.js:1:10072)
    at <unknown> (C:\Users\pc\Desktop\claudeproject\studio-manager\.next\server\chunks\ssr\_0zfb4r2._.js:1:10194)
    at async m (C:\Users\pc\Desktop\claudeproject\studio-manager\.next\server\chunks\ssr\[root-of-the-server]__168ia6g._.js:1:11068) {
  code: 'MISSING_MESSAGE',
  originalMessage: 'Pricing (fr)'
}
Error: MISSING_MESSAGE: Pricing (fr)
    at <unknown> (C:\Users\pc\Desktop\claudeproject\studio-manager\.next\server\chunks\ssr\_0zfb4r2._.js:1:9937)
    at <unknown> (C:\Users\pc\Desktop\claudeproject\studio-manager\.next\server\chunks\ssr\_0zfb4r2._.js:1:9969)
    at <unknown> (C:\Users\pc\Desktop\claudeproject\studio-manager\.next\server\chunks\ssr\_0zfb4r2._.js:1:10072)
    at <unknown> (C:\Users\pc\Desktop\claudeproject\studio-manager\.next\server\chunks\ssr\_0zfb4r2._.js:1:10194)
    at async m (C:\Users\pc\Desktop\claudeproject\studio-manager\.next\server\chunks\ssr\[root-of-the-server]__168ia6g._.js:1:11068) {
  code: 'MISSING_MESSAGE',
  originalMessage: 'Pricing (fr)'
}
Error: MISSING_MESSAGE: Pricing (fr)
    at <unknown> (C:\Users\pc\Desktop\claudeproject\studio-manager\.next\server\chunks\ssr\_0zfb4r2._.js:1:9937)
    at <unknown> (C:\Users\pc\Desktop\claudeproject\studio-manager\.next\server\chunks\ssr\_0zfb4r2._.js:1:9969)
    at <unknown> (C:\Users\pc\Desktop\claudeproject\studio-manager\.next\server\chunks\ssr\_0zfb4r2._.js:1:10072)
    at <unknown> (C:\Users\pc\Desktop\claudeproject\studio-manager\.next\server\chunks\ssr\_0zfb4r2._.js:1:10194)
    at async Module.l [as generateMetadata] (C:\Users\pc\Desktop\claudeproject\studio-manager\.next\server\chunks\ssr\[root-of-the-server]__168ia6g._.js:1:10571) {
  code: 'MISSING_MESSAGE',
  originalMessage: 'Pricing (fr)'
}
Error: MISSING_MESSAGE: Pricing (fr)
    at <unknown> (C:\Users\pc\Desktop\claudeproject\studio-manager\.next\server\chunks\ssr\_0zfb4r2._.js:1:9937)
    at <unknown> (C:\Users\pc\Desktop\claudeproject\studio-manager\.next\server\chunks\ssr\_0zfb4r2._.js:1:9969)
    at <unknown> (C:\Users\pc\Desktop\claudeproject\studio-manager\.next\server\chunks\ssr\_0zfb4r2._.js:1:10072)
    at <unknown> (C:\Users\pc\Desktop\claudeproject\studio-manager\.next\server\chunks\ssr\_0zfb4r2._.js:1:10194)
    at async Module.l [as generateMetadata] (C:\Users\pc\Desktop\claudeproject\studio-manager\.next\server\chunks\ssr\[root-of-the-server]__168ia6g._.js:1:10571) {
  code: 'MISSING_MESSAGE',
  originalMessage: 'Pricing (fr)'
}
Error: MISSING_MESSAGE: Pricing (fr)
    at <unknown> (C:\Users\pc\Desktop\claudeproject\studio-manager\.next\server\chunks\ssr\_0zfb4r2._.js:1:9937)
    at <unknown> (C:\Users\pc\Desktop\claudeproject\studio-manager\.next\server\chunks\ssr\_0zfb4r2._.js:1:9969)
    at <unknown> (C:\Users\pc\Desktop\claudeproject\studio-manager\.next\server\chunks\ssr\_0zfb4r2._.js:1:10072)
    at <unknown> (C:\Users\pc\Desktop\claudeproject\studio-manager\.next\server\chunks\ssr\_0zfb4r2._.js:1:10194)
    at async Module.l [as generateMetadata] (C:\Users\pc\Desktop\claudeproject\studio-manager\.next\server\chunks\ssr\[root-of-the-server]__168ia6g._.js:1:10571) {
  code: 'MISSING_MESSAGE',
  originalMessage: 'Pricing (fr)'
}
Error: MISSING_MESSAGE: Pricing (fr)
    at <unknown> (C:\Users\pc\Desktop\claudeproject\studio-manager\.next\server\chunks\ssr\_0zfb4r2._.js:1:9937)
    at <unknown> (C:\Users\pc\Desktop\claudeproject\studio-manager\.next\server\chunks\ssr\_0zfb4r2._.js:1:9969)
    at <unknown> (C:\Users\pc\Desktop\claudeproject\studio-manager\.next\server\chunks\ssr\_0zfb4r2._.js:1:10072)
    at <unknown> (C:\Users\pc\Desktop\claudeproject\studio-manager\.next\server\chunks\ssr\_0zfb4r2._.js:1:10194)
    at async Module.l [as generateMetadata] (C:\Users\pc\Desktop\claudeproject\studio-manager\.next\server\chunks\ssr\[root-of-the-server]__168ia6g._.js:1:10571) {
  code: 'MISSING_MESSAGE',
  originalMessage: 'Pricing (fr)'
}
Error: MISSING_MESSAGE: Pricing (fr)
    at <unknown> (C:\Users\pc\Desktop\claudeproject\studio-manager\.next\server\chunks\ssr\_0zfb4r2._.js:1:9937)
    at <unknown> (C:\Users\pc\Desktop\claudeproject\studio-manager\.next\server\chunks\ssr\_0zfb4r2._.js:1:9969)
    at <unknown> (C:\Users\pc\Desktop\claudeproject\studio-manager\.next\server\chunks\ssr\_0zfb4r2._.js:1:10072)
    at <unknown> (C:\Users\pc\Desktop\claudeproject\studio-manager\.next\server\chunks\ssr\_0zfb4r2._.js:1:10194)
    at async Module.l [as generateMetadata] (C:\Users\pc\Desktop\claudeproject\studio-manager\.next\server\chunks\ssr\[root-of-the-server]__168ia6g._.js:1:10571) {
  code: 'MISSING_MESSAGE',
  originalMessage: 'Pricing (fr)'
}
Error: MISSING_MESSAGE: Pricing (fr)
    at <unknown> (C:\Users\pc\Desktop\claudeproject\studio-manager\.next\server\chunks\ssr\_0zfb4r2._.js:1:9937)
    at <unknown> (C:\Users\pc\Desktop\claudeproject\studio-manager\.next\server\chunks\ssr\_0zfb4r2._.js:1:9969)
    at <unknown> (C:\Users\pc\Desktop\claudeproject\studio-manager\.next\server\chunks\ssr\_0zfb4r2._.js:1:10072)
    at <unknown> (C:\Users\pc\Desktop\claudeproject\studio-manager\.next\server\chunks\ssr\_0zfb4r2._.js:1:10194)
    at async Module.l [as generateMetadata] (C:\Users\pc\Desktop\claudeproject\studio-manager\.next\server\chunks\ssr\[root-of-the-server]__168ia6g._.js:1:10571) {
  code: 'MISSING_MESSAGE',
  originalMessage: 'Pricing (fr)'
}
Error: MISSING_MESSAGE: PricingCards (fr)
    at <unknown> (C:\Users\pc\Desktop\claudeproject\studio-manager\.next\server\chunks\ssr\_0tgc1f4._.js:1:4479)
    at <unknown> (C:\Users\pc\Desktop\claudeproject\studio-manager\.next\server\chunks\ssr\_1pmahxq._.js:1:4648) {
  code: 'MISSING_MESSAGE',
  originalMessage: 'PricingCards (fr)'
}
Error: MISSING_MESSAGE: PricingCards (fr)
    at <unknown> (C:\Users\pc\Desktop\claudeproject\studio-manager\.next\server\chunks\ssr\_0tgc1f4._.js:1:4479)
    at <unknown> (C:\Users\pc\Desktop\claudeproject\studio-manager\.next\server\chunks\ssr\_1pmahxq._.js:1:4648) {
  code: 'MISSING_MESSAGE',
  originalMessage: 'PricingCards (fr)'
}
Error: MISSING_MESSAGE: PricingCards (fr)
    at <unknown> (C:\Users\pc\Desktop\claudeproject\studio-manager\.next\server\chunks\ssr\_0tgc1f4._.js:1:4479)
    at <unknown> (C:\Users\pc\Desktop\claudeproject\studio-manager\.next\server\chunks\ssr\_1pmahxq._.js:1:4648) {
  code: 'MISSING_MESSAGE',
  originalMessage: 'PricingCards (fr)'
}
Error: MISSING_MESSAGE: PricingCards (fr)
    at <unknown> (C:\Users\pc\Desktop\claudeproject\studio-manager\.next\server\chunks\ssr\_0tgc1f4._.js:1:4479)
    at <unknown> (C:\Users\pc\Desktop\claudeproject\studio-manager\.next\server\chunks\ssr\_1pmahxq._.js:1:4648) {
  code: 'MISSING_MESSAGE',
  originalMessage: 'PricingCards (fr)'
}
Error: MISSING_MESSAGE: PricingCards (fr)
    at <unknown> (C:\Users\pc\Desktop\claudeproject\studio-manager\.next\server\chunks\ssr\_0tgc1f4._.js:1:4479)
    at <unknown> (C:\Users\pc\Desktop\claudeproject\studio-manager\.next\server\chunks\ssr\_1pmahxq._.js:1:4648) {
  code: 'MISSING_MESSAGE',
  originalMessage: 'PricingCards (fr)'
}
Error: MISSING_MESSAGE: PricingSecondary (fr)
    at <unknown> (C:\Users\pc\Desktop\claudeproject\studio-manager\.next\server\chunks\ssr\_0tgc1f4._.js:1:4479)
    at <unknown> (C:\Users\pc\Desktop\claudeproject\studio-manager\.next\server\chunks\ssr\_1pmahxq._.js:1:9761) {
  code: 'MISSING_MESSAGE',
  originalMessage: 'PricingSecondary (fr)'
}
Error: MISSING_MESSAGE: PricingSecondary (fr)
    at <unknown> (C:\Users\pc\Desktop\claudeproject\studio-manager\.next\server\chunks\ssr\_0tgc1f4._.js:1:4479)
    at <unknown> (C:\Users\pc\Desktop\claudeproject\studio-manager\.next\server\chunks\ssr\_1pmahxq._.js:1:9761) {
  code: 'MISSING_MESSAGE',
  originalMessage: 'PricingSecondary (fr)'
}
Error: MISSING_MESSAGE: PricingSecondary (fr)
    at <unknown> (C:\Users\pc\Desktop\claudeproject\studio-manager\.next\server\chunks\ssr\_0tgc1f4._.js:1:4479)
    at <unknown> (C:\Users\pc\Desktop\claudeproject\studio-manager\.next\server\chunks\ssr\_1pmahxq._.js:1:9761) {
  code: 'MISSING_MESSAGE',
  originalMessage: 'PricingSecondary (fr)'
}
Error: MISSING_MESSAGE: PricingSecondary (fr)
    at <unknown> (C:\Users\pc\Desktop\claudeproject\studio-manager\.next\server\chunks\ssr\_0tgc1f4._.js:1:4479)
    at <unknown> (C:\Users\pc\Desktop\claudeproject\studio-manager\.next\server\chunks\ssr\_1pmahxq._.js:1:9761) {
  code: 'MISSING_MESSAGE',
  originalMessage: 'PricingSecondary (fr)'
}
Error: MISSING_MESSAGE: PricingSecondary (fr)
    at <unknown> (C:\Users\pc\Desktop\claudeproject\studio-manager\.next\server\chunks\ssr\_0tgc1f4._.js:1:4479)
    at <unknown> (C:\Users\pc\Desktop\claudeproject\studio-manager\.next\server\chunks\ssr\_1pmahxq._.js:1:9761) {
  code: 'MISSING_MESSAGE',
  originalMessage: 'PricingSecondary (fr)'
}
Error: MISSING_MESSAGE: PricingSecondary (fr)
    at <unknown> (C:\Users\pc\Desktop\claudeproject\studio-manager\.next\server\chunks\ssr\_0tgc1f4._.js:1:4479)
    at <unknown> (C:\Users\pc\Desktop\claudeproject\studio-manager\.next\server\chunks\ssr\_1pmahxq._.js:1:9761) {
  code: 'MISSING_MESSAGE',
  originalMessage: 'PricingSecondary (fr)'
}
  Generating static pages using 11 workers (45/61) 
Γ£ô Generating static pages using 11 workers (61/61) in 1773ms
  Finalizing page optimization ...

Route (app)
Γöî Γùï /
Γö£ Γùï /_not-found
Γö£ ΓùÅ /[locale]
Γöé Γö£ /en
Γöé Γöö /fr
Γö£ ΓùÅ /[locale]/about
Γöé Γö£ /en/about
Γöé Γöö /fr/about
Γö£ ΓùÅ /[locale]/auth/complete
Γöé Γö£ /en/auth/complete
Γöé Γöö /fr/auth/complete
Γö£ ΓùÅ /[locale]/blog
Γöé Γö£ /en/blog
Γöé Γöö /fr/blog
Γö£ ΓùÅ /[locale]/blog/[slug]
Γöé Γö£ /en/blog/client-public-view-interior-design
Γöé Γö£ /en/blog/interior-studio-workflow
Γöé Γö£ /en/blog/lighting-in-layers
Γöé Γöö [+5 more paths]
Γö£ ╞Æ /[locale]/callback
Γö£ ΓùÅ /[locale]/contact
Γöé Γö£ /en/contact
Γöé Γöö /fr/contact
Γö£ ΓùÅ /[locale]/demo
Γöé Γö£ /en/demo
Γöé Γöö /fr/demo
Γö£ ΓùÅ /[locale]/legal
Γöé Γö£ /en/legal
Γöé Γöö /fr/legal
Γö£ ΓùÅ /[locale]/plan-base
Γöé Γö£ /en/plan-base
Γöé Γöö /fr/plan-base
Γö£ ΓùÅ /[locale]/plan-pro
Γöé Γö£ /en/plan-pro
Γöé Γöö /fr/plan-pro
Γö£ ΓùÅ /[locale]/plan-studio
Γöé Γö£ /en/plan-studio
Γöé Γöö /fr/plan-studio
Γö£ ΓùÅ /[locale]/pricing
Γöé Γö£ /en/pricing
Γöé Γöö /fr/pricing
Γö£ ΓùÅ /[locale]/sign-in
Γöé Γö£ /en/sign-in
Γöé Γöö /fr/sign-in
Γö£ ╞Æ /[locale]/sign-up
Γö£ ΓùÅ /[locale]/test-error
Γöé Γö£ /en/test-error
Γöé Γöö /fr/test-error
Γö£ ╞Æ /api/account/delete
Γö£ ╞Æ /api/auth/demo-request
Γö£ ╞Æ /api/auth/magic-link
Γö£ ╞Æ /api/blog/locale-target
Γö£ ╞Æ /api/storage/backfill-product-sizes
Γö£ ╞Æ /api/upload/document
Γö£ ╞Æ /api/upload/product-image
Γö£ ╞Æ /api/upload/space-image
Γö£ Γùï /opengraph-image
Γö£ Γùï /robots.txt
Γö£ Γùï /sitemap.xml
Γö£ ╞Æ /veta-app/catalog
Γö£ ╞Æ /veta-app/clients
Γö£ ╞Æ /veta-app/dashboard
Γö£ ╞Æ /veta-app/profile
Γö£ ╞Æ /veta-app/projects
Γö£ ╞Æ /veta-app/projects/[id]
Γö£ ╞Æ /veta-app/projects/[id]/documents
Γö£ ╞Æ /veta-app/projects/[id]/expenses
Γö£ ╞Æ /veta-app/projects/[id]/notes
Γö£ ╞Æ /veta-app/projects/[id]/payments
Γö£ ╞Æ /veta-app/projects/[id]/purchases
Γö£ ╞Æ /veta-app/projects/[id]/quotation
Γö£ ╞Æ /veta-app/projects/[id]/spaces
Γö£ ╞Æ /veta-app/settings
Γö£ ╞Æ /veta-app/settings/account
Γö£ ╞Æ /veta-app/settings/customization
Γö£ ╞Æ /veta-app/settings/plan
Γö£ ╞Æ /veta-app/settings/plan/change
Γö£ ╞Æ /veta-app/suppliers
Γö£ ╞Æ /view-project/[token]
Γö£ ╞Æ /view-project/[token]/costs
Γö£ ╞Æ /view-project/[token]/documents
Γö£ ╞Æ /view-project/[token]/payments
Γöö ╞Æ /view-project/[token]/spaces


Γùï  (Static)   prerendered as static content
ΓùÅ  (SSG)      prerendered as static HTML (uses generateStaticParams)
╞Æ  (Dynamic)  server-rendered on demand

